[0.016s][info][gc,heap] Heap region size: 2M
[0.020s][info][gc     ] Using G1
[0.021s][info][gc,heap,coops] Heap address: 0x0000000489200000, size: 14190 MB, Compressed Oops mode: Zero based, Oop shift amount: 3
[0.595s][info][gc,start     ] GC(0) Pause Young (Normal) (G1 Evacuation Pause)
[0.598s][info][gc,task      ] GC(0) Using 8 workers of 9 for evacuation
[0.609s][info][gc,phases    ] GC(0)   Pre Evacuate Collection Set: 0.1ms
[0.609s][info][gc,phases    ] GC(0)   Evacuate Collection Set: 8.3ms
[0.610s][info][gc,phases    ] GC(0)   Post Evacuate Collection Set: 1.0ms
[0.611s][info][gc,phases    ] GC(0)   Other: 3.8ms
[0.612s][info][gc,heap      ] GC(0) Eden regions: 12->0(93)
[0.612s][info][gc,heap      ] GC(0) Survivor regions: 0->2(2)
[0.613s][info][gc,heap      ] GC(0) Old regions: 0->2
[0.614s][info][gc,heap      ] GC(0) Humongous regions: 0->0
[0.614s][info][gc,metaspace ] GC(0) Metaspace: 17501K->17501K(1064960K)
[0.615s][info][gc           ] GC(0) Pause Young (Normal) (G1 Evacuation Pause) 24M->7M(318M) 19.738ms
[0.616s][info][gc,cpu       ] GC(0) User=0.05s Sys=0.01s Real=0.03s
[0.682s][info][gc,start     ] GC(1) Pause Young (Concurrent Start) (Metadata GC Threshold)
[0.684s][info][gc,task      ] GC(1) Using 8 workers of 9 for evacuation
[0.691s][info][gc,phases    ] GC(1)   Pre Evacuate Collection Set: 0.1ms
[0.692s][info][gc,phases    ] GC(1)   Evacuate Collection Set: 5.0ms
[0.693s][info][gc,phases    ] GC(1)   Post Evacuate Collection Set: 1.0ms
[0.694s][info][gc,phases    ] GC(1)   Other: 3.0ms
[0.694s][info][gc,heap      ] GC(1) Eden regions: 5->0(23)
[0.695s][info][gc,heap      ] GC(1) Survivor regions: 2->1(2)
[0.696s][info][gc,heap      ] GC(1) Old regions: 2->4
[0.697s][info][gc,heap      ] GC(1) Humongous regions: 0->0
[0.698s][info][gc,metaspace ] GC(1) Metaspace: 20651K->20651K(1069056K)
[0.698s][info][gc           ] GC(1) Pause Young (Concurrent Start) (Metadata GC Threshold) 16M->7M(318M) 16.281ms
[0.699s][info][gc,cpu       ] GC(1) User=0.03s Sys=0.01s Real=0.02s
[0.700s][info][gc           ] GC(2) Concurrent Cycle
[0.701s][info][gc,marking   ] GC(2) Concurrent Clear Claimed Marks
[0.701s][info][gc,marking   ] GC(2) Concurrent Clear Claimed Marks 0.541ms
[0.703s][info][gc,marking   ] GC(2) Concurrent Scan Root Regions
[0.704s][info][gc,marking   ] GC(2) Concurrent Scan Root Regions 1.583ms
[0.705s][info][gc,marking   ] GC(2) Concurrent Mark (0.705s)
[0.705s][info][gc,marking   ] GC(2) Concurrent Mark From Roots
[0.706s][info][gc,task      ] GC(2) Using 2 workers of 2 for marking
[0.712s][info][gc,marking   ] GC(2) Concurrent Mark From Roots 6.343ms
[0.712s][info][gc,marking   ] GC(2) Concurrent Preclean
[0.713s][info][gc,marking   ] GC(2) Concurrent Preclean 0.783ms
[0.714s][info][gc,marking   ] GC(2) Concurrent Mark (0.705s, 0.714s) 8.933ms
[0.716s][info][gc,start     ] GC(2) Pause Remark
[0.719s][info][gc,stringtable] GC(2) Cleaned string and symbol table, strings: 9064 processed, 11 removed, symbols: 73396 processed, 28 removed
[0.721s][info][gc            ] GC(2) Pause Remark 9M->9M(318M) 5.192ms
[0.722s][info][gc,cpu        ] GC(2) User=0.01s Sys=0.01s Real=0.00s
[0.723s][info][gc,marking    ] GC(2) Concurrent Rebuild Remembered Sets
[0.726s][info][gc,marking    ] GC(2) Concurrent Rebuild Remembered Sets 3.407ms
[0.728s][info][gc,start      ] GC(2) Pause Cleanup
[0.729s][info][gc            ] GC(2) Pause Cleanup 9M->9M(318M) 1.107ms
[0.729s][info][gc,cpu        ] GC(2) User=0.00s Sys=0.01s Real=0.00s
[0.730s][info][gc,marking    ] GC(2) Concurrent Cleanup for Next Mark
[0.733s][info][gc,marking    ] GC(2) Concurrent Cleanup for Next Mark 2.446ms
[0.733s][info][gc            ] GC(2) Concurrent Cycle 33.405ms
[1.335s][info][gc,start      ] GC(3) Pause Young (Concurrent Start) (Metadata GC Threshold)
[1.336s][info][gc,task       ] GC(3) Using 9 workers of 9 for evacuation
[1.355s][info][gc,phases     ] GC(3)   Pre Evacuate Collection Set: 0.1ms
[1.356s][info][gc,phases     ] GC(3)   Evacuate Collection Set: 16.4ms
[1.357s][info][gc,phases     ] GC(3)   Post Evacuate Collection Set: 1.2ms
[1.357s][info][gc,phases     ] GC(3)   Other: 2.6ms
[1.359s][info][gc,heap       ] GC(3) Eden regions: 23->0(29)
[1.360s][info][gc,heap       ] GC(3) Survivor regions: 1->3(3)
[1.361s][info][gc,heap       ] GC(3) Old regions: 4->8
[1.362s][info][gc,heap       ] GC(3) Humongous regions: 0->0
[1.363s][info][gc,metaspace  ] GC(3) Metaspace: 35561K->35561K(1081344K)
[1.364s][info][gc            ] GC(3) Pause Young (Concurrent Start) (Metadata GC Threshold) 52M->21M(318M) 28.808ms
[1.364s][info][gc,cpu        ] GC(3) User=0.05s Sys=0.01s Real=0.03s
[1.365s][info][gc            ] GC(4) Concurrent Cycle
[1.366s][info][gc,marking    ] GC(4) Concurrent Clear Claimed Marks
[1.367s][info][gc,marking    ] GC(4) Concurrent Clear Claimed Marks 0.905ms
[1.367s][info][gc,marking    ] GC(4) Concurrent Scan Root Regions
[1.370s][info][gc,marking    ] GC(4) Concurrent Scan Root Regions 2.466ms
[1.371s][info][gc,marking    ] GC(4) Concurrent Mark (1.371s)
[1.371s][info][gc,marking    ] GC(4) Concurrent Mark From Roots
[1.372s][info][gc,task       ] GC(4) Using 2 workers of 2 for marking
[1.393s][info][gc,marking    ] GC(4) Concurrent Mark From Roots 21.541ms
[1.394s][info][gc,marking    ] GC(4) Concurrent Preclean
[1.395s][info][gc,marking    ] GC(4) Concurrent Preclean 1.002ms
[1.395s][info][gc,marking    ] GC(4) Concurrent Mark (1.371s, 1.395s) 24.567ms
[1.397s][info][gc,start      ] GC(4) Pause Remark
[1.401s][info][gc,stringtable] GC(4) Cleaned string and symbol table, strings: 16610 processed, 4 removed, symbols: 117115 processed, 94 removed
[1.403s][info][gc            ] GC(4) Pause Remark 25M->25M(318M) 5.988ms
[1.403s][info][gc,cpu        ] GC(4) User=0.02s Sys=0.00s Real=0.00s
[1.404s][info][gc,marking    ] GC(4) Concurrent Rebuild Remembered Sets
[1.422s][info][gc,marking    ] GC(4) Concurrent Rebuild Remembered Sets 18.264ms
[1.424s][info][gc,start      ] GC(4) Pause Cleanup
[1.425s][info][gc            ] GC(4) Pause Cleanup 25M->25M(318M) 0.979ms
[1.425s][info][gc,cpu        ] GC(4) User=0.00s Sys=0.00s Real=0.00s
[1.426s][info][gc,marking    ] GC(4) Concurrent Cleanup for Next Mark
[1.429s][info][gc,marking    ] GC(4) Concurrent Cleanup for Next Mark 3.670ms
[1.430s][info][gc            ] GC(4) Concurrent Cycle 64.943ms
[1.579s][info][gc,start      ] GC(5) Pause Young (Concurrent Start) (G1 Evacuation Pause)
[1.580s][info][gc,task       ] GC(5) Using 9 workers of 9 for evacuation
[1.594s][info][gc,phases     ] GC(5)   Pre Evacuate Collection Set: 0.2ms
[1.595s][info][gc,phases     ] GC(5)   Evacuate Collection Set: 10.6ms
[1.596s][info][gc,phases     ] GC(5)   Post Evacuate Collection Set: 1.8ms
[1.597s][info][gc,phases     ] GC(5)   Other: 2.3ms
[1.598s][info][gc,heap       ] GC(5) Eden regions: 10->0(26)
[1.598s][info][gc,heap       ] GC(5) Survivor regions: 3->2(2)
[1.599s][info][gc,heap       ] GC(5) Old regions: 8->12
[1.600s][info][gc,heap       ] GC(5) Humongous regions: 0->0
[1.601s][info][gc,metaspace  ] GC(5) Metaspace: 45587K->45587K(1091584K)
[1.601s][info][gc            ] GC(5) Pause Young (Concurrent Start) (G1 Evacuation Pause) 41M->26M(318M) 22.190ms
[1.602s][info][gc,cpu        ] GC(5) User=0.03s Sys=0.02s Real=0.02s
[1.603s][info][gc            ] GC(6) Concurrent Cycle
[1.604s][info][gc,marking    ] GC(6) Concurrent Clear Claimed Marks
[1.605s][info][gc,marking    ] GC(6) Concurrent Clear Claimed Marks 0.815ms
[1.605s][info][gc,marking    ] GC(6) Concurrent Scan Root Regions
[1.607s][info][gc,marking    ] GC(6) Concurrent Scan Root Regions 2.014ms
[1.608s][info][gc,marking    ] GC(6) Concurrent Mark (1.608s)
[1.608s][info][gc,marking    ] GC(6) Concurrent Mark From Roots
[1.609s][info][gc,task       ] GC(6) Using 2 workers of 2 for marking
[1.622s][info][gc,marking    ] GC(6) Concurrent Mark From Roots 13.649ms
[1.623s][info][gc,marking    ] GC(6) Concurrent Preclean
[1.624s][info][gc,marking    ] GC(6) Concurrent Preclean 0.902ms
[1.625s][info][gc,marking    ] GC(6) Concurrent Mark (1.608s, 1.625s) 16.785ms
[1.626s][info][gc,start      ] GC(6) Pause Remark
[1.630s][info][gc,stringtable] GC(6) Cleaned string and symbol table, strings: 19748 processed, 364 removed, symbols: 145319 processed, 36 removed
[1.633s][info][gc            ] GC(6) Pause Remark 30M->30M(318M) 7.081ms
[1.633s][info][gc,cpu        ] GC(6) User=0.02s Sys=0.00s Real=0.00s
[1.634s][info][gc,marking    ] GC(6) Concurrent Rebuild Remembered Sets
[1.645s][info][gc,marking    ] GC(6) Concurrent Rebuild Remembered Sets 10.266ms
[1.646s][info][gc,start      ] GC(6) Pause Cleanup
[1.647s][info][gc            ] GC(6) Pause Cleanup 31M->31M(318M) 0.903ms
[1.647s][info][gc,cpu        ] GC(6) User=0.00s Sys=0.00s Real=0.00s
[1.648s][info][gc,marking    ] GC(6) Concurrent Cleanup for Next Mark
[1.649s][info][gc,marking    ] GC(6) Concurrent Cleanup for Next Mark 1.046ms
[1.650s][info][gc            ] GC(6) Concurrent Cycle 46.624ms
[2.135s][info][gc,start      ] GC(7) Pause Young (Normal) (G1 Evacuation Pause)
[2.135s][info][gc,task       ] GC(7) Using 9 workers of 9 for evacuation
[2.158s][info][gc,phases     ] GC(7)   Pre Evacuate Collection Set: 0.0ms
[2.159s][info][gc,phases     ] GC(7)   Evacuate Collection Set: 7.3ms
[2.159s][info][gc,phases     ] GC(7)   Post Evacuate Collection Set: 14.3ms
[2.160s][info][gc,phases     ] GC(7)   Other: 1.6ms
[2.160s][info][gc,heap       ] GC(7) Eden regions: 26->0(39)
[2.161s][info][gc,heap       ] GC(7) Survivor regions: 2->4(4)
[2.162s][info][gc,heap       ] GC(7) Old regions: 12->13
[2.162s][info][gc,heap       ] GC(7) Humongous regions: 0->0
[2.163s][info][gc,metaspace  ] GC(7) Metaspace: 57812K->57812K(1103872K)
[2.163s][info][gc            ] GC(7) Pause Young (Normal) (G1 Evacuation Pause) 78M->32M(438M) 28.572ms
[2.164s][info][gc,cpu        ] GC(7) User=0.14s Sys=0.01s Real=0.03s
[2.681s][info][gc,start      ] GC(8) Pause Young (Concurrent Start) (Metadata GC Threshold)
[2.682s][info][gc,task       ] GC(8) Using 9 workers of 9 for evacuation
[2.705s][info][gc,phases     ] GC(8)   Pre Evacuate Collection Set: 0.3ms
[2.706s][info][gc,phases     ] GC(8)   Evacuate Collection Set: 18.9ms
[2.707s][info][gc,phases     ] GC(8)   Post Evacuate Collection Set: 2.4ms
[2.708s][info][gc,phases     ] GC(8)   Other: 2.3ms
[2.708s][info][gc,heap       ] GC(8) Eden regions: 30->0(41)
[2.709s][info][gc,heap       ] GC(8) Survivor regions: 4->6(6)
[2.710s][info][gc,heap       ] GC(8) Old regions: 13->16
[2.710s][info][gc,heap       ] GC(8) Humongous regions: 24->0
[2.711s][info][gc,metaspace  ] GC(8) Metaspace: 76708K->76708K(1120256K)
[2.711s][info][gc            ] GC(8) Pause Young (Concurrent Start) (Metadata GC Threshold) 140M->42M(438M) 30.209ms
[2.712s][info][gc,cpu        ] GC(8) User=0.06s Sys=0.02s Real=0.03s
[2.713s][info][gc            ] GC(9) Concurrent Cycle
[2.713s][info][gc,marking    ] GC(9) Concurrent Clear Claimed Marks
[2.714s][info][gc,marking    ] GC(9) Concurrent Clear Claimed Marks 0.806ms
[2.715s][info][gc,marking    ] GC(9) Concurrent Scan Root Regions
[2.719s][info][gc,marking    ] GC(9) Concurrent Scan Root Regions 4.670ms
[2.720s][info][gc,marking    ] GC(9) Concurrent Mark (2.720s)
[2.721s][info][gc,marking    ] GC(9) Concurrent Mark From Roots
[2.722s][info][gc,task       ] GC(9) Using 2 workers of 2 for marking
[2.744s][info][gc,marking    ] GC(9) Concurrent Mark From Roots 23.148ms
[2.745s][info][gc,marking    ] GC(9) Concurrent Preclean
[2.746s][info][gc,marking    ] GC(9) Concurrent Preclean 1.120ms
[2.747s][info][gc,marking    ] GC(9) Concurrent Mark (2.720s, 2.747s) 26.654ms
[2.748s][info][gc,start      ] GC(9) Pause Remark
[2.758s][info][gc,stringtable] GC(9) Cleaned string and symbol table, strings: 30548 processed, 1 removed, symbols: 230446 processed, 97 removed
[2.759s][info][gc            ] GC(9) Pause Remark 57M->57M(438M) 11.214ms
[2.760s][info][gc,cpu        ] GC(9) User=0.04s Sys=0.01s Real=0.01s
[2.761s][info][gc,marking    ] GC(9) Concurrent Rebuild Remembered Sets
[2.778s][info][gc,marking    ] GC(9) Concurrent Rebuild Remembered Sets 16.839ms
[2.779s][info][gc,start      ] GC(9) Pause Cleanup
[2.780s][info][gc            ] GC(9) Pause Cleanup 65M->65M(438M) 0.938ms
[2.781s][info][gc,cpu        ] GC(9) User=0.00s Sys=0.00s Real=0.00s
[2.782s][info][gc,marking    ] GC(9) Concurrent Cleanup for Next Mark
[2.784s][info][gc,marking    ] GC(9) Concurrent Cleanup for Next Mark 2.384ms
[2.786s][info][gc            ] GC(9) Concurrent Cycle 73.175ms
[2.956s][info][gc,start      ] GC(10) Pause Young (Concurrent Start) (G1 Evacuation Pause)
[2.957s][info][gc,task       ] GC(10) Using 9 workers of 9 for evacuation
[2.972s][info][gc,phases     ] GC(10)   Pre Evacuate Collection Set: 0.1ms
[2.973s][info][gc,phases     ] GC(10)   Evacuate Collection Set: 11.4ms
[2.974s][info][gc,phases     ] GC(10)   Post Evacuate Collection Set: 2.5ms
[2.975s][info][gc,phases     ] GC(10)   Other: 1.9ms
[2.975s][info][gc,heap       ] GC(10) Eden regions: 41->0(55)
[2.976s][info][gc,heap       ] GC(10) Survivor regions: 6->6(6)
[2.977s][info][gc,heap       ] GC(10) Old regions: 16->22
[2.978s][info][gc,heap       ] GC(10) Humongous regions: 0->0
[2.979s][info][gc,metaspace  ] GC(10) Metaspace: 80553K->80553K(1124352K)
[2.980s][info][gc            ] GC(10) Pause Young (Concurrent Start) (G1 Evacuation Pause) 124M->53M(438M) 23.674ms
[2.981s][info][gc,cpu        ] GC(10) User=0.06s Sys=0.03s Real=0.02s
[2.982s][info][gc            ] GC(11) Concurrent Cycle
[2.983s][info][gc,marking    ] GC(11) Concurrent Clear Claimed Marks
[2.984s][info][gc,marking    ] GC(11) Concurrent Clear Claimed Marks 1.303ms
[2.985s][info][gc,marking    ] GC(11) Concurrent Scan Root Regions
[2.989s][info][gc,marking    ] GC(11) Concurrent Scan Root Regions 3.950ms
[2.990s][info][gc,marking    ] GC(11) Concurrent Mark (2.990s)
[2.991s][info][gc,marking    ] GC(11) Concurrent Mark From Roots
[2.992s][info][gc,task       ] GC(11) Using 2 workers of 2 for marking
[3.020s][info][gc,marking    ] GC(11) Concurrent Mark From Roots 29.292ms
[3.021s][info][gc,marking    ] GC(11) Concurrent Preclean
[3.022s][info][gc,marking    ] GC(11) Concurrent Preclean 0.717ms
[3.023s][info][gc,marking    ] GC(11) Concurrent Mark (2.990s, 3.023s) 32.755ms
[3.023s][info][gc,start      ] GC(11) Pause Remark
[3.039s][info][gc,stringtable] GC(11) Cleaned string and symbol table, strings: 32776 processed, 7 removed, symbols: 241210 processed, 8 removed
[3.041s][info][gc            ] GC(11) Pause Remark 74M->74M(438M) 17.413ms
[3.042s][info][gc,cpu        ] GC(11) User=0.12s Sys=0.00s Real=0.02s
[3.042s][info][gc,marking    ] GC(11) Concurrent Rebuild Remembered Sets
[3.062s][info][gc,marking    ] GC(11) Concurrent Rebuild Remembered Sets 19.759ms
[3.063s][info][gc,start      ] GC(11) Pause Cleanup
[3.064s][info][gc            ] GC(11) Pause Cleanup 85M->85M(438M) 0.847ms
[3.065s][info][gc,cpu        ] GC(11) User=0.01s Sys=0.00s Real=0.00s
[3.066s][info][gc,marking    ] GC(11) Concurrent Cleanup for Next Mark
[3.067s][info][gc,marking    ] GC(11) Concurrent Cleanup for Next Mark 1.277ms
[3.068s][info][gc            ] GC(11) Concurrent Cycle 85.904ms
[4.508s][info][gc,start      ] GC(12) Pause Young (Normal) (G1 Evacuation Pause)
[4.509s][info][gc,task       ] GC(12) Using 9 workers of 9 for evacuation
[4.533s][info][gc,phases     ] GC(12)   Pre Evacuate Collection Set: 0.1ms
[4.534s][info][gc,phases     ] GC(12)   Evacuate Collection Set: 18.2ms
[4.535s][info][gc,phases     ] GC(12)   Post Evacuate Collection Set: 4.8ms
[4.535s][info][gc,phases     ] GC(12)   Other: 2.5ms
[4.536s][info][gc,heap       ] GC(12) Eden regions: 55->0(95)
[4.537s][info][gc,heap       ] GC(12) Survivor regions: 6->8(8)
[4.537s][info][gc,heap       ] GC(12) Old regions: 22->27
[4.538s][info][gc,heap       ] GC(12) Humongous regions: 25->7
[4.539s][info][gc,metaspace  ] GC(12) Metaspace: 103007K->103007K(1144832K)
[4.539s][info][gc            ] GC(12) Pause Young (Normal) (G1 Evacuation Pause) 213M->83M(438M) 31.703ms
[4.540s][info][gc,cpu        ] GC(12) User=0.12s Sys=0.02s Real=0.03s
[7.187s][info][gc,start      ] GC(13) Pause Young (Normal) (G1 Evacuation Pause)
[7.188s][info][gc,task       ] GC(13) Using 9 workers of 9 for evacuation
[7.215s][info][gc,phases     ] GC(13)   Pre Evacuate Collection Set: 0.0ms
[7.216s][info][gc,phases     ] GC(13)   Evacuate Collection Set: 17.0ms
[7.217s][info][gc,phases     ] GC(13)   Post Evacuate Collection Set: 8.5ms
[7.219s][info][gc,phases     ] GC(13)   Other: 3.0ms
[7.220s][info][gc,heap       ] GC(13) Eden regions: 95->0(105)
[7.221s][info][gc,heap       ] GC(13) Survivor regions: 8->9(13)
[7.222s][info][gc,heap       ] GC(13) Old regions: 27->35
[7.223s][info][gc,heap       ] GC(13) Humongous regions: 15->7
[7.223s][info][gc,metaspace  ] GC(13) Metaspace: 105452K->105452K(1146880K)
[7.224s][info][gc            ] GC(13) Pause Young (Normal) (G1 Evacuation Pause) 289M->100M(670M) 37.449ms
[7.225s][info][gc,cpu        ] GC(13) User=0.12s Sys=0.03s Real=0.03s
[10.507s][info][gc,start      ] GC(14) Pause Young (Normal) (G1 Evacuation Pause)
[10.508s][info][gc,task       ] GC(14) Using 9 workers of 9 for evacuation
[10.525s][info][gc,phases     ] GC(14)   Pre Evacuate Collection Set: 0.0ms
[10.526s][info][gc,phases     ] GC(14)   Evacuate Collection Set: 11.4ms
[10.526s][info][gc,phases     ] GC(14)   Post Evacuate Collection Set: 4.1ms
[10.527s][info][gc,phases     ] GC(14)   Other: 2.0ms
[10.528s][info][gc,heap       ] GC(14) Eden regions: 105->0(178)
[10.529s][info][gc,heap       ] GC(14) Survivor regions: 9->4(15)
[10.529s][info][gc,heap       ] GC(14) Old regions: 35->43
[10.530s][info][gc,heap       ] GC(14) Humongous regions: 7->7
[10.530s][info][gc,metaspace  ] GC(14) Metaspace: 108698K->108698K(1148928K)
[10.531s][info][gc            ] GC(14) Pause Young (Normal) (G1 Evacuation Pause) 310M->106M(670M) 23.604ms
[10.531s][info][gc,cpu        ] GC(14) User=0.06s Sys=0.02s Real=0.02s
[11.106s][info][gc,start      ] GC(15) Pause Young (Normal) (G1 Evacuation Pause)
[11.107s][info][gc,task       ] GC(15) Using 9 workers of 9 for evacuation
[11.135s][info][gc,phases     ] GC(15)   Pre Evacuate Collection Set: 0.0ms
[11.136s][info][gc,phases     ] GC(15)   Evacuate Collection Set: 20.8ms
[11.137s][info][gc,phases     ] GC(15)   Post Evacuate Collection Set: 5.5ms
[11.138s][info][gc,phases     ] GC(15)   Other: 2.3ms
[11.138s][info][gc,heap       ] GC(15) Eden regions: 178->0(191)
[11.139s][info][gc,heap       ] GC(15) Survivor regions: 4->10(23)
[11.140s][info][gc,heap       ] GC(15) Old regions: 43->43
[11.140s][info][gc,heap       ] GC(15) Humongous regions: 7->7
[11.141s][info][gc,metaspace  ] GC(15) Metaspace: 111017K->111017K(1150976K)
[11.142s][info][gc            ] GC(15) Pause Young (Normal) (G1 Evacuation Pause) 462M->119M(670M) 35.143ms
[11.142s][info][gc,cpu        ] GC(15) User=0.11s Sys=0.01s Real=0.03s
[11.562s][info][gc,start      ] GC(16) Pause Young (Normal) (G1 Evacuation Pause)
[11.563s][info][gc,task       ] GC(16) Using 9 workers of 9 for evacuation
[11.579s][info][gc,phases     ] GC(16)   Pre Evacuate Collection Set: 0.1ms
[11.580s][info][gc,phases     ] GC(16)   Evacuate Collection Set: 10.0ms
[11.581s][info][gc,phases     ] GC(16)   Post Evacuate Collection Set: 5.2ms
[11.582s][info][gc,phases     ] GC(16)   Other: 2.7ms
[11.583s][info][gc,heap       ] GC(16) Eden regions: 191->0(190)
[11.584s][info][gc,heap       ] GC(16) Survivor regions: 10->11(26)
[11.584s][info][gc,heap       ] GC(16) Old regions: 43->43
[11.585s][info][gc,heap       ] GC(16) Humongous regions: 7->7
[11.586s][info][gc,metaspace  ] GC(16) Metaspace: 111232K->111232K(1150976K)
[11.587s][info][gc            ] GC(16) Pause Young (Normal) (G1 Evacuation Pause) 501M->121M(670M) 25.498ms
[11.588s][info][gc,cpu        ] GC(16) User=0.07s Sys=0.01s Real=0.03s
[12.627s][info][gc,start      ] GC(17) Pause Young (Normal) (G1 Evacuation Pause)
[12.627s][info][gc,task       ] GC(17) Using 9 workers of 9 for evacuation
[12.668s][info][gc,phases     ] GC(17)   Pre Evacuate Collection Set: 0.0ms
[12.669s][info][gc,phases     ] GC(17)   Evacuate Collection Set: 33.2ms
[12.670s][info][gc,phases     ] GC(17)   Post Evacuate Collection Set: 6.3ms
[12.670s][info][gc,phases     ] GC(17)   Other: 1.9ms
[12.671s][info][gc,heap       ] GC(17) Eden regions: 190->0(226)
[12.671s][info][gc,heap       ] GC(17) Survivor regions: 11->15(26)
[12.673s][info][gc,heap       ] GC(17) Old regions: 43->43
[12.673s][info][gc,heap       ] GC(17) Humongous regions: 8->7
[12.674s][info][gc,metaspace  ] GC(17) Metaspace: 121873K->121873K(1161216K)
[12.674s][info][gc            ] GC(17) Pause Young (Normal) (G1 Evacuation Pause) 503M->129M(804M) 47.517ms
[12.675s][info][gc,cpu        ] GC(17) User=0.12s Sys=0.01s Real=0.04s
[13.704s][info][gc,start      ] GC(18) Pause Young (Normal) (GCLocker Initiated GC)
[13.705s][info][gc,task       ] GC(18) Using 9 workers of 9 for evacuation
[13.733s][info][gc,phases     ] GC(18)   Pre Evacuate Collection Set: 0.0ms
[13.734s][info][gc,phases     ] GC(18)   Evacuate Collection Set: 23.6ms
[13.734s][info][gc,phases     ] GC(18)   Post Evacuate Collection Set: 3.2ms
[13.735s][info][gc,phases     ] GC(18)   Other: 2.3ms
[13.735s][info][gc,heap       ] GC(18) Eden regions: 227->0(226)
[13.736s][info][gc,heap       ] GC(18) Survivor regions: 15->15(31)
[13.737s][info][gc,heap       ] GC(18) Old regions: 43->43
[13.737s][info][gc,heap       ] GC(18) Humongous regions: 7->7
[13.738s][info][gc,metaspace  ] GC(18) Metaspace: 122713K->122713K(1161216K)
[13.738s][info][gc            ] GC(18) Pause Young (Normal) (GCLocker Initiated GC) 582M->129M(804M) 34.271ms
[13.739s][info][gc,cpu        ] GC(18) User=0.07s Sys=0.02s Real=0.04s
[14.585s][info][gc,start      ] GC(19) Pause Young (Normal) (G1 Evacuation Pause)
[14.586s][info][gc,task       ] GC(19) Using 9 workers of 9 for evacuation
[14.633s][info][gc,phases     ] GC(19)   Pre Evacuate Collection Set: 0.0ms
[14.634s][info][gc,phases     ] GC(19)   Evacuate Collection Set: 42.3ms
[14.634s][info][gc,phases     ] GC(19)   Post Evacuate Collection Set: 3.4ms
[14.635s][info][gc,phases     ] GC(19)   Other: 1.7ms
[14.635s][info][gc,heap       ] GC(19) Eden regions: 226->0(224)
[14.636s][info][gc,heap       ] GC(19) Survivor regions: 15->17(31)
[14.636s][info][gc,heap       ] GC(19) Old regions: 43->43
[14.637s][info][gc,heap       ] GC(19) Humongous regions: 7->7
[14.637s][info][gc,metaspace  ] GC(19) Metaspace: 122761K->122761K(1161216K)
[14.638s][info][gc            ] GC(19) Pause Young (Normal) (G1 Evacuation Pause) 581M->133M(804M) 52.729ms
[14.638s][info][gc,cpu        ] GC(19) User=0.19s Sys=0.01s Real=0.06s
[15.598s][info][gc,start      ] GC(20) Pause Young (Normal) (G1 Evacuation Pause)
[15.600s][info][gc,task       ] GC(20) Using 9 workers of 9 for evacuation
[15.621s][info][gc,phases     ] GC(20)   Pre Evacuate Collection Set: 0.0ms
[15.622s][info][gc,phases     ] GC(20)   Evacuate Collection Set: 16.1ms
[15.623s][info][gc,phases     ] GC(20)   Post Evacuate Collection Set: 4.4ms
[15.624s][info][gc,phases     ] GC(20)   Other: 2.5ms
[15.624s][info][gc,heap       ] GC(20) Eden regions: 224->0(224)
[15.625s][info][gc,heap       ] GC(20) Survivor regions: 17->17(31)
[15.625s][info][gc,heap       ] GC(20) Old regions: 43->43
[15.626s][info][gc,heap       ] GC(20) Humongous regions: 7->7
[15.626s][info][gc,metaspace  ] GC(20) Metaspace: 122807K->122807K(1161216K)
[15.627s][info][gc            ] GC(20) Pause Young (Normal) (G1 Evacuation Pause) 581M->134M(804M) 28.617ms
[15.628s][info][gc,cpu        ] GC(20) User=0.08s Sys=0.02s Real=0.03s
[16.508s][info][gc,start      ] GC(21) Pause Young (Normal) (G1 Evacuation Pause)
[16.509s][info][gc,task       ] GC(21) Using 9 workers of 9 for evacuation
[16.526s][info][gc,phases     ] GC(21)   Pre Evacuate Collection Set: 0.1ms
[16.527s][info][gc,phases     ] GC(21)   Evacuate Collection Set: 12.2ms
[16.527s][info][gc,phases     ] GC(21)   Post Evacuate Collection Set: 3.9ms
[16.528s][info][gc,phases     ] GC(21)   Other: 1.6ms
[16.529s][info][gc,heap       ] GC(21) Eden regions: 224->0(280)
[16.529s][info][gc,heap       ] GC(21) Survivor regions: 17->16(31)
[16.530s][info][gc,heap       ] GC(21) Old regions: 43->46
[16.530s][info][gc,heap       ] GC(21) Humongous regions: 7->7
[16.530s][info][gc,metaspace  ] GC(21) Metaspace: 122839K->122839K(1161216K)
[16.531s][info][gc            ] GC(21) Pause Young (Normal) (G1 Evacuation Pause) 582M->136M(988M) 22.938ms
[16.532s][info][gc,cpu        ] GC(21) User=0.11s Sys=0.01s Real=0.02s
[17.678s][info][gc,start      ] GC(22) Pause Young (Normal) (G1 Evacuation Pause)
[17.679s][info][gc,task       ] GC(22) Using 9 workers of 9 for evacuation
[17.694s][info][gc,phases     ] GC(22)   Pre Evacuate Collection Set: 0.0ms
[17.695s][info][gc,phases     ] GC(22)   Evacuate Collection Set: 10.6ms
[17.695s][info][gc,phases     ] GC(22)   Post Evacuate Collection Set: 3.3ms
[17.696s][info][gc,phases     ] GC(22)   Other: 2.3ms
[17.697s][info][gc,heap       ] GC(22) Eden regions: 280->0(280)
[17.697s][info][gc,heap       ] GC(22) Survivor regions: 16->16(37)
[17.698s][info][gc,heap       ] GC(22) Old regions: 46->46
[17.698s][info][gc,heap       ] GC(22) Humongous regions: 7->7
[17.699s][info][gc,metaspace  ] GC(22) Metaspace: 122862K->122862K(1161216K)
[17.699s][info][gc            ] GC(22) Pause Young (Normal) (G1 Evacuation Pause) 696M->136M(988M) 21.483ms
[17.700s][info][gc,cpu        ] GC(22) User=0.10s Sys=0.02s Real=0.02s
[18.717s][info][gc,start      ] GC(23) Pause Young (Normal) (G1 Evacuation Pause)
[18.718s][info][gc,task       ] GC(23) Using 9 workers of 9 for evacuation
[18.734s][info][gc,phases     ] GC(23)   Pre Evacuate Collection Set: 0.1ms
[18.735s][info][gc,phases     ] GC(23)   Evacuate Collection Set: 11.6ms
[18.736s][info][gc,phases     ] GC(23)   Post Evacuate Collection Set: 3.3ms
[18.736s][info][gc,phases     ] GC(23)   Other: 2.3ms
[18.737s][info][gc,heap       ] GC(23) Eden regions: 280->0(279)
[18.738s][info][gc,heap       ] GC(23) Survivor regions: 16->17(37)
[18.738s][info][gc,heap       ] GC(23) Old regions: 46->46
[18.739s][info][gc,heap       ] GC(23) Humongous regions: 7->7
[18.739s][info][gc,metaspace  ] GC(23) Metaspace: 123059K->123059K(1161216K)
[18.740s][info][gc            ] GC(23) Pause Young (Normal) (G1 Evacuation Pause) 696M->137M(988M) 22.350ms
[18.740s][info][gc,cpu        ] GC(23) User=0.08s Sys=0.01s Real=0.02s
[19.579s][info][gc,start      ] GC(24) Pause Young (Normal) (G1 Evacuation Pause)
[19.580s][info][gc,task       ] GC(24) Using 9 workers of 9 for evacuation
[19.597s][info][gc,phases     ] GC(24)   Pre Evacuate Collection Set: 0.0ms
[19.597s][info][gc,phases     ] GC(24)   Evacuate Collection Set: 12.7ms
[19.598s][info][gc,phases     ] GC(24)   Post Evacuate Collection Set: 3.1ms
[19.599s][info][gc,phases     ] GC(24)   Other: 1.6ms
[19.599s][info][gc,heap       ] GC(24) Eden regions: 279->0(278)
[19.600s][info][gc,heap       ] GC(24) Survivor regions: 17->18(37)
[19.601s][info][gc,heap       ] GC(24) Old regions: 46->46
[19.601s][info][gc,heap       ] GC(24) Humongous regions: 7->7
[19.602s][info][gc,metaspace  ] GC(24) Metaspace: 123139K->123139K(1163264K)
[19.602s][info][gc            ] GC(24) Pause Young (Normal) (G1 Evacuation Pause) 695M->139M(988M) 22.953ms
[19.603s][info][gc,cpu        ] GC(24) User=0.11s Sys=0.01s Real=0.02s
[20.459s][info][gc,start      ] GC(25) Pause Young (Normal) (G1 Evacuation Pause)
[20.460s][info][gc,task       ] GC(25) Using 9 workers of 9 for evacuation
[20.483s][info][gc,phases     ] GC(25)   Pre Evacuate Collection Set: 0.0ms
[20.483s][info][gc,phases     ] GC(25)   Evacuate Collection Set: 13.2ms
[20.484s][info][gc,phases     ] GC(25)   Post Evacuate Collection Set: 8.5ms
[20.485s][info][gc,phases     ] GC(25)   Other: 1.7ms
[20.485s][info][gc,heap       ] GC(25) Eden regions: 278->0(337)
[20.486s][info][gc,heap       ] GC(25) Survivor regions: 18->18(37)
[20.486s][info][gc,heap       ] GC(25) Old regions: 46->46
[20.487s][info][gc,heap       ] GC(25) Humongous regions: 7->7
[20.488s][info][gc,metaspace  ] GC(25) Metaspace: 123143K->123143K(1163264K)
[20.488s][info][gc            ] GC(25) Pause Young (Normal) (G1 Evacuation Pause) 695M->140M(1186M) 29.041ms
[20.489s][info][gc,cpu        ] GC(25) User=0.14s Sys=0.03s Real=0.03s
[21.748s][info][gc,start      ] GC(26) Pause Young (Normal) (G1 Evacuation Pause)
[21.749s][info][gc,task       ] GC(26) Using 9 workers of 9 for evacuation
[21.772s][info][gc,phases     ] GC(26)   Pre Evacuate Collection Set: 0.0ms
[21.773s][info][gc,phases     ] GC(26)   Evacuate Collection Set: 18.0ms
[21.774s][info][gc,phases     ] GC(26)   Post Evacuate Collection Set: 3.5ms
[21.775s][info][gc,phases     ] GC(26)   Other: 1.9ms
[21.775s][info][gc,heap       ] GC(26) Eden regions: 337->0(335)
[21.776s][info][gc,heap       ] GC(26) Survivor regions: 18->20(45)
[21.776s][info][gc,heap       ] GC(26) Old regions: 46->46
[21.777s][info][gc,heap       ] GC(26) Humongous regions: 7->7
[21.777s][info][gc,metaspace  ] GC(26) Metaspace: 123151K->123151K(1163264K)
[21.778s][info][gc            ] GC(26) Pause Young (Normal) (G1 Evacuation Pause) 814M->142M(1186M) 29.282ms
[21.778s][info][gc,cpu        ] GC(26) User=0.14s Sys=0.02s Real=0.03s
[22.910s][info][gc,start      ] GC(27) Pause Young (Normal) (G1 Evacuation Pause)
[22.911s][info][gc,task       ] GC(27) Using 9 workers of 9 for evacuation
[22.935s][info][gc,phases     ] GC(27)   Pre Evacuate Collection Set: 0.1ms
[22.935s][info][gc,phases     ] GC(27)   Evacuate Collection Set: 17.6ms
[22.936s][info][gc,phases     ] GC(27)   Post Evacuate Collection Set: 4.3ms
[22.937s][info][gc,phases     ] GC(27)   Other: 2.6ms
[22.937s][info][gc,heap       ] GC(27) Eden regions: 335->0(336)
[22.938s][info][gc,heap       ] GC(27) Survivor regions: 20->19(45)
[22.938s][info][gc,heap       ] GC(27) Old regions: 46->46
[22.939s][info][gc,heap       ] GC(27) Humongous regions: 7->7
[22.939s][info][gc,metaspace  ] GC(27) Metaspace: 123179K->123179K(1163264K)
[22.940s][info][gc            ] GC(27) Pause Young (Normal) (G1 Evacuation Pause) 812M->142M(1186M) 30.034ms
[22.940s][info][gc,cpu        ] GC(27) User=0.16s Sys=0.02s Real=0.03s
[23.896s][info][gc,start      ] GC(28) Pause Young (Normal) (G1 Evacuation Pause)
[23.897s][info][gc,task       ] GC(28) Using 9 workers of 9 for evacuation
[23.927s][info][gc,phases     ] GC(28)   Pre Evacuate Collection Set: 0.0ms
[23.928s][info][gc,phases     ] GC(28)   Evacuate Collection Set: 24.5ms
[23.929s][info][gc,phases     ] GC(28)   Post Evacuate Collection Set: 5.0ms
[23.929s][info][gc,phases     ] GC(28)   Other: 1.6ms
[23.930s][info][gc,heap       ] GC(28) Eden regions: 336->0(334)
[23.931s][info][gc,heap       ] GC(28) Survivor regions: 19->21(45)
[23.931s][info][gc,heap       ] GC(28) Old regions: 46->46
[23.932s][info][gc,heap       ] GC(28) Humongous regions: 7->7
[23.932s][info][gc,metaspace  ] GC(28) Metaspace: 123517K->123517K(1163264K)
[23.933s][info][gc            ] GC(28) Pause Young (Normal) (G1 Evacuation Pause) 814M->144M(1186M) 36.811ms
[23.933s][info][gc,cpu        ] GC(28) User=0.12s Sys=0.02s Real=0.03s
[25.431s][info][gc,start      ] GC(29) Pause Young (Concurrent Start) (Metadata GC Threshold)
[25.432s][info][gc,task       ] GC(29) Using 9 workers of 9 for evacuation
[25.459s][info][gc,phases     ] GC(29)   Pre Evacuate Collection Set: 0.4ms
[25.460s][info][gc,phases     ] GC(29)   Evacuate Collection Set: 20.6ms
[25.460s][info][gc,phases     ] GC(29)   Post Evacuate Collection Set: 5.1ms
[25.461s][info][gc,phases     ] GC(29)   Other: 2.1ms
[25.462s][info][gc,heap       ] GC(29) Eden regions: 229->0(404)
[25.462s][info][gc,heap       ] GC(29) Survivor regions: 21->23(45)
[25.463s][info][gc,heap       ] GC(29) Old regions: 46->46
[25.463s][info][gc,heap       ] GC(29) Humongous regions: 25->7
[25.464s][info][gc,metaspace  ] GC(29) Metaspace: 135482K->135482K(1173504K)
[25.464s][info][gc            ] GC(29) Pause Young (Concurrent Start) (Metadata GC Threshold) 638M->149M(1424M) 33.520ms
[25.465s][info][gc,cpu        ] GC(29) User=0.09s Sys=0.03s Real=0.03s
[25.465s][info][gc            ] GC(30) Concurrent Cycle
[25.466s][info][gc,marking    ] GC(30) Concurrent Clear Claimed Marks
[25.467s][info][gc,marking    ] GC(30) Concurrent Clear Claimed Marks 0.923ms
[25.467s][info][gc,marking    ] GC(30) Concurrent Scan Root Regions
[25.477s][info][gc,marking    ] GC(30) Concurrent Scan Root Regions 9.855ms
[25.478s][info][gc,marking    ] GC(30) Concurrent Mark (25.478s)
[25.478s][info][gc,marking    ] GC(30) Concurrent Mark From Roots
[25.479s][info][gc,task       ] GC(30) Using 2 workers of 2 for marking
[25.549s][info][gc,marking    ] GC(30) Concurrent Mark From Roots 70.665ms
[25.550s][info][gc,marking    ] GC(30) Concurrent Preclean
[25.551s][info][gc,marking    ] GC(30) Concurrent Preclean 1.135ms
[25.551s][info][gc,marking    ] GC(30) Concurrent Mark (25.478s, 25.551s) 73.607ms
[25.553s][info][gc,start      ] GC(30) Pause Remark
[25.572s][info][gc,stringtable] GC(30) Cleaned string and symbol table, strings: 55298 processed, 44 removed, symbols: 371783 processed, 144 removed
[25.574s][info][gc            ] GC(30) Pause Remark 156M->156M(1424M) 21.190ms
[25.575s][info][gc,cpu        ] GC(30) User=0.12s Sys=0.00s Real=0.02s
[25.576s][info][gc,marking    ] GC(30) Concurrent Rebuild Remembered Sets
[25.627s][info][gc,marking    ] GC(30) Concurrent Rebuild Remembered Sets 50.818ms
[25.628s][info][gc,start      ] GC(30) Pause Cleanup
[25.629s][info][gc            ] GC(30) Pause Cleanup 157M->157M(1424M) 1.021ms
[25.629s][info][gc,cpu        ] GC(30) User=0.01s Sys=0.00s Real=0.00s
[25.630s][info][gc,marking    ] GC(30) Concurrent Cleanup for Next Mark
[25.634s][info][gc,marking    ] GC(30) Concurrent Cleanup for Next Mark 4.408ms
[25.635s][info][gc            ] GC(30) Concurrent Cycle 169.918ms
[31.538s][info][gc,start      ] GC(31) Pause Young (Concurrent Start) (G1 Evacuation Pause)
[31.539s][info][gc,task       ] GC(31) Using 9 workers of 9 for evacuation
[31.613s][info][gc,phases     ] GC(31)   Pre Evacuate Collection Set: 0.5ms
[31.614s][info][gc,phases     ] GC(31)   Evacuate Collection Set: 65.8ms
[31.615s][info][gc,phases     ] GC(31)   Post Evacuate Collection Set: 6.4ms
[31.616s][info][gc,phases     ] GC(31)   Other: 2.5ms
[31.616s][info][gc,heap       ] GC(31) Eden regions: 404->0(373)
[31.617s][info][gc,heap       ] GC(31) Survivor regions: 23->54(54)
[31.617s][info][gc,heap       ] GC(31) Old regions: 46->96
[31.618s][info][gc,heap       ] GC(31) Humongous regions: 12->7
[31.618s][info][gc,metaspace  ] GC(31) Metaspace: 196988K->196988K(1226752K)
[31.619s][info][gc            ] GC(31) Pause Young (Concurrent Start) (G1 Evacuation Pause) 967M->313M(1424M) 80.775ms
[31.619s][info][gc,cpu        ] GC(31) User=0.40s Sys=0.10s Real=0.08s
[31.620s][info][gc            ] GC(32) Concurrent Cycle
[31.622s][info][gc,marking    ] GC(32) Concurrent Clear Claimed Marks
[31.623s][info][gc,marking    ] GC(32) Concurrent Clear Claimed Marks 1.385ms
[31.624s][info][gc,marking    ] GC(32) Concurrent Scan Root Regions
[31.641s][info][gc,marking    ] GC(32) Concurrent Scan Root Regions 17.614ms
[31.642s][info][gc,marking    ] GC(32) Concurrent Mark (31.642s)
[31.643s][info][gc,marking    ] GC(32) Concurrent Mark From Roots
[31.643s][info][gc,task       ] GC(32) Using 2 workers of 2 for marking
[31.776s][info][gc,marking    ] GC(32) Concurrent Mark From Roots 133.514ms
[31.777s][info][gc,marking    ] GC(32) Concurrent Preclean
[31.779s][info][gc,marking    ] GC(32) Concurrent Preclean 1.376ms
[31.779s][info][gc,marking    ] GC(32) Concurrent Mark (31.642s, 31.779s) 137.169ms
[31.780s][info][gc,start      ] GC(32) Pause Remark
[31.803s][info][gc,stringtable] GC(32) Cleaned string and symbol table, strings: 105185 processed, 1 removed, symbols: 529252 processed, 188 removed
[31.804s][info][gc            ] GC(32) Pause Remark 364M->364M(1424M) 24.112ms
[31.805s][info][gc,cpu        ] GC(32) User=0.10s Sys=0.01s Real=0.02s
[31.806s][info][gc,marking    ] GC(32) Concurrent Rebuild Remembered Sets
[31.921s][info][gc,marking    ] GC(32) Concurrent Rebuild Remembered Sets 114.681ms
[31.922s][info][gc,start      ] GC(32) Pause Cleanup
[31.923s][info][gc            ] GC(32) Pause Cleanup 394M->394M(1424M) 1.298ms
[31.924s][info][gc,cpu        ] GC(32) User=0.00s Sys=0.00s Real=0.00s
[31.925s][info][gc,marking    ] GC(32) Concurrent Cleanup for Next Mark
[31.932s][info][gc,marking    ] GC(32) Concurrent Cleanup for Next Mark 6.809ms
[31.933s][info][gc            ] GC(32) Concurrent Cycle 313.713ms
[43.737s][info][gc,start      ] GC(33) Pause Young (Normal) (G1 Evacuation Pause)
[43.738s][info][gc,task       ] GC(33) Using 9 workers of 9 for evacuation
[43.789s][info][gc,phases     ] GC(33)   Pre Evacuate Collection Set: 0.1ms
[43.790s][info][gc,phases     ] GC(33)   Evacuate Collection Set: 41.5ms
[43.791s][info][gc,phases     ] GC(33)   Post Evacuate Collection Set: 6.8ms
[43.791s][info][gc,phases     ] GC(33)   Other: 3.6ms
[43.792s][info][gc,heap       ] GC(33) Eden regions: 373->0(374)
[43.793s][info][gc,heap       ] GC(33) Survivor regions: 54->16(54)
[43.793s][info][gc,heap       ] GC(33) Old regions: 96->147
[43.794s][info][gc,heap       ] GC(33) Humongous regions: 12->9
[43.795s][info][gc,metaspace  ] GC(33) Metaspace: 241131K->241131K(1265664K)
[43.795s][info][gc            ] GC(33) Pause Young (Normal) (G1 Evacuation Pause) 1069M->343M(1424M) 58.345ms
[43.796s][info][gc,cpu        ] GC(33) User=0.19s Sys=0.06s Real=0.06s
[121.792s][info][gc,start      ] GC(34) Pause Young (Normal) (G1 Evacuation Pause)
[121.794s][info][gc,task       ] GC(34) Using 9 workers of 9 for evacuation
[121.817s][info][gc,phases     ] GC(34)   Pre Evacuate Collection Set: 0.1ms
[121.818s][info][gc,phases     ] GC(34)   Evacuate Collection Set: 16.4ms
[121.819s][info][gc,phases     ] GC(34)   Post Evacuate Collection Set: 5.7ms
[121.820s][info][gc,phases     ] GC(34)   Other: 3.4ms
[121.820s][info][gc,heap       ] GC(34) Eden regions: 374->0(377)
[121.821s][info][gc,heap       ] GC(34) Survivor regions: 16->24(49)
[121.822s][info][gc,heap       ] GC(34) Old regions: 147->147
[121.823s][info][gc,heap       ] GC(34) Humongous regions: 25->12
[121.823s][info][gc,metaspace  ] GC(34) Metaspace: 250298K->250298K(1271808K)
[121.824s][info][gc            ] GC(34) Pause Young (Normal) (G1 Evacuation Pause) 1123M->365M(1424M) 31.904ms
[121.824s][info][gc,cpu        ] GC(34) User=0.11s Sys=0.03s Real=0.03s
[128.856s][info][gc,start      ] GC(35) Pause Young (Normal) (G1 Evacuation Pause)
[128.857s][info][gc,task       ] GC(35) Using 9 workers of 9 for evacuation
[128.903s][info][gc,phases     ] GC(35)   Pre Evacuate Collection Set: 0.1ms
[128.903s][info][gc,phases     ] GC(35)   Evacuate Collection Set: 37.3ms
[128.904s][info][gc,phases     ] GC(35)   Post Evacuate Collection Set: 7.4ms
[128.905s][info][gc,phases     ] GC(35)   Other: 1.8ms
[128.905s][info][gc,heap       ] GC(35) Eden regions: 377->0(380)
[128.906s][info][gc,heap       ] GC(35) Survivor regions: 24->28(51)
[128.907s][info][gc,heap       ] GC(35) Old regions: 147->147
[128.907s][info][gc,heap       ] GC(35) Humongous regions: 14->14
[128.908s][info][gc,metaspace  ] GC(35) Metaspace: 252742K->252742K(1273856K)
[128.908s][info][gc            ] GC(35) Pause Young (Normal) (G1 Evacuation Pause) 1123M->375M(1424M) 52.296ms
[128.909s][info][gc,cpu        ] GC(35) User=0.16s Sys=0.03s Real=0.05s
[132.693s][info][gc,start      ] GC(36) Pause Young (Normal) (G1 Evacuation Pause)
[132.694s][info][gc,task       ] GC(36) Using 9 workers of 9 for evacuation
[132.721s][info][gc,phases     ] GC(36)   Pre Evacuate Collection Set: 0.1ms
[132.722s][info][gc,phases     ] GC(36)   Evacuate Collection Set: 20.8ms
[132.723s][info][gc,phases     ] GC(36)   Post Evacuate Collection Set: 5.2ms
[132.724s][info][gc,phases     ] GC(36)   Other: 2.5ms
[132.724s][info][gc,heap       ] GC(36) Eden regions: 380->0(385)
[132.725s][info][gc,heap       ] GC(36) Survivor regions: 28->22(51)
[132.725s][info][gc,heap       ] GC(36) Old regions: 147->157
[132.726s][info][gc,heap       ] GC(36) Humongous regions: 14->14
[132.726s][info][gc,metaspace  ] GC(36) Metaspace: 253027K->253027K(1275904K)
[132.727s][info][gc            ] GC(36) Pause Young (Normal) (G1 Evacuation Pause) 1135M->385M(1424M) 34.247ms
[132.728s][info][gc,cpu        ] GC(36) User=0.18s Sys=0.02s Real=0.04s
[135.614s][info][gc,start      ] GC(37) Pause Young (Normal) (G1 Evacuation Pause)
[135.615s][info][gc,task       ] GC(37) Using 9 workers of 9 for evacuation
[135.645s][info][gc,phases     ] GC(37)   Pre Evacuate Collection Set: 0.1ms
[135.646s][info][gc,phases     ] GC(37)   Evacuate Collection Set: 21.5ms
[135.647s][info][gc,phases     ] GC(37)   Post Evacuate Collection Set: 7.9ms
[135.648s][info][gc,phases     ] GC(37)   Other: 1.7ms
[135.648s][info][gc,heap       ] GC(37) Eden regions: 385->0(388)
[135.649s][info][gc,heap       ] GC(37) Survivor regions: 22->26(51)
[135.649s][info][gc,heap       ] GC(37) Old regions: 157->157
[135.650s][info][gc,heap       ] GC(37) Humongous regions: 14->14
[135.650s][info][gc,metaspace  ] GC(37) Metaspace: 253137K->253137K(1275904K)
[135.651s][info][gc            ] GC(37) Pause Young (Normal) (G1 Evacuation Pause) 1155M->392M(1424M) 37.010ms
[135.651s][info][gc,cpu        ] GC(37) User=0.12s Sys=0.03s Real=0.04s
[138.583s][info][gc,start      ] GC(38) Pause Young (Normal) (G1 Evacuation Pause)
[138.584s][info][gc,task       ] GC(38) Using 9 workers of 9 for evacuation
[138.625s][info][gc,phases     ] GC(38)   Pre Evacuate Collection Set: 0.1ms
[138.625s][info][gc,phases     ] GC(38)   Evacuate Collection Set: 33.9ms
[138.626s][info][gc,phases     ] GC(38)   Post Evacuate Collection Set: 5.8ms
[138.627s][info][gc,phases     ] GC(38)   Other: 1.7ms
[138.627s][info][gc,heap       ] GC(38) Eden regions: 388->0(392)
[138.628s][info][gc,heap       ] GC(38) Survivor regions: 26->29(52)
[138.629s][info][gc,heap       ] GC(38) Old regions: 157->157
[138.629s][info][gc,heap       ] GC(38) Humongous regions: 14->14
[138.630s][info][gc,metaspace  ] GC(38) Metaspace: 253186K->253186K(1275904K)
[138.631s][info][gc            ] GC(38) Pause Young (Normal) (G1 Evacuation Pause) 1168M->398M(1424M) 47.325ms
[138.631s][info][gc,cpu        ] GC(38) User=0.19s Sys=0.03s Real=0.05s
[141.472s][info][gc,start      ] GC(39) Pause Young (Normal) (G1 Evacuation Pause)
[141.473s][info][gc,task       ] GC(39) Using 9 workers of 9 for evacuation
[141.514s][info][gc,phases     ] GC(39)   Pre Evacuate Collection Set: 0.1ms
[141.515s][info][gc,phases     ] GC(39)   Evacuate Collection Set: 26.8ms
[141.516s][info][gc,phases     ] GC(39)   Post Evacuate Collection Set: 13.3ms
[141.517s][info][gc,phases     ] GC(39)   Other: 1.8ms
[141.518s][info][gc,heap       ] GC(39) Eden regions: 392->0(395)
[141.518s][info][gc,heap       ] GC(39) Survivor regions: 29->32(53)
[141.519s][info][gc,heap       ] GC(39) Old regions: 157->157
[141.519s][info][gc,heap       ] GC(39) Humongous regions: 14->14
[141.520s][info][gc,metaspace  ] GC(39) Metaspace: 253194K->253194K(1275904K)
[141.520s][info][gc            ] GC(39) Pause Young (Normal) (G1 Evacuation Pause) 1182M->405M(1424M) 48.110ms
[141.521s][info][gc,cpu        ] GC(39) User=0.21s Sys=0.03s Real=0.05s
[144.434s][info][gc,start      ] GC(40) Pause Young (Normal) (G1 Evacuation Pause)
[144.435s][info][gc,task       ] GC(40) Using 9 workers of 9 for evacuation
[144.467s][info][gc,phases     ] GC(40)   Pre Evacuate Collection Set: 0.1ms
[144.469s][info][gc,phases     ] GC(40)   Evacuate Collection Set: 26.5ms
[144.469s][info][gc,phases     ] GC(40)   Post Evacuate Collection Set: 4.5ms
[144.470s][info][gc,phases     ] GC(40)   Other: 2.2ms
[144.471s][info][gc,heap       ] GC(40) Eden regions: 395->0(397)
[144.472s][info][gc,heap       ] GC(40) Survivor regions: 32->30(54)
[144.472s][info][gc,heap       ] GC(40) Old regions: 157->162
[144.473s][info][gc,heap       ] GC(40) Humongous regions: 14->14
[144.474s][info][gc,metaspace  ] GC(40) Metaspace: 253214K->253214K(1275904K)
[144.474s][info][gc            ] GC(40) Pause Young (Normal) (G1 Evacuation Pause) 1195M->409M(1424M) 39.922ms
[144.475s][info][gc,cpu        ] GC(40) User=0.19s Sys=0.02s Real=0.04s
[147.657s][info][gc,start      ] GC(41) Pause Young (Normal) (G1 Evacuation Pause)
[147.659s][info][gc,task       ] GC(41) Using 9 workers of 9 for evacuation
[147.694s][info][gc,phases     ] GC(41)   Pre Evacuate Collection Set: 0.1ms
[147.695s][info][gc,phases     ] GC(41)   Evacuate Collection Set: 27.1ms
[147.696s][info][gc,phases     ] GC(41)   Post Evacuate Collection Set: 6.3ms
[147.696s][info][gc,phases     ] GC(41)   Other: 3.2ms
[147.697s][info][gc,heap       ] GC(41) Eden regions: 397->0(397)
[147.697s][info][gc,heap       ] GC(41) Survivor regions: 30->24(54)
[147.698s][info][gc,heap       ] GC(41) Old regions: 162->172
[147.699s][info][gc,heap       ] GC(41) Humongous regions: 14->14
[147.699s][info][gc,metaspace  ] GC(41) Metaspace: 254317K->254317K(1275904K)
[147.700s][info][gc            ] GC(41) Pause Young (Normal) (G1 Evacuation Pause) 1203M->417M(1424M) 42.912ms
[147.701s][info][gc,cpu        ] GC(41) User=0.16s Sys=0.03s Real=0.04s
[150.552s][info][gc,start      ] GC(42) Pause Young (Normal) (G1 Evacuation Pause)
[150.553s][info][gc,task       ] GC(42) Using 9 workers of 9 for evacuation
[150.587s][info][gc,phases     ] GC(42)   Pre Evacuate Collection Set: 0.1ms
[150.588s][info][gc,phases     ] GC(42)   Evacuate Collection Set: 28.7ms
[150.589s][info][gc,phases     ] GC(42)   Post Evacuate Collection Set: 4.8ms
[150.590s][info][gc,phases     ] GC(42)   Other: 1.8ms
[150.590s][info][gc,heap       ] GC(42) Eden regions: 397->0(396)
[150.591s][info][gc,heap       ] GC(42) Survivor regions: 24->27(53)
[150.591s][info][gc,heap       ] GC(42) Old regions: 172->172
[150.592s][info][gc,heap       ] GC(42) Humongous regions: 14->14
[150.592s][info][gc,metaspace  ] GC(42) Metaspace: 254388K->254388K(1275904K)
[150.593s][info][gc            ] GC(42) Pause Young (Normal) (G1 Evacuation Pause) 1211M->423M(1424M) 40.882ms
[150.594s][info][gc,cpu        ] GC(42) User=0.14s Sys=0.02s Real=0.04s
[153.128s][info][gc,start      ] GC(43) Pause Young (Normal) (G1 Evacuation Pause)
[153.128s][info][gc,task       ] GC(43) Using 9 workers of 9 for evacuation
[153.161s][info][gc,phases     ] GC(43)   Pre Evacuate Collection Set: 0.1ms
[153.162s][info][gc,phases     ] GC(43)   Evacuate Collection Set: 24.3ms
[153.162s][info][gc,phases     ] GC(43)   Post Evacuate Collection Set: 6.9ms
[153.163s][info][gc,phases     ] GC(43)   Other: 2.0ms
[153.164s][info][gc,heap       ] GC(43) Eden regions: 396->0(399)
[153.164s][info][gc,heap       ] GC(43) Survivor regions: 27->28(53)
[153.165s][info][gc,heap       ] GC(43) Old regions: 172->172
[153.165s][info][gc,heap       ] GC(43) Humongous regions: 14->4
[153.166s][info][gc,metaspace  ] GC(43) Metaspace: 254646K->254646K(1275904K)
[153.167s][info][gc            ] GC(43) Pause Young (Normal) (G1 Evacuation Pause) 1215M->405M(1424M) 38.956ms
[153.167s][info][gc,cpu        ] GC(43) User=0.15s Sys=0.02s Real=0.04s
[155.838s][info][gc,start      ] GC(44) Pause Young (Normal) (G1 Evacuation Pause)
[155.839s][info][gc,task       ] GC(44) Using 9 workers of 9 for evacuation
[155.881s][info][gc,phases     ] GC(44)   Pre Evacuate Collection Set: 0.1ms
[155.882s][info][gc,phases     ] GC(44)   Evacuate Collection Set: 34.0ms
[155.883s][info][gc,phases     ] GC(44)   Post Evacuate Collection Set: 7.5ms
[155.883s][info][gc,phases     ] GC(44)   Other: 1.7ms
[155.884s][info][gc,heap       ] GC(44) Eden regions: 399->0(396)
[155.885s][info][gc,heap       ] GC(44) Survivor regions: 28->31(54)
[155.885s][info][gc,heap       ] GC(44) Old regions: 172->172
[155.886s][info][gc,heap       ] GC(44) Humongous regions: 4->4
[155.886s][info][gc,metaspace  ] GC(44) Metaspace: 258687K->258687K(1280000K)
[155.887s][info][gc            ] GC(44) Pause Young (Normal) (G1 Evacuation Pause) 1203M->412M(1424M) 48.784ms
[155.887s][info][gc,cpu        ] GC(44) User=0.23s Sys=0.02s Real=0.05s
[158.530s][info][gc,start      ] GC(45) Pause Young (Normal) (G1 Evacuation Pause)
[158.531s][info][gc,task       ] GC(45) Using 9 workers of 9 for evacuation
[158.560s][info][gc,phases     ] GC(45)   Pre Evacuate Collection Set: 0.2ms
[158.561s][info][gc,phases     ] GC(45)   Evacuate Collection Set: 22.3ms
[158.562s][info][gc,phases     ] GC(45)   Post Evacuate Collection Set: 5.1ms
[158.562s][info][gc,phases     ] GC(45)   Other: 2.9ms
[158.563s][info][gc,heap       ] GC(45) Eden regions: 396->0(395)
[158.564s][info][gc,heap       ] GC(45) Survivor regions: 31->32(54)
[158.564s][info][gc,heap       ] GC(45) Old regions: 172->174
[158.565s][info][gc,heap       ] GC(45) Humongous regions: 4->4
[158.565s][info][gc,metaspace  ] GC(45) Metaspace: 258857K->258857K(1280000K)
[158.566s][info][gc            ] GC(45) Pause Young (Normal) (G1 Evacuation Pause) 1204M->417M(1424M) 35.998ms
[158.567s][info][gc,cpu        ] GC(45) User=0.18s Sys=0.01s Real=0.04s
[163.936s][info][gc,start      ] GC(46) Pause Young (Normal) (G1 Evacuation Pause)
[163.937s][info][gc,task       ] GC(46) Using 9 workers of 9 for evacuation
[163.999s][info][gc,phases     ] GC(46)   Pre Evacuate Collection Set: 0.1ms
[164.000s][info][gc,phases     ] GC(46)   Evacuate Collection Set: 56.2ms
[164.001s][info][gc,phases     ] GC(46)   Post Evacuate Collection Set: 5.4ms
[164.002s][info][gc,phases     ] GC(46)   Other: 1.7ms
[164.003s][info][gc,heap       ] GC(46) Eden regions: 395->0(398)
[164.003s][info][gc,heap       ] GC(46) Survivor regions: 32->29(54)
[164.004s][info][gc,heap       ] GC(46) Old regions: 174->179
[164.004s][info][gc,heap       ] GC(46) Humongous regions: 4->4
[164.005s][info][gc,metaspace  ] GC(46) Metaspace: 261740K->261740K(1282048K)
[164.006s][info][gc            ] GC(46) Pause Young (Normal) (G1 Evacuation Pause) 1207M->421M(1424M) 69.604ms
[164.006s][info][gc,cpu        ] GC(46) User=0.21s Sys=0.02s Real=0.07s
[166.060s][info][gc,start      ] GC(47) Pause Young (Normal) (G1 Evacuation Pause)
[166.061s][info][gc,task       ] GC(47) Using 9 workers of 9 for evacuation
[166.102s][info][gc,phases     ] GC(47)   Pre Evacuate Collection Set: 0.1ms
[166.103s][info][gc,phases     ] GC(47)   Evacuate Collection Set: 34.9ms
[166.104s][info][gc,phases     ] GC(47)   Post Evacuate Collection Set: 4.3ms
[166.105s][info][gc,phases     ] GC(47)   Other: 3.2ms
[166.105s][info][gc,heap       ] GC(47) Eden regions: 398->0(397)
[166.106s][info][gc,heap       ] GC(47) Survivor regions: 29->30(54)
[166.106s][info][gc,heap       ] GC(47) Old regions: 179->179
[166.107s][info][gc,heap       ] GC(47) Humongous regions: 4->4
[166.107s][info][gc,metaspace  ] GC(47) Metaspace: 261801K->261801K(1282048K)
[166.108s][info][gc            ] GC(47) Pause Young (Normal) (G1 Evacuation Pause) 1217M->424M(1424M) 48.111ms
[166.109s][info][gc,cpu        ] GC(47) User=0.12s Sys=0.03s Real=0.05s
[167.924s][info][gc,start      ] GC(48) Pause Young (Normal) (G1 Evacuation Pause)
[167.925s][info][gc,task       ] GC(48) Using 9 workers of 9 for evacuation
[167.957s][info][gc,phases     ] GC(48)   Pre Evacuate Collection Set: 0.1ms
[167.958s][info][gc,phases     ] GC(48)   Evacuate Collection Set: 26.5ms
[167.958s][info][gc,phases     ] GC(48)   Post Evacuate Collection Set: 4.5ms
[167.959s][info][gc,phases     ] GC(48)   Other: 1.9ms
[167.960s][info][gc,heap       ] GC(48) Eden regions: 397->0(397)
[167.960s][info][gc,heap       ] GC(48) Survivor regions: 30->29(54)
[167.961s][info][gc,heap       ] GC(48) Old regions: 179->181
[167.961s][info][gc,heap       ] GC(48) Humongous regions: 4->4
[167.962s][info][gc,metaspace  ] GC(48) Metaspace: 261804K->261804K(1282048K)
[167.963s][info][gc            ] GC(48) Pause Young (Normal) (G1 Evacuation Pause) 1218M->426M(1424M) 38.859ms
[167.963s][info][gc,cpu        ] GC(48) User=0.11s Sys=0.02s Real=0.04s
[171.187s][info][gc,start      ] GC(49) Pause Young (Normal) (G1 Evacuation Pause)
[171.188s][info][gc,task       ] GC(49) Using 9 workers of 9 for evacuation
[171.224s][info][gc,phases     ] GC(49)   Pre Evacuate Collection Set: 0.1ms
[171.225s][info][gc,phases     ] GC(49)   Evacuate Collection Set: 30.4ms
[171.225s][info][gc,phases     ] GC(49)   Post Evacuate Collection Set: 4.4ms
[171.226s][info][gc,phases     ] GC(49)   Other: 1.8ms
[171.226s][info][gc,heap       ] GC(49) Eden regions: 397->0(397)
[171.227s][info][gc,heap       ] GC(49) Survivor regions: 29->30(54)
[171.228s][info][gc,heap       ] GC(49) Old regions: 181->181
[171.228s][info][gc,heap       ] GC(49) Humongous regions: 4->2
[171.229s][info][gc,metaspace  ] GC(49) Metaspace: 261978K->261978K(1282048K)
[171.230s][info][gc            ] GC(49) Pause Young (Normal) (G1 Evacuation Pause) 1220M->425M(1424M) 42.524ms
[171.230s][info][gc,cpu        ] GC(49) User=0.12s Sys=0.03s Real=0.04s
[174.361s][info][gc,start      ] GC(50) Pause Young (Normal) (G1 Evacuation Pause)
[174.364s][info][gc,task       ] GC(50) Using 9 workers of 9 for evacuation
[174.391s][info][gc,phases     ] GC(50)   Pre Evacuate Collection Set: 0.1ms
[174.392s][info][gc,phases     ] GC(50)   Evacuate Collection Set: 21.8ms
[174.393s][info][gc,phases     ] GC(50)   Post Evacuate Collection Set: 4.2ms
[174.393s][info][gc,phases     ] GC(50)   Other: 3.6ms
[174.394s][info][gc,heap       ] GC(50) Eden regions: 397->0(392)
[174.394s][info][gc,heap       ] GC(50) Survivor regions: 30->31(54)
[174.395s][info][gc,heap       ] GC(50) Old regions: 181->184
[174.396s][info][gc,heap       ] GC(50) Humongous regions: 2->2
[174.396s][info][gc,metaspace  ] GC(50) Metaspace: 262035K->262035K(1282048K)
[174.397s][info][gc            ] GC(50) Pause Young (Normal) (G1 Evacuation Pause) 1219M->432M(1424M) 35.359ms
[174.397s][info][gc,cpu        ] GC(50) User=0.14s Sys=0.02s Real=0.04s
[177.375s][info][gc,start      ] GC(51) Pause Young (Normal) (G1 Evacuation Pause)
[177.376s][info][gc,task       ] GC(51) Using 9 workers of 9 for evacuation
[177.422s][info][gc,phases     ] GC(51)   Pre Evacuate Collection Set: 0.1ms
[177.423s][info][gc,phases     ] GC(51)   Evacuate Collection Set: 40.2ms
[177.424s][info][gc,phases     ] GC(51)   Post Evacuate Collection Set: 5.2ms
[177.425s][info][gc,phases     ] GC(51)   Other: 1.7ms
[177.425s][info][gc,heap       ] GC(51) Eden regions: 392->0(399)
[177.426s][info][gc,heap       ] GC(51) Survivor regions: 31->26(53)
[177.427s][info][gc,heap       ] GC(51) Old regions: 184->187
[177.427s][info][gc,heap       ] GC(51) Humongous regions: 2->2
[177.428s][info][gc,metaspace  ] GC(51) Metaspace: 262061K->262061K(1282048K)
[177.428s][info][gc            ] GC(51) Pause Young (Normal) (G1 Evacuation Pause) 1216M->429M(1424M) 52.864ms
[177.429s][info][gc,cpu        ] GC(51) User=0.18s Sys=0.02s Real=0.06s
[180.507s][info][gc,start      ] GC(52) Pause Young (Normal) (G1 Evacuation Pause)
[180.508s][info][gc,task       ] GC(52) Using 9 workers of 9 for evacuation
[180.533s][info][gc,phases     ] GC(52)   Pre Evacuate Collection Set: 0.1ms
[180.534s][info][gc,phases     ] GC(52)   Evacuate Collection Set: 18.4ms
[180.534s][info][gc,phases     ] GC(52)   Post Evacuate Collection Set: 5.9ms
[180.535s][info][gc,phases     ] GC(52)   Other: 1.9ms
[180.536s][info][gc,heap       ] GC(52) Eden regions: 399->0(388)
[180.537s][info][gc,heap       ] GC(52) Survivor regions: 26->30(54)
[180.537s][info][gc,heap       ] GC(52) Old regions: 187->187
[180.538s][info][gc,heap       ] GC(52) Humongous regions: 5->5
[180.538s][info][gc,metaspace  ] GC(52) Metaspace: 262103K->262103K(1282048K)
[180.539s][info][gc            ] GC(52) Pause Young (Normal) (G1 Evacuation Pause) 1233M->442M(1424M) 32.223ms
[180.540s][info][gc,cpu        ] GC(52) User=0.12s Sys=0.03s Real=0.03s
[183.898s][info][gc,start      ] GC(53) Pause Young (Normal) (G1 Evacuation Pause)
[183.899s][info][gc,task       ] GC(53) Using 9 workers of 9 for evacuation
[183.923s][info][gc,phases     ] GC(53)   Pre Evacuate Collection Set: 0.2ms
[183.924s][info][gc,phases     ] GC(53)   Evacuate Collection Set: 17.9ms
[183.924s][info][gc,phases     ] GC(53)   Post Evacuate Collection Set: 4.2ms
[183.925s][info][gc,phases     ] GC(53)   Other: 2.4ms
[183.925s][info][gc,heap       ] GC(53) Eden regions: 388->0(392)
[183.926s][info][gc,heap       ] GC(53) Survivor regions: 30->27(53)
[183.927s][info][gc,heap       ] GC(53) Old regions: 187->189
[183.927s][info][gc,heap       ] GC(53) Humongous regions: 5->5
[183.928s][info][gc,metaspace  ] GC(53) Metaspace: 262191K->262191K(1284096K)
[183.928s][info][gc            ] GC(53) Pause Young (Normal) (G1 Evacuation Pause) 1218M->441M(1424M) 30.239ms
[183.929s][info][gc,cpu        ] GC(53) User=0.16s Sys=0.04s Real=0.03s
[187.097s][info][gc,start      ] GC(54) Pause Young (Normal) (G1 Evacuation Pause)
[187.098s][info][gc,task       ] GC(54) Using 9 workers of 9 for evacuation
[187.123s][info][gc,phases     ] GC(54)   Pre Evacuate Collection Set: 0.1ms
[187.124s][info][gc,phases     ] GC(54)   Evacuate Collection Set: 18.3ms
[187.125s][info][gc,phases     ] GC(54)   Post Evacuate Collection Set: 5.3ms
[187.126s][info][gc,phases     ] GC(54)   Other: 1.8ms
[187.126s][info][gc,heap       ] GC(54) Eden regions: 392->0(388)
[187.127s][info][gc,heap       ] GC(54) Survivor regions: 27->29(53)
[187.127s][info][gc,heap       ] GC(54) Old regions: 189->189
[187.128s][info][gc,heap       ] GC(54) Humongous regions: 5->5
[187.129s][info][gc,metaspace  ] GC(54) Metaspace: 262198K->262198K(1284096K)
[187.129s][info][gc            ] GC(54) Pause Young (Normal) (G1 Evacuation Pause) 1225M->445M(1424M) 32.256ms
[187.130s][info][gc,cpu        ] GC(54) User=0.13s Sys=0.02s Real=0.03s
[189.786s][info][gc,start      ] GC(55) Pause Young (Normal) (G1 Evacuation Pause)
[189.787s][info][gc,task       ] GC(55) Using 9 workers of 9 for evacuation
[189.816s][info][gc,phases     ] GC(55)   Pre Evacuate Collection Set: 0.1ms
[189.817s][info][gc,phases     ] GC(55)   Evacuate Collection Set: 23.1ms
[189.818s][info][gc,phases     ] GC(55)   Post Evacuate Collection Set: 4.9ms
[189.818s][info][gc,phases     ] GC(55)   Other: 1.8ms
[189.819s][info][gc,heap       ] GC(55) Eden regions: 388->0(386)
[189.820s][info][gc,heap       ] GC(55) Survivor regions: 29->30(53)
[189.821s][info][gc,heap       ] GC(55) Old regions: 189->189
[189.821s][info][gc,heap       ] GC(55) Humongous regions: 5->5
[189.822s][info][gc,metaspace  ] GC(55) Metaspace: 262199K->262199K(1284096K)
[189.823s][info][gc            ] GC(55) Pause Young (Normal) (G1 Evacuation Pause) 1221M->446M(1424M) 36.469ms
[189.823s][info][gc,cpu        ] GC(55) User=0.18s Sys=0.03s Real=0.03s
[192.457s][info][gc,start      ] GC(56) Pause Young (Normal) (G1 Evacuation Pause)
[192.458s][info][gc,task       ] GC(56) Using 9 workers of 9 for evacuation
[192.481s][info][gc,phases     ] GC(56)   Pre Evacuate Collection Set: 0.0ms
[192.481s][info][gc,phases     ] GC(56)   Evacuate Collection Set: 15.7ms
[192.482s][info][gc,phases     ] GC(56)   Post Evacuate Collection Set: 5.4ms
[192.483s][info][gc,phases     ] GC(56)   Other: 2.1ms
[192.484s][info][gc,heap       ] GC(56) Eden regions: 386->0(388)
[192.484s][info][gc,heap       ] GC(56) Survivor regions: 30->28(52)
[192.485s][info][gc,heap       ] GC(56) Old regions: 189->191
[192.486s][info][gc,heap       ] GC(56) Humongous regions: 5->5
[192.486s][info][gc,metaspace  ] GC(56) Metaspace: 262225K->262225K(1284096K)
[192.487s][info][gc            ] GC(56) Pause Young (Normal) (G1 Evacuation Pause) 1218M->447M(1424M) 29.652ms
[192.488s][info][gc,cpu        ] GC(56) User=0.12s Sys=0.03s Real=0.03s
[195.065s][info][gc,start      ] GC(57) Pause Young (Normal) (G1 Evacuation Pause)
[195.066s][info][gc,task       ] GC(57) Using 9 workers of 9 for evacuation
[195.100s][info][gc,phases     ] GC(57)   Pre Evacuate Collection Set: 0.0ms
[195.101s][info][gc,phases     ] GC(57)   Evacuate Collection Set: 27.4ms
[195.102s][info][gc,phases     ] GC(57)   Post Evacuate Collection Set: 5.7ms
[195.103s][info][gc,phases     ] GC(57)   Other: 1.9ms
[195.103s][info][gc,heap       ] GC(57) Eden regions: 388->0(387)
[195.104s][info][gc,heap       ] GC(57) Survivor regions: 28->28(52)
[195.105s][info][gc,heap       ] GC(57) Old regions: 191->192
[195.105s][info][gc,heap       ] GC(57) Humongous regions: 5->5
[195.106s][info][gc,metaspace  ] GC(57) Metaspace: 262227K->262227K(1284096K)
[195.107s][info][gc            ] GC(57) Pause Young (Normal) (G1 Evacuation Pause) 1223M->448M(1424M) 41.259ms
[195.107s][info][gc,cpu        ] GC(57) User=0.12s Sys=0.03s Real=0.04s
[198.046s][info][gc,start      ] GC(58) Pause Young (Normal) (G1 Evacuation Pause)
[198.047s][info][gc,task       ] GC(58) Using 9 workers of 9 for evacuation
[198.068s][info][gc,phases     ] GC(58)   Pre Evacuate Collection Set: 0.1ms
[198.069s][info][gc,phases     ] GC(58)   Evacuate Collection Set: 15.2ms
[198.069s][info][gc,phases     ] GC(58)   Post Evacuate Collection Set: 4.3ms
[198.070s][info][gc,phases     ] GC(58)   Other: 1.9ms
[198.071s][info][gc,heap       ] GC(58) Eden regions: 387->0(387)
[198.071s][info][gc,heap       ] GC(58) Survivor regions: 28->28(52)
[198.073s][info][gc,heap       ] GC(58) Old regions: 192->192
[198.073s][info][gc,heap       ] GC(58) Humongous regions: 5->5
[198.074s][info][gc,metaspace  ] GC(58) Metaspace: 262227K->262227K(1284096K)
[198.075s][info][gc            ] GC(58) Pause Young (Normal) (G1 Evacuation Pause) 1222M->447M(1424M) 28.323ms
[198.075s][info][gc,cpu        ] GC(58) User=0.12s Sys=0.03s Real=0.02s
[201.268s][info][gc,start      ] GC(59) Pause Young (Normal) (G1 Evacuation Pause)
[201.269s][info][gc,task       ] GC(59) Using 9 workers of 9 for evacuation
[201.290s][info][gc,phases     ] GC(59)   Pre Evacuate Collection Set: 0.1ms
[201.290s][info][gc,phases     ] GC(59)   Evacuate Collection Set: 14.7ms
[201.291s][info][gc,phases     ] GC(59)   Post Evacuate Collection Set: 4.6ms
[201.292s][info][gc,phases     ] GC(59)   Other: 2.6ms
[201.293s][info][gc,heap       ] GC(59) Eden regions: 387->0(385)
[201.293s][info][gc,heap       ] GC(59) Survivor regions: 28->29(52)
[201.294s][info][gc,heap       ] GC(59) Old regions: 192->192
[201.294s][info][gc,heap       ] GC(59) Humongous regions: 5->5
[201.295s][info][gc,metaspace  ] GC(59) Metaspace: 262230K->262230K(1284096K)
[201.295s][info][gc            ] GC(59) Pause Young (Normal) (G1 Evacuation Pause) 1221M->450M(1424M) 27.800ms
[201.296s][info][gc,cpu        ] GC(59) User=0.11s Sys=0.03s Real=0.03s
[203.811s][info][gc,start      ] GC(60) Pause Young (Normal) (G1 Evacuation Pause)
[203.813s][info][gc,task       ] GC(60) Using 9 workers of 9 for evacuation
[203.833s][info][gc,phases     ] GC(60)   Pre Evacuate Collection Set: 0.1ms
[203.834s][info][gc,phases     ] GC(60)   Evacuate Collection Set: 14.5ms
[203.835s][info][gc,phases     ] GC(60)   Post Evacuate Collection Set: 4.7ms
[203.836s][info][gc,phases     ] GC(60)   Other: 2.8ms
[203.836s][info][gc,heap       ] GC(60) Eden regions: 385->0(382)
[203.837s][info][gc,heap       ] GC(60) Survivor regions: 29->30(52)
[203.838s][info][gc,heap       ] GC(60) Old regions: 192->193
[203.838s][info][gc,heap       ] GC(60) Humongous regions: 6->5
[203.839s][info][gc,metaspace  ] GC(60) Metaspace: 262326K->262326K(1284096K)
[203.839s][info][gc            ] GC(60) Pause Young (Normal) (G1 Evacuation Pause) 1222M->454M(1424M) 28.169ms
[203.840s][info][gc,cpu        ] GC(60) User=0.11s Sys=0.03s Real=0.03s
[206.124s][info][gc,start      ] GC(61) Pause Young (Normal) (G1 Evacuation Pause)
[206.125s][info][gc,task       ] GC(61) Using 9 workers of 9 for evacuation
[206.147s][info][gc,phases     ] GC(61)   Pre Evacuate Collection Set: 0.0ms
[206.147s][info][gc,phases     ] GC(61)   Evacuate Collection Set: 15.8ms
[206.148s][info][gc,phases     ] GC(61)   Post Evacuate Collection Set: 4.6ms
[206.149s][info][gc,phases     ] GC(61)   Other: 2.2ms
[206.149s][info][gc,heap       ] GC(61) Eden regions: 382->0(386)
[206.150s][info][gc,heap       ] GC(61) Survivor regions: 30->26(52)
[206.150s][info][gc,heap       ] GC(61) Old regions: 193->197
[206.151s][info][gc,heap       ] GC(61) Humongous regions: 5->5
[206.151s][info][gc,metaspace  ] GC(61) Metaspace: 262333K->262333K(1284096K)
[206.152s][info][gc            ] GC(61) Pause Young (Normal) (G1 Evacuation Pause) 1218M->454M(1424M) 27.921ms
[206.153s][info][gc,cpu        ] GC(61) User=0.12s Sys=0.03s Real=0.03s
[208.226s][info][gc,start      ] GC(62) Pause Young (Normal) (G1 Evacuation Pause)
[208.227s][info][gc,task       ] GC(62) Using 9 workers of 9 for evacuation
[208.252s][info][gc,phases     ] GC(62)   Pre Evacuate Collection Set: 0.1ms
[208.253s][info][gc,phases     ] GC(62)   Evacuate Collection Set: 19.2ms
[208.254s][info][gc,phases     ] GC(62)   Post Evacuate Collection Set: 4.3ms
[208.255s][info][gc,phases     ] GC(62)   Other: 2.9ms
[208.255s][info][gc,heap       ] GC(62) Eden regions: 386->0(384)
[208.256s][info][gc,heap       ] GC(62) Survivor regions: 26->27(52)
[208.256s][info][gc,heap       ] GC(62) Old regions: 197->197
[208.257s][info][gc,heap       ] GC(62) Humongous regions: 5->5
[208.258s][info][gc,metaspace  ] GC(62) Metaspace: 262348K->262348K(1284096K)
[208.259s][info][gc            ] GC(62) Pause Young (Normal) (G1 Evacuation Pause) 1226M->455M(1424M) 32.892ms
[208.259s][info][gc,cpu        ] GC(62) User=0.12s Sys=0.03s Real=0.03s
[210.540s][info][gc,start      ] GC(63) Pause Young (Normal) (G1 Evacuation Pause)
[210.541s][info][gc,task       ] GC(63) Using 9 workers of 9 for evacuation
[210.563s][info][gc,phases     ] GC(63)   Pre Evacuate Collection Set: 0.0ms
[210.564s][info][gc,phases     ] GC(63)   Evacuate Collection Set: 15.9ms
[210.564s][info][gc,phases     ] GC(63)   Post Evacuate Collection Set: 4.7ms
[210.565s][info][gc,phases     ] GC(63)   Other: 2.6ms
[210.566s][info][gc,heap       ] GC(63) Eden regions: 384->0(376)
[210.566s][info][gc,heap       ] GC(63) Survivor regions: 27->30(52)
[210.567s][info][gc,heap       ] GC(63) Old regions: 197->197
[210.567s][info][gc,heap       ] GC(63) Humongous regions: 7->7
[210.568s][info][gc,metaspace  ] GC(63) Metaspace: 262360K->262360K(1284096K)
[210.569s][info][gc            ] GC(63) Pause Young (Normal) (G1 Evacuation Pause) 1227M->466M(1424M) 28.643ms
[210.569s][info][gc,cpu        ] GC(63) User=0.11s Sys=0.03s Real=0.03s
[214.223s][info][gc,start      ] GC(64) Pause Young (Normal) (G1 Evacuation Pause)
[214.224s][info][gc,task       ] GC(64) Using 9 workers of 9 for evacuation
[214.255s][info][gc,phases     ] GC(64)   Pre Evacuate Collection Set: 0.0ms
[214.256s][info][gc,phases     ] GC(64)   Evacuate Collection Set: 25.4ms
[214.256s][info][gc,phases     ] GC(64)   Post Evacuate Collection Set: 4.6ms
[214.257s][info][gc,phases     ] GC(64)   Other: 2.4ms
[214.258s][info][gc,heap       ] GC(64) Eden regions: 376->0(372)
[214.258s][info][gc,heap       ] GC(64) Survivor regions: 30->31(51)
[214.259s][info][gc,heap       ] GC(64) Old regions: 197->199
[214.260s][info][gc,heap       ] GC(64) Humongous regions: 13->7
[214.260s][info][gc,metaspace  ] GC(64) Metaspace: 265990K->265990K(1286144K)
[214.261s][info][gc            ] GC(64) Pause Young (Normal) (G1 Evacuation Pause) 1230M->472M(1424M) 38.306ms
[214.261s][info][gc,cpu        ] GC(64) User=0.12s Sys=0.03s Real=0.04s
[216.465s][info][gc,start      ] GC(65) Pause Young (Normal) (G1 Evacuation Pause)
[216.466s][info][gc,task       ] GC(65) Using 9 workers of 9 for evacuation
[216.489s][info][gc,phases     ] GC(65)   Pre Evacuate Collection Set: 0.1ms
[216.489s][info][gc,phases     ] GC(65)   Evacuate Collection Set: 17.5ms
[216.490s][info][gc,phases     ] GC(65)   Post Evacuate Collection Set: 4.5ms
[216.491s][info][gc,phases     ] GC(65)   Other: 1.7ms
[216.492s][info][gc,heap       ] GC(65) Eden regions: 372->0(373)
[216.492s][info][gc,heap       ] GC(65) Survivor regions: 31->29(51)
[216.493s][info][gc,heap       ] GC(65) Old regions: 199->202
[216.493s][info][gc,heap       ] GC(65) Humongous regions: 7->7
[216.494s][info][gc,metaspace  ] GC(65) Metaspace: 265999K->265999K(1286144K)
[216.494s][info][gc            ] GC(65) Pause Young (Normal) (G1 Evacuation Pause) 1216M->474M(1424M) 29.285ms
[216.495s][info][gc,cpu        ] GC(65) User=0.12s Sys=0.04s Real=0.03s
[224.206s][info][gc,start      ] GC(66) Pause Young (Normal) (G1 Evacuation Pause)
[224.207s][info][gc,task       ] GC(66) Using 9 workers of 9 for evacuation
[224.303s][info][gc,phases     ] GC(66)   Pre Evacuate Collection Set: 0.1ms
[224.304s][info][gc,phases     ] GC(66)   Evacuate Collection Set: 88.5ms
[224.305s][info][gc,phases     ] GC(66)   Post Evacuate Collection Set: 6.3ms
[224.305s][info][gc,phases     ] GC(66)   Other: 2.1ms
[224.306s][info][gc,heap       ] GC(66) Eden regions: 373->0(300)
[224.307s][info][gc,heap       ] GC(66) Survivor regions: 29->51(51)
[224.307s][info][gc,heap       ] GC(66) Old regions: 202->225
[224.308s][info][gc,heap       ] GC(66) Humongous regions: 14->5
[224.309s][info][gc,metaspace  ] GC(66) Metaspace: 299071K->299071K(1316864K)
[224.309s][info][gc            ] GC(66) Pause Young (Normal) (G1 Evacuation Pause) 1234M->561M(1424M) 102.860ms
[224.310s][info][gc,cpu        ] GC(66) User=0.34s Sys=0.03s Real=0.10s
[227.863s][info][gc,start      ] GC(67) Pause Young (Normal) (G1 Evacuation Pause)
[227.866s][info][gc,task       ] GC(67) Using 9 workers of 9 for evacuation
[227.959s][info][gc,phases     ] GC(67)   Pre Evacuate Collection Set: 0.1ms
[227.960s][info][gc,phases     ] GC(67)   Evacuate Collection Set: 83.2ms
[227.961s][info][gc,phases     ] GC(67)   Post Evacuate Collection Set: 8.5ms
[227.961s][info][gc,phases     ] GC(67)   Other: 4.2ms
[227.962s][info][gc,heap       ] GC(67) Eden regions: 300->0(267)
[227.963s][info][gc,heap       ] GC(67) Survivor regions: 51->33(44)
[227.964s][info][gc,heap       ] GC(67) Old regions: 225->272
[227.964s][info][gc,heap       ] GC(67) Humongous regions: 10->8
[227.965s][info][gc,metaspace  ] GC(67) Metaspace: 327480K->327480K(1341440K)
[227.966s][info][gc            ] GC(67) Pause Young (Normal) (G1 Evacuation Pause) 1171M->624M(1424M) 103.044ms
[227.966s][info][gc,cpu        ] GC(67) User=0.37s Sys=0.06s Real=0.11s
[229.190s][info][gc,start      ] GC(68) Pause Young (Concurrent Start) (Metadata GC Threshold)
[229.191s][info][gc,task       ] GC(68) Using 9 workers of 9 for evacuation
[229.242s][info][gc,phases     ] GC(68)   Pre Evacuate Collection Set: 0.8ms
[229.243s][info][gc,phases     ] GC(68)   Evacuate Collection Set: 42.4ms
[229.243s][info][gc,phases     ] GC(68)   Post Evacuate Collection Set: 6.5ms
[229.244s][info][gc,phases     ] GC(68)   Other: 2.0ms
[229.244s][info][gc,heap       ] GC(68) Eden regions: 21->0(273)
[229.245s][info][gc,heap       ] GC(68) Survivor regions: 33->5(38)
[229.246s][info][gc,heap       ] GC(68) Old regions: 272->303
[229.246s][info][gc,heap       ] GC(68) Humongous regions: 8->8
[229.247s][info][gc,metaspace  ] GC(68) Metaspace: 330459K->330459K(1343488K)
[229.247s][info][gc            ] GC(68) Pause Young (Concurrent Start) (Metadata GC Threshold) 665M->631M(1424M) 57.291ms
[229.248s][info][gc,cpu        ] GC(68) User=0.19s Sys=0.00s Real=0.06s
[229.249s][info][gc            ] GC(69) Concurrent Cycle
[229.249s][info][gc,marking    ] GC(69) Concurrent Clear Claimed Marks
[229.250s][info][gc,marking    ] GC(69) Concurrent Clear Claimed Marks 1.143ms
[229.251s][info][gc,marking    ] GC(69) Concurrent Scan Root Regions
[229.255s][info][gc,marking    ] GC(69) Concurrent Scan Root Regions 3.716ms
[229.255s][info][gc,marking    ] GC(69) Concurrent Mark (229.255s)
[229.255s][info][gc,marking    ] GC(69) Concurrent Mark From Roots
[229.256s][info][gc,task       ] GC(69) Using 2 workers of 2 for marking
[229.511s][info][gc,marking    ] GC(69) Concurrent Mark From Roots 256.009ms
[229.512s][info][gc,marking    ] GC(69) Concurrent Preclean
[229.517s][info][gc,marking    ] GC(69) Concurrent Preclean 4.437ms
[229.518s][info][gc,marking    ] GC(69) Concurrent Mark (229.255s, 229.518s) 262.501ms
[229.521s][info][gc,start      ] GC(69) Pause Remark
[229.579s][info][gc,stringtable] GC(69) Cleaned string and symbol table, strings: 148756 processed, 5074 removed, symbols: 790893 processed, 193 removed
[229.583s][info][gc            ] GC(69) Pause Remark 659M->659M(1424M) 61.551ms
[229.584s][info][gc,cpu        ] GC(69) User=0.39s Sys=0.00s Real=0.06s
[229.585s][info][gc,marking    ] GC(69) Concurrent Rebuild Remembered Sets
[229.804s][info][gc,marking    ] GC(69) Concurrent Rebuild Remembered Sets 218.925ms
[229.807s][info][gc,start      ] GC(69) Pause Cleanup
[229.809s][info][gc            ] GC(69) Pause Cleanup 712M->712M(1424M) 1.104ms
[229.809s][info][gc,cpu        ] GC(69) User=0.00s Sys=0.00s Real=0.00s
[229.810s][info][gc,marking    ] GC(69) Concurrent Cleanup for Next Mark
[229.812s][info][gc,marking    ] GC(69) Concurrent Cleanup for Next Mark 1.713ms
[229.813s][info][gc            ] GC(69) Concurrent Cycle 563.962ms
[233.342s][info][gc,heap,exit  ] Heap
[233.343s][info][gc,heap,exit  ]  garbage-first heap   total 1458176K, used 1252544K [0x0000000489200000, 0x0000000800000000)
[233.344s][info][gc,heap,exit  ]   region size 2048K, 238 young (487424K), 5 survivors (10240K)
[233.345s][info][gc,heap,exit  ]  Metaspace       used 333834K, capacity 344753K, committed 348100K, reserved 1349632K
[233.345s][info][gc,heap,exit  ]   class space    used 43722K, capacity 47797K, committed 48844K, reserved 1048576K
