[0.010s][info][gc,heap] Heap region size: 2M
[0.014s][info][gc     ] Using G1
[0.015s][info][gc,heap,coops] Heap address: 0x0000000489200000, size: 14190 MB, Compressed Oops mode: Zero based, Oop shift amount: 3
[0.529s][info][gc,start     ] GC(0) Pause Young (Normal) (G1 Evacuation Pause)
[0.532s][info][gc,task      ] GC(0) Using 8 workers of 9 for evacuation
[0.543s][info][gc,phases    ] GC(0)   Pre Evacuate Collection Set: 0.0ms
[0.544s][info][gc,phases    ] GC(0)   Evacuate Collection Set: 8.6ms
[0.544s][info][gc,phases    ] GC(0)   Post Evacuate Collection Set: 1.2ms
[0.545s][info][gc,phases    ] GC(0)   Other: 3.8ms
[0.546s][info][gc,heap      ] GC(0) Eden regions: 12->0(93)
[0.546s][info][gc,heap      ] GC(0) Survivor regions: 0->2(2)
[0.547s][info][gc,heap      ] GC(0) Old regions: 0->2
[0.548s][info][gc,heap      ] GC(0) Humongous regions: 0->0
[0.549s][info][gc,metaspace ] GC(0) Metaspace: 17848K->17848K(1067008K)
[0.549s][info][gc           ] GC(0) Pause Young (Normal) (G1 Evacuation Pause) 24M->7M(318M) 20.141ms
[0.550s][info][gc,cpu       ] GC(0) User=0.04s Sys=0.01s Real=0.02s
[0.618s][info][gc,start     ] GC(1) Pause Young (Concurrent Start) (Metadata GC Threshold)
[0.620s][info][gc,task      ] GC(1) Using 8 workers of 9 for evacuation
[0.626s][info][gc,phases    ] GC(1)   Pre Evacuate Collection Set: 0.1ms
[0.626s][info][gc,phases    ] GC(1)   Evacuate Collection Set: 3.9ms
[0.627s][info][gc,phases    ] GC(1)   Post Evacuate Collection Set: 0.9ms
[0.628s][info][gc,phases    ] GC(1)   Other: 2.4ms
[0.629s][info][gc,heap      ] GC(1) Eden regions: 4->0(24)
[0.630s][info][gc,heap      ] GC(1) Survivor regions: 2->2(12)
[0.630s][info][gc,heap      ] GC(1) Old regions: 2->2
[0.631s][info][gc,heap      ] GC(1) Humongous regions: 0->0
[0.632s][info][gc,metaspace ] GC(1) Metaspace: 20588K->20588K(1069056K)
[0.632s][info][gc           ] GC(1) Pause Young (Concurrent Start) (Metadata GC Threshold) 15M->7M(318M) 13.974ms
[0.633s][info][gc,cpu       ] GC(1) User=0.02s Sys=0.01s Real=0.01s
[0.634s][info][gc           ] GC(2) Concurrent Cycle
[0.635s][info][gc,marking   ] GC(2) Concurrent Clear Claimed Marks
[0.635s][info][gc,marking   ] GC(2) Concurrent Clear Claimed Marks 0.518ms
[0.635s][info][gc,marking   ] GC(2) Concurrent Scan Root Regions
[0.637s][info][gc,marking   ] GC(2) Concurrent Scan Root Regions 1.738ms
[0.638s][info][gc,marking   ] GC(2) Concurrent Mark (0.638s)
[0.638s][info][gc,marking   ] GC(2) Concurrent Mark From Roots
[0.639s][info][gc,task      ] GC(2) Using 2 workers of 2 for marking
[0.642s][info][gc,marking   ] GC(2) Concurrent Mark From Roots 3.494ms
[0.642s][info][gc,marking   ] GC(2) Concurrent Preclean
[0.643s][info][gc,marking   ] GC(2) Concurrent Preclean 1.027ms
[0.644s][info][gc,marking   ] GC(2) Concurrent Mark (0.638s, 0.644s) 6.333ms
[0.646s][info][gc,start     ] GC(2) Pause Remark
[0.650s][info][gc,stringtable] GC(2) Cleaned string and symbol table, strings: 9102 processed, 0 removed, symbols: 73291 processed, 29 removed
[0.651s][info][gc            ] GC(2) Pause Remark 9M->9M(318M) 5.227ms
[0.652s][info][gc,cpu        ] GC(2) User=0.01s Sys=0.00s Real=0.00s
[0.653s][info][gc,marking    ] GC(2) Concurrent Rebuild Remembered Sets
[0.655s][info][gc,marking    ] GC(2) Concurrent Rebuild Remembered Sets 2.515ms
[0.657s][info][gc,start      ] GC(2) Pause Cleanup
[0.658s][info][gc            ] GC(2) Pause Cleanup 9M->9M(318M) 1.145ms
[0.659s][info][gc,cpu        ] GC(2) User=0.00s Sys=0.01s Real=0.00s
[0.660s][info][gc,marking    ] GC(2) Concurrent Cleanup for Next Mark
[0.663s][info][gc,marking    ] GC(2) Concurrent Cleanup for Next Mark 2.679ms
[0.663s][info][gc            ] GC(2) Concurrent Cycle 29.532ms
[0.825s][info][gc,start      ] GC(3) Pause Young (Concurrent Start) (G1 Evacuation Pause)
[0.826s][info][gc,task       ] GC(3) Using 8 workers of 9 for evacuation
[0.838s][info][gc,phases     ] GC(3)   Pre Evacuate Collection Set: 0.1ms
[0.839s][info][gc,phases     ] GC(3)   Evacuate Collection Set: 9.2ms
[0.840s][info][gc,phases     ] GC(3)   Post Evacuate Collection Set: 1.3ms
[0.841s][info][gc,phases     ] GC(3)   Other: 2.1ms
[0.842s][info][gc,heap       ] GC(3) Eden regions: 15->0(22)
[0.843s][info][gc,heap       ] GC(3) Survivor regions: 2->3(3)
[0.844s][info][gc,heap       ] GC(3) Old regions: 2->6
[0.844s][info][gc,heap       ] GC(3) Humongous regions: 0->0
[0.845s][info][gc,metaspace  ] GC(3) Metaspace: 23934K->23934K(1071104K)
[0.846s][info][gc            ] GC(3) Pause Young (Concurrent Start) (G1 Evacuation Pause) 37M->17M(318M) 21.028ms
[0.847s][info][gc,cpu        ] GC(3) User=0.05s Sys=0.02s Real=0.02s
[0.848s][info][gc            ] GC(4) Concurrent Cycle
[0.849s][info][gc,marking    ] GC(4) Concurrent Clear Claimed Marks
[0.849s][info][gc,marking    ] GC(4) Concurrent Clear Claimed Marks 0.759ms
[0.850s][info][gc,marking    ] GC(4) Concurrent Scan Root Regions
[0.852s][info][gc,marking    ] GC(4) Concurrent Scan Root Regions 2.368ms
[0.853s][info][gc,marking    ] GC(4) Concurrent Mark (0.853s)
[0.854s][info][gc,marking    ] GC(4) Concurrent Mark From Roots
[0.855s][info][gc,task       ] GC(4) Using 2 workers of 2 for marking
[0.864s][info][gc,marking    ] GC(4) Concurrent Mark From Roots 10.054ms
[0.865s][info][gc,marking    ] GC(4) Concurrent Preclean
[0.866s][info][gc,marking    ] GC(4) Concurrent Preclean 1.069ms
[0.867s][info][gc,marking    ] GC(4) Concurrent Mark (0.853s, 0.867s) 13.771ms
[0.868s][info][gc,start      ] GC(4) Pause Remark
[0.872s][info][gc,stringtable] GC(4) Cleaned string and symbol table, strings: 11759 processed, 0 removed, symbols: 80241 processed, 18 removed
[0.873s][info][gc            ] GC(4) Pause Remark 21M->21M(318M) 5.224ms
[0.874s][info][gc,cpu        ] GC(4) User=0.02s Sys=0.00s Real=0.00s
[0.875s][info][gc,marking    ] GC(4) Concurrent Rebuild Remembered Sets
[0.882s][info][gc,marking    ] GC(4) Concurrent Rebuild Remembered Sets 6.433ms
[0.883s][info][gc,start      ] GC(4) Pause Cleanup
[0.884s][info][gc            ] GC(4) Pause Cleanup 21M->21M(318M) 0.962ms
[0.885s][info][gc,cpu        ] GC(4) User=0.00s Sys=0.00s Real=0.01s
[0.886s][info][gc,marking    ] GC(4) Concurrent Cleanup for Next Mark
[0.888s][info][gc,marking    ] GC(4) Concurrent Cleanup for Next Mark 2.043ms
[0.889s][info][gc            ] GC(4) Concurrent Cycle 41.063ms
[1.388s][info][gc,start      ] GC(5) Pause Young (Concurrent Start) (Metadata GC Threshold)
[1.390s][info][gc,task       ] GC(5) Using 9 workers of 9 for evacuation
[1.404s][info][gc,phases     ] GC(5)   Pre Evacuate Collection Set: 0.2ms
[1.405s][info][gc,phases     ] GC(5)   Evacuate Collection Set: 11.3ms
[1.406s][info][gc,phases     ] GC(5)   Post Evacuate Collection Set: 1.7ms
[1.407s][info][gc,phases     ] GC(5)   Other: 2.3ms
[1.407s][info][gc,heap       ] GC(5) Eden regions: 13->0(25)
[1.408s][info][gc,heap       ] GC(5) Survivor regions: 3->3(3)
[1.409s][info][gc,heap       ] GC(5) Old regions: 6->9
[1.410s][info][gc,heap       ] GC(5) Humongous regions: 0->0
[1.410s][info][gc,metaspace  ] GC(5) Metaspace: 40543K->40543K(1087488K)
[1.411s][info][gc            ] GC(5) Pause Young (Concurrent Start) (Metadata GC Threshold) 42M->23M(318M) 22.911ms
[1.412s][info][gc,cpu        ] GC(5) User=0.05s Sys=0.02s Real=0.02s
[1.413s][info][gc            ] GC(6) Concurrent Cycle
[1.413s][info][gc,marking    ] GC(6) Concurrent Clear Claimed Marks
[1.414s][info][gc,marking    ] GC(6) Concurrent Clear Claimed Marks 0.460ms
[1.414s][info][gc,marking    ] GC(6) Concurrent Scan Root Regions
[1.418s][info][gc,marking    ] GC(6) Concurrent Scan Root Regions 3.552ms
[1.418s][info][gc,marking    ] GC(6) Concurrent Mark (1.418s)
[1.419s][info][gc,marking    ] GC(6) Concurrent Mark From Roots
[1.420s][info][gc,task       ] GC(6) Using 2 workers of 2 for marking
[1.438s][info][gc,marking    ] GC(6) Concurrent Mark From Roots 19.304ms
[1.439s][info][gc,marking    ] GC(6) Concurrent Preclean
[1.440s][info][gc,marking    ] GC(6) Concurrent Preclean 0.789ms
[1.440s][info][gc,marking    ] GC(6) Concurrent Mark (1.418s, 1.440s) 22.269ms
[1.444s][info][gc,start      ] GC(6) Pause Remark
[1.452s][info][gc,stringtable] GC(6) Cleaned string and symbol table, strings: 18199 processed, 15 removed, symbols: 130663 processed, 96 removed
[1.454s][info][gc            ] GC(6) Pause Remark 26M->26M(318M) 9.610ms
[1.455s][info][gc,cpu        ] GC(6) User=0.01s Sys=0.00s Real=0.01s
[1.455s][info][gc,marking    ] GC(6) Concurrent Rebuild Remembered Sets
[1.471s][info][gc,marking    ] GC(6) Concurrent Rebuild Remembered Sets 15.995ms
[1.475s][info][gc,start      ] GC(6) Pause Cleanup
[1.476s][info][gc            ] GC(6) Pause Cleanup 27M->27M(318M) 1.187ms
[1.476s][info][gc,cpu        ] GC(6) User=0.00s Sys=0.00s Real=0.00s
[1.478s][info][gc,marking    ] GC(6) Concurrent Cleanup for Next Mark
[1.479s][info][gc,marking    ] GC(6) Concurrent Cleanup for Next Mark 1.524ms
[1.480s][info][gc            ] GC(6) Concurrent Cycle 67.069ms
[1.851s][info][gc,start      ] GC(7) Pause Young (Concurrent Start) (G1 Evacuation Pause)
[1.853s][info][gc,task       ] GC(7) Using 9 workers of 9 for evacuation
[1.870s][info][gc,phases     ] GC(7)   Pre Evacuate Collection Set: 0.2ms
[1.871s][info][gc,phases     ] GC(7)   Evacuate Collection Set: 11.3ms
[1.872s][info][gc,phases     ] GC(7)   Post Evacuate Collection Set: 5.3ms
[1.873s][info][gc,phases     ] GC(7)   Other: 2.7ms
[1.873s][info][gc,heap       ] GC(7) Eden regions: 25->0(38)
[1.874s][info][gc,heap       ] GC(7) Survivor regions: 3->4(4)
[1.874s][info][gc,heap       ] GC(7) Old regions: 9->12
[1.875s][info][gc,heap       ] GC(7) Humongous regions: 0->0
[1.876s][info][gc,metaspace  ] GC(7) Metaspace: 52715K->52715K(1097728K)
[1.876s][info][gc            ] GC(7) Pause Young (Concurrent Start) (G1 Evacuation Pause) 73M->31M(446M) 25.066ms
[1.877s][info][gc,cpu        ] GC(7) User=0.07s Sys=0.01s Real=0.03s
[1.877s][info][gc            ] GC(8) Concurrent Cycle
[1.878s][info][gc,marking    ] GC(8) Concurrent Clear Claimed Marks
[1.879s][info][gc,marking    ] GC(8) Concurrent Clear Claimed Marks 0.806ms
[1.879s][info][gc,marking    ] GC(8) Concurrent Scan Root Regions
[1.882s][info][gc,marking    ] GC(8) Concurrent Scan Root Regions 2.770ms
[1.883s][info][gc,marking    ] GC(8) Concurrent Mark (1.883s)
[1.883s][info][gc,marking    ] GC(8) Concurrent Mark From Roots
[1.884s][info][gc,task       ] GC(8) Using 2 workers of 2 for marking
[1.905s][info][gc,marking    ] GC(8) Concurrent Mark From Roots 21.346ms
[1.905s][info][gc,marking    ] GC(8) Concurrent Preclean
[1.906s][info][gc,marking    ] GC(8) Concurrent Preclean 0.848ms
[1.907s][info][gc,marking    ] GC(8) Concurrent Mark (1.883s, 1.907s) 24.214ms
[1.908s][info][gc,start      ] GC(8) Pause Remark
[1.913s][info][gc,stringtable] GC(8) Cleaned string and symbol table, strings: 22514 processed, 264 removed, symbols: 162872 processed, 44 removed
[1.914s][info][gc            ] GC(8) Pause Remark 34M->34M(446M) 6.218ms
[1.915s][info][gc,cpu        ] GC(8) User=0.03s Sys=0.00s Real=0.01s
[1.916s][info][gc,marking    ] GC(8) Concurrent Rebuild Remembered Sets
[1.925s][info][gc,marking    ] GC(8) Concurrent Rebuild Remembered Sets 9.206ms
[1.929s][info][gc,start      ] GC(8) Pause Cleanup
[1.930s][info][gc            ] GC(8) Pause Cleanup 35M->35M(446M) 0.885ms
[1.930s][info][gc,cpu        ] GC(8) User=0.00s Sys=0.00s Real=0.00s
[1.931s][info][gc,marking    ] GC(8) Concurrent Cleanup for Next Mark
[1.945s][info][gc,marking    ] GC(8) Concurrent Cleanup for Next Mark 13.494ms
[1.945s][info][gc            ] GC(8) Concurrent Cycle 68.129ms
[2.713s][info][gc,start      ] GC(9) Pause Young (Normal) (G1 Evacuation Pause)
[2.714s][info][gc,task       ] GC(9) Using 9 workers of 9 for evacuation
[2.731s][info][gc,phases     ] GC(9)   Pre Evacuate Collection Set: 0.1ms
[2.733s][info][gc,phases     ] GC(9)   Evacuate Collection Set: 11.6ms
[2.734s][info][gc,phases     ] GC(9)   Post Evacuate Collection Set: 4.5ms
[2.734s][info][gc,phases     ] GC(9)   Other: 1.9ms
[2.735s][info][gc,heap       ] GC(9) Eden regions: 38->0(51)
[2.736s][info][gc,heap       ] GC(9) Survivor regions: 4->6(6)
[2.737s][info][gc,heap       ] GC(9) Old regions: 12->16
[2.738s][info][gc,heap       ] GC(9) Humongous regions: 24->0
[2.739s][info][gc,metaspace  ] GC(9) Metaspace: 78745K->78745K(1122304K)
[2.740s][info][gc            ] GC(9) Pause Young (Normal) (G1 Evacuation Pause) 155M->42M(446M) 26.622ms
[2.741s][info][gc,cpu        ] GC(9) User=0.08s Sys=0.01s Real=0.03s
[2.939s][info][gc,start      ] GC(10) Pause Young (Normal) (G1 Evacuation Pause)
[2.940s][info][gc,task       ] GC(10) Using 9 workers of 9 for evacuation
[2.956s][info][gc,phases     ] GC(10)   Pre Evacuate Collection Set: 0.0ms
[2.956s][info][gc,phases     ] GC(10)   Evacuate Collection Set: 11.0ms
[2.957s][info][gc,phases     ] GC(10)   Post Evacuate Collection Set: 3.8ms
[2.957s][info][gc,phases     ] GC(10)   Other: 1.3ms
[2.958s][info][gc,heap       ] GC(10) Eden regions: 51->0(68)
[2.959s][info][gc,heap       ] GC(10) Survivor regions: 6->7(8)
[2.959s][info][gc,heap       ] GC(10) Old regions: 16->21
[2.960s][info][gc,heap       ] GC(10) Humongous regions: 0->0
[2.960s][info][gc,metaspace  ] GC(10) Metaspace: 81741K->81741K(1124352K)
[2.961s][info][gc            ] GC(10) Pause Young (Normal) (G1 Evacuation Pause) 144M->55M(446M) 21.414ms
[2.961s][info][gc,cpu        ] GC(10) User=0.08s Sys=0.01s Real=0.02s
[3.283s][info][gc,start      ] GC(11) Pause Young (Concurrent Start) (Metadata GC Threshold)
[3.284s][info][gc,task       ] GC(11) Using 9 workers of 9 for evacuation
[3.297s][info][gc,phases     ] GC(11)   Pre Evacuate Collection Set: 0.2ms
[3.297s][info][gc,phases     ] GC(11)   Evacuate Collection Set: 8.9ms
[3.298s][info][gc,phases     ] GC(11)   Post Evacuate Collection Set: 2.6ms
[3.299s][info][gc,phases     ] GC(11)   Other: 2.1ms
[3.299s][info][gc,heap       ] GC(11) Eden regions: 15->0(71)
[3.300s][info][gc,heap       ] GC(11) Survivor regions: 7->3(10)
[3.300s][info][gc,heap       ] GC(11) Old regions: 21->28
[3.301s][info][gc,heap       ] GC(11) Humongous regions: 6->0
[3.301s][info][gc,metaspace  ] GC(11) Metaspace: 88587K->88587K(1130496K)
[3.302s][info][gc            ] GC(11) Pause Young (Concurrent Start) (Metadata GC Threshold) 96M->60M(446M) 19.008ms
[3.303s][info][gc,cpu        ] GC(11) User=0.05s Sys=0.01s Real=0.02s
[3.303s][info][gc            ] GC(12) Concurrent Cycle
[3.304s][info][gc,marking    ] GC(12) Concurrent Clear Claimed Marks
[3.305s][info][gc,marking    ] GC(12) Concurrent Clear Claimed Marks 0.790ms
[3.305s][info][gc,marking    ] GC(12) Concurrent Scan Root Regions
[3.307s][info][gc,marking    ] GC(12) Concurrent Scan Root Regions 2.259ms
[3.308s][info][gc,marking    ] GC(12) Concurrent Mark (3.308s)
[3.309s][info][gc,marking    ] GC(12) Concurrent Mark From Roots
[3.309s][info][gc,task       ] GC(12) Using 2 workers of 2 for marking
[3.355s][info][gc,marking    ] GC(12) Concurrent Mark From Roots 46.180ms
[3.356s][info][gc,marking    ] GC(12) Concurrent Preclean
[3.357s][info][gc,marking    ] GC(12) Concurrent Preclean 0.956ms
[3.358s][info][gc,marking    ] GC(12) Concurrent Mark (3.308s, 3.358s) 49.494ms
[3.359s][info][gc,start      ] GC(12) Pause Remark
[3.370s][info][gc,stringtable] GC(12) Cleaned string and symbol table, strings: 37191 processed, 51 removed, symbols: 261503 processed, 92 removed
[3.372s][info][gc            ] GC(12) Pause Remark 64M->64M(446M) 12.947ms
[3.372s][info][gc,cpu        ] GC(12) User=0.07s Sys=0.00s Real=0.01s
[3.373s][info][gc,marking    ] GC(12) Concurrent Rebuild Remembered Sets
[3.399s][info][gc,marking    ] GC(12) Concurrent Rebuild Remembered Sets 25.767ms
[3.400s][info][gc,start      ] GC(12) Pause Cleanup
[3.401s][info][gc            ] GC(12) Pause Cleanup 64M->64M(446M) 0.904ms
[3.402s][info][gc,cpu        ] GC(12) User=0.00s Sys=0.00s Real=0.00s
[3.402s][info][gc,marking    ] GC(12) Concurrent Cleanup for Next Mark
[3.404s][info][gc,marking    ] GC(12) Concurrent Cleanup for Next Mark 1.327ms
[3.404s][info][gc            ] GC(12) Concurrent Cycle 101.128ms
[5.272s][info][gc,start      ] GC(13) Pause Young (Normal) (G1 Evacuation Pause)
[5.274s][info][gc,task       ] GC(13) Using 9 workers of 9 for evacuation
[5.296s][info][gc,phases     ] GC(13)   Pre Evacuate Collection Set: 0.2ms
[5.296s][info][gc,phases     ] GC(13)   Evacuate Collection Set: 16.1ms
[5.297s][info][gc,phases     ] GC(13)   Post Evacuate Collection Set: 4.2ms
[5.298s][info][gc,phases     ] GC(13)   Other: 2.7ms
[5.298s][info][gc,heap       ] GC(13) Eden regions: 73->0(174)
[5.299s][info][gc,heap       ] GC(13) Survivor regions: 3->10(10)
[5.299s][info][gc,heap       ] GC(13) Old regions: 28->32
[5.300s][info][gc,heap       ] GC(13) Humongous regions: 26->7
[5.300s][info][gc,metaspace  ] GC(13) Metaspace: 109682K->109682K(1150976K)
[5.301s][info][gc            ] GC(13) Pause Young (Normal) (G1 Evacuation Pause) 258M->97M(636M) 28.239ms
[5.301s][info][gc,cpu        ] GC(13) User=0.09s Sys=0.02s Real=0.03s
[5.538s][info][gc,heap,exit  ] Heap
[5.538s][info][gc,heap,exit  ]  garbage-first heap   total 651264K, used 118553K [0x0000000489200000, 0x0000000800000000)
[5.539s][info][gc,heap,exit  ]   region size 2048K, 20 young (40960K), 10 survivors (20480K)
[5.539s][info][gc,heap,exit  ]  Metaspace       used 111211K, capacity 116422K, committed 116500K, reserved 1150976K
[5.540s][info][gc,heap,exit  ]   class space    used 12843K, capacity 14671K, committed 14720K, reserved 1048576K
