[0.015s][info][gc,heap] Heap region size: 2M
[0.019s][info][gc     ] Using G1
[0.019s][info][gc,heap,coops] Heap address: 0x0000000489200000, size: 14190 MB, Compressed Oops mode: Zero based, Oop shift amount: 3
[0.630s][info][gc,start     ] GC(0) Pause Young (Normal) (G1 Evacuation Pause)
[0.633s][info][gc,task      ] GC(0) Using 8 workers of 9 for evacuation
[0.644s][info][gc,phases    ] GC(0)   Pre Evacuate Collection Set: 0.0ms
[0.645s][info][gc,phases    ] GC(0)   Evacuate Collection Set: 9.3ms
[0.646s][info][gc,phases    ] GC(0)   Post Evacuate Collection Set: 1.2ms
[0.647s][info][gc,phases    ] GC(0)   Other: 3.6ms
[0.648s][info][gc,heap      ] GC(0) Eden regions: 12->0(93)
[0.649s][info][gc,heap      ] GC(0) Survivor regions: 0->2(2)
[0.650s][info][gc,heap      ] GC(0) Old regions: 0->3
[0.651s][info][gc,heap      ] GC(0) Humongous regions: 0->0
[0.651s][info][gc,metaspace ] GC(0) Metaspace: 18239K->18239K(1067008K)
[0.652s][info][gc           ] GC(0) Pause Young (Normal) (G1 Evacuation Pause) 24M->8M(318M) 22.119ms
[0.653s][info][gc,cpu       ] GC(0) User=0.05s Sys=0.01s Real=0.02s
[0.716s][info][gc,start     ] GC(1) Pause Young (Concurrent Start) (Metadata GC Threshold)
[0.716s][info][gc,task      ] GC(1) Using 8 workers of 9 for evacuation
[0.726s][info][gc,phases    ] GC(1)   Pre Evacuate Collection Set: 0.1ms
[0.726s][info][gc,phases    ] GC(1)   Evacuate Collection Set: 7.2ms
[0.727s][info][gc,phases    ] GC(1)   Post Evacuate Collection Set: 1.0ms
[0.728s][info][gc,phases    ] GC(1)   Other: 1.8ms
[0.729s][info][gc,heap      ] GC(1) Eden regions: 4->0(25)
[0.730s][info][gc,heap      ] GC(1) Survivor regions: 2->1(2)
[0.731s][info][gc,heap      ] GC(1) Old regions: 3->4
[0.731s][info][gc,heap      ] GC(1) Humongous regions: 0->0
[0.732s][info][gc,metaspace ] GC(1) Metaspace: 20617K->20617K(1069056K)
[0.733s][info][gc           ] GC(1) Pause Young (Concurrent Start) (Metadata GC Threshold) 15M->7M(318M) 17.220ms
[0.733s][info][gc,cpu       ] GC(1) User=0.04s Sys=0.01s Real=0.02s
[0.734s][info][gc           ] GC(2) Concurrent Cycle
[0.734s][info][gc,marking   ] GC(2) Concurrent Clear Claimed Marks
[0.735s][info][gc,marking   ] GC(2) Concurrent Clear Claimed Marks 0.428ms
[0.735s][info][gc,marking   ] GC(2) Concurrent Scan Root Regions
[0.736s][info][gc,marking   ] GC(2) Concurrent Scan Root Regions 1.253ms
[0.737s][info][gc,marking   ] GC(2) Concurrent Mark (0.737s)
[0.737s][info][gc,marking   ] GC(2) Concurrent Mark From Roots
[0.738s][info][gc,task      ] GC(2) Using 2 workers of 2 for marking
[0.746s][info][gc,marking   ] GC(2) Concurrent Mark From Roots 8.893ms
[0.747s][info][gc,marking   ] GC(2) Concurrent Preclean
[0.748s][info][gc,marking   ] GC(2) Concurrent Preclean 0.766ms
[0.749s][info][gc,marking   ] GC(2) Concurrent Mark (0.737s, 0.749s) 11.928ms
[0.751s][info][gc,start     ] GC(2) Pause Remark
[0.757s][info][gc,stringtable] GC(2) Cleaned string and symbol table, strings: 9029 processed, 13 removed, symbols: 72834 processed, 29 removed
[0.758s][info][gc            ] GC(2) Pause Remark 9M->9M(318M) 6.991ms
[0.759s][info][gc,cpu        ] GC(2) User=0.01s Sys=0.00s Real=0.00s
[0.760s][info][gc,marking    ] GC(2) Concurrent Rebuild Remembered Sets
[0.766s][info][gc,marking    ] GC(2) Concurrent Rebuild Remembered Sets 5.427ms
[0.767s][info][gc,start      ] GC(2) Pause Cleanup
[0.768s][info][gc            ] GC(2) Pause Cleanup 9M->9M(318M) 0.900ms
[0.769s][info][gc,cpu        ] GC(2) User=0.00s Sys=0.00s Real=0.00s
[0.770s][info][gc,marking    ] GC(2) Concurrent Cleanup for Next Mark
[0.772s][info][gc,marking    ] GC(2) Concurrent Cleanup for Next Mark 2.366ms
[0.773s][info][gc            ] GC(2) Concurrent Cycle 39.054ms
[1.354s][info][gc,start      ] GC(3) Pause Young (Concurrent Start) (Metadata GC Threshold)
[1.355s][info][gc,task       ] GC(3) Using 9 workers of 9 for evacuation
[1.367s][info][gc,phases     ] GC(3)   Pre Evacuate Collection Set: 0.1ms
[1.368s][info][gc,phases     ] GC(3)   Evacuate Collection Set: 10.1ms
[1.369s][info][gc,phases     ] GC(3)   Post Evacuate Collection Set: 1.2ms
[1.370s][info][gc,phases     ] GC(3)   Other: 2.3ms
[1.371s][info][gc,heap       ] GC(3) Eden regions: 23->0(29)
[1.372s][info][gc,heap       ] GC(3) Survivor regions: 1->4(4)
[1.373s][info][gc,heap       ] GC(3) Old regions: 4->7
[1.374s][info][gc,heap       ] GC(3) Humongous regions: 0->0
[1.375s][info][gc,metaspace  ] GC(3) Metaspace: 35564K->35564K(1081344K)
[1.376s][info][gc            ] GC(3) Pause Young (Concurrent Start) (Metadata GC Threshold) 52M->21M(318M) 21.840ms
[1.376s][info][gc,cpu        ] GC(3) User=0.03s Sys=0.01s Real=0.02s
[1.377s][info][gc            ] GC(4) Concurrent Cycle
[1.378s][info][gc,marking    ] GC(4) Concurrent Clear Claimed Marks
[1.378s][info][gc,marking    ] GC(4) Concurrent Clear Claimed Marks 0.717ms
[1.379s][info][gc,marking    ] GC(4) Concurrent Scan Root Regions
[1.382s][info][gc,marking    ] GC(4) Concurrent Scan Root Regions 2.773ms
[1.383s][info][gc,marking    ] GC(4) Concurrent Mark (1.383s)
[1.383s][info][gc,marking    ] GC(4) Concurrent Mark From Roots
[1.384s][info][gc,task       ] GC(4) Using 2 workers of 2 for marking
[1.402s][info][gc,marking    ] GC(4) Concurrent Mark From Roots 18.545ms
[1.403s][info][gc,marking    ] GC(4) Concurrent Preclean
[1.404s][info][gc,marking    ] GC(4) Concurrent Preclean 0.941ms
[1.405s][info][gc,marking    ] GC(4) Concurrent Mark (1.383s, 1.405s) 22.087ms
[1.407s][info][gc,start      ] GC(4) Pause Remark
[1.419s][info][gc,stringtable] GC(4) Cleaned string and symbol table, strings: 15825 processed, 2 removed, symbols: 117006 processed, 94 removed
[1.420s][info][gc            ] GC(4) Pause Remark 24M->24M(318M) 13.474ms
[1.421s][info][gc,cpu        ] GC(4) User=0.06s Sys=0.00s Real=0.02s
[1.422s][info][gc,marking    ] GC(4) Concurrent Rebuild Remembered Sets
[1.435s][info][gc,marking    ] GC(4) Concurrent Rebuild Remembered Sets 13.033ms
[1.437s][info][gc,start      ] GC(4) Pause Cleanup
[1.438s][info][gc            ] GC(4) Pause Cleanup 25M->25M(318M) 1.377ms
[1.439s][info][gc,cpu        ] GC(4) User=0.00s Sys=0.00s Real=0.00s
[1.440s][info][gc,marking    ] GC(4) Concurrent Cleanup for Next Mark
[1.445s][info][gc,marking    ] GC(4) Concurrent Cleanup for Next Mark 4.963ms
[1.447s][info][gc            ] GC(4) Concurrent Cycle 69.636ms
[1.602s][info][gc,start      ] GC(5) Pause Young (Concurrent Start) (G1 Evacuation Pause)
[1.603s][info][gc,task       ] GC(5) Using 9 workers of 9 for evacuation
[1.615s][info][gc,phases     ] GC(5)   Pre Evacuate Collection Set: 0.1ms
[1.616s][info][gc,phases     ] GC(5)   Evacuate Collection Set: 8.3ms
[1.616s][info][gc,phases     ] GC(5)   Post Evacuate Collection Set: 1.9ms
[1.617s][info][gc,phases     ] GC(5)   Other: 2.5ms
[1.618s][info][gc,heap       ] GC(5) Eden regions: 9->0(26)
[1.619s][info][gc,heap       ] GC(5) Survivor regions: 4->2(2)
[1.620s][info][gc,heap       ] GC(5) Old regions: 7->12
[1.620s][info][gc,heap       ] GC(5) Humongous regions: 0->0
[1.621s][info][gc,metaspace  ] GC(5) Metaspace: 45107K->45107K(1091584K)
[1.622s][info][gc            ] GC(5) Pause Young (Concurrent Start) (G1 Evacuation Pause) 39M->26M(318M) 19.997ms
[1.623s][info][gc,cpu        ] GC(5) User=0.04s Sys=0.01s Real=0.02s
[1.624s][info][gc            ] GC(6) Concurrent Cycle
[1.624s][info][gc,marking    ] GC(6) Concurrent Clear Claimed Marks
[1.625s][info][gc,marking    ] GC(6) Concurrent Clear Claimed Marks 0.542ms
[1.625s][info][gc,marking    ] GC(6) Concurrent Scan Root Regions
[1.627s][info][gc,marking    ] GC(6) Concurrent Scan Root Regions 1.773ms
[1.628s][info][gc,marking    ] GC(6) Concurrent Mark (1.628s)
[1.629s][info][gc,marking    ] GC(6) Concurrent Mark From Roots
[1.629s][info][gc,task       ] GC(6) Using 2 workers of 2 for marking
[1.642s][info][gc,marking    ] GC(6) Concurrent Mark From Roots 13.491ms
[1.643s][info][gc,marking    ] GC(6) Concurrent Preclean
[1.644s][info][gc,marking    ] GC(6) Concurrent Preclean 1.001ms
[1.645s][info][gc,marking    ] GC(6) Concurrent Mark (1.628s, 1.645s) 17.132ms
[1.647s][info][gc,start      ] GC(6) Pause Remark
[1.653s][info][gc,stringtable] GC(6) Cleaned string and symbol table, strings: 19607 processed, 4 removed, symbols: 143968 processed, 37 removed
[1.655s][info][gc            ] GC(6) Pause Remark 29M->29M(318M) 8.402ms
[1.656s][info][gc,cpu        ] GC(6) User=0.02s Sys=0.01s Real=0.01s
[1.657s][info][gc,marking    ] GC(6) Concurrent Rebuild Remembered Sets
[1.666s][info][gc,marking    ] GC(6) Concurrent Rebuild Remembered Sets 9.174ms
[1.668s][info][gc,start      ] GC(6) Pause Cleanup
[1.669s][info][gc            ] GC(6) Pause Cleanup 31M->31M(318M) 1.108ms
[1.670s][info][gc,cpu        ] GC(6) User=0.00s Sys=0.00s Real=0.00s
[1.670s][info][gc,marking    ] GC(6) Concurrent Cleanup for Next Mark
[1.671s][info][gc,marking    ] GC(6) Concurrent Cleanup for Next Mark 0.890ms
[1.672s][info][gc            ] GC(6) Concurrent Cycle 48.527ms
[2.091s][info][gc,start      ] GC(7) Pause Young (Normal) (G1 Evacuation Pause)
[2.092s][info][gc,task       ] GC(7) Using 9 workers of 9 for evacuation
[2.105s][info][gc,phases     ] GC(7)   Pre Evacuate Collection Set: 0.0ms
[2.106s][info][gc,phases     ] GC(7)   Evacuate Collection Set: 6.5ms
[2.107s][info][gc,phases     ] GC(7)   Post Evacuate Collection Set: 5.9ms
[2.107s][info][gc,phases     ] GC(7)   Other: 1.8ms
[2.108s][info][gc,heap       ] GC(7) Eden regions: 26->0(39)
[2.108s][info][gc,heap       ] GC(7) Survivor regions: 2->4(4)
[2.109s][info][gc,heap       ] GC(7) Old regions: 12->12
[2.110s][info][gc,heap       ] GC(7) Humongous regions: 0->0
[2.110s][info][gc,metaspace  ] GC(7) Metaspace: 56426K->56426K(1101824K)
[2.111s][info][gc            ] GC(7) Pause Young (Normal) (G1 Evacuation Pause) 78M->31M(420M) 19.591ms
[2.111s][info][gc,cpu        ] GC(7) User=0.05s Sys=0.02s Real=0.02s
[2.758s][info][gc,start      ] GC(8) Pause Young (Concurrent Start) (Metadata GC Threshold)
[2.759s][info][gc,task       ] GC(8) Using 9 workers of 9 for evacuation
[2.776s][info][gc,phases     ] GC(8)   Pre Evacuate Collection Set: 0.4ms
[2.776s][info][gc,phases     ] GC(8)   Evacuate Collection Set: 9.3ms
[2.777s][info][gc,phases     ] GC(8)   Post Evacuate Collection Set: 5.7ms
[2.778s][info][gc,phases     ] GC(8)   Other: 2.4ms
[2.779s][info][gc,heap       ] GC(8) Eden regions: 20->0(36)
[2.780s][info][gc,heap       ] GC(8) Survivor regions: 4->6(6)
[2.781s][info][gc,heap       ] GC(8) Old regions: 12->14
[2.782s][info][gc,heap       ] GC(8) Humongous regions: 24->0
[2.782s][info][gc,metaspace  ] GC(8) Metaspace: 75319K->75319K(1118208K)
[2.783s][info][gc            ] GC(8) Pause Young (Concurrent Start) (Metadata GC Threshold) 119M->39M(420M) 25.480ms
[2.784s][info][gc,cpu        ] GC(8) User=0.08s Sys=0.01s Real=0.03s
[2.785s][info][gc            ] GC(9) Concurrent Cycle
[2.785s][info][gc,marking    ] GC(9) Concurrent Clear Claimed Marks
[2.787s][info][gc,marking    ] GC(9) Concurrent Clear Claimed Marks 1.058ms
[2.787s][info][gc,marking    ] GC(9) Concurrent Scan Root Regions
[2.792s][info][gc,marking    ] GC(9) Concurrent Scan Root Regions 4.652ms
[2.793s][info][gc,marking    ] GC(9) Concurrent Mark (2.793s)
[2.793s][info][gc,marking    ] GC(9) Concurrent Mark From Roots
[2.794s][info][gc,task       ] GC(9) Using 2 workers of 2 for marking
[2.818s][info][gc,marking    ] GC(9) Concurrent Mark From Roots 24.232ms
[2.819s][info][gc,marking    ] GC(9) Concurrent Preclean
[2.820s][info][gc,marking    ] GC(9) Concurrent Preclean 1.444ms
[2.822s][info][gc,marking    ] GC(9) Concurrent Mark (2.793s, 2.821s) 28.470ms
[2.826s][info][gc,start      ] GC(9) Pause Remark
[2.832s][info][gc,stringtable] GC(9) Cleaned string and symbol table, strings: 30324 processed, 350 removed, symbols: 227103 processed, 97 removed
[2.834s][info][gc            ] GC(9) Pause Remark 43M->43M(420M) 8.149ms
[2.835s][info][gc,cpu        ] GC(9) User=0.02s Sys=0.00s Real=0.01s
[2.836s][info][gc,marking    ] GC(9) Concurrent Rebuild Remembered Sets
[2.850s][info][gc,marking    ] GC(9) Concurrent Rebuild Remembered Sets 14.108ms
[2.851s][info][gc,start      ] GC(9) Pause Cleanup
[2.852s][info][gc            ] GC(9) Pause Cleanup 46M->46M(420M) 0.801ms
[2.853s][info][gc,cpu        ] GC(9) User=0.00s Sys=0.00s Real=0.00s
[2.854s][info][gc,marking    ] GC(9) Concurrent Cleanup for Next Mark
[2.856s][info][gc,marking    ] GC(9) Concurrent Cleanup for Next Mark 1.741ms
[2.856s][info][gc            ] GC(9) Concurrent Cycle 71.736ms
[3.013s][info][gc,start      ] GC(10) Pause Young (Concurrent Start) (G1 Evacuation Pause)
[3.015s][info][gc,task       ] GC(10) Using 9 workers of 9 for evacuation
[3.042s][info][gc,phases     ] GC(10)   Pre Evacuate Collection Set: 0.2ms
[3.043s][info][gc,phases     ] GC(10)   Evacuate Collection Set: 23.3ms
[3.044s][info][gc,phases     ] GC(10)   Post Evacuate Collection Set: 2.8ms
[3.045s][info][gc,phases     ] GC(10)   Other: 2.7ms
[3.046s][info][gc,heap       ] GC(10) Eden regions: 36->0(50)
[3.046s][info][gc,heap       ] GC(10) Survivor regions: 6->5(6)
[3.047s][info][gc,heap       ] GC(10) Old regions: 14->20
[3.048s][info][gc,heap       ] GC(10) Humongous regions: 0->0
[3.048s][info][gc,metaspace  ] GC(10) Metaspace: 80515K->80515K(1124352K)
[3.049s][info][gc            ] GC(10) Pause Young (Concurrent Start) (G1 Evacuation Pause) 111M->49M(420M) 35.692ms
[3.049s][info][gc,cpu        ] GC(10) User=0.07s Sys=0.02s Real=0.03s
[3.050s][info][gc            ] GC(11) Concurrent Cycle
[3.051s][info][gc,marking    ] GC(11) Concurrent Clear Claimed Marks
[3.052s][info][gc,marking    ] GC(11) Concurrent Clear Claimed Marks 1.812ms
[3.054s][info][gc,marking    ] GC(11) Concurrent Scan Root Regions
[3.057s][info][gc,marking    ] GC(11) Concurrent Scan Root Regions 2.967ms
[3.057s][info][gc,marking    ] GC(11) Concurrent Mark (3.057s)
[3.058s][info][gc,marking    ] GC(11) Concurrent Mark From Roots
[3.059s][info][gc,task       ] GC(11) Using 2 workers of 2 for marking
[3.091s][info][gc,marking    ] GC(11) Concurrent Mark From Roots 33.002ms
[3.092s][info][gc,marking    ] GC(11) Concurrent Preclean
[3.093s][info][gc,marking    ] GC(11) Concurrent Preclean 0.958ms
[3.093s][info][gc,marking    ] GC(11) Concurrent Mark (3.057s, 3.093s) 35.892ms
[3.094s][info][gc,start      ] GC(11) Pause Remark
[3.100s][info][gc,stringtable] GC(11) Cleaned string and symbol table, strings: 32080 processed, 5 removed, symbols: 240384 processed, 13 removed
[3.101s][info][gc            ] GC(11) Pause Remark 70M->70M(420M) 6.563ms
[3.101s][info][gc,cpu        ] GC(11) User=0.03s Sys=0.00s Real=0.01s
[3.102s][info][gc,marking    ] GC(11) Concurrent Rebuild Remembered Sets
[3.120s][info][gc,marking    ] GC(11) Concurrent Rebuild Remembered Sets 17.874ms
[3.121s][info][gc,start      ] GC(11) Pause Cleanup
[3.122s][info][gc            ] GC(11) Pause Cleanup 82M->82M(420M) 0.806ms
[3.123s][info][gc,cpu        ] GC(11) User=0.00s Sys=0.00s Real=0.00s
[3.123s][info][gc,marking    ] GC(11) Concurrent Cleanup for Next Mark
[3.125s][info][gc,marking    ] GC(11) Concurrent Cleanup for Next Mark 1.628ms
[3.126s][info][gc            ] GC(11) Concurrent Cycle 75.607ms
[3.923s][info][gc,start      ] GC(12) Pause Young (Normal) (G1 Evacuation Pause)
[3.923s][info][gc,task       ] GC(12) Using 9 workers of 9 for evacuation
[3.944s][info][gc,phases     ] GC(12)   Pre Evacuate Collection Set: 0.0ms
[3.945s][info][gc,phases     ] GC(12)   Evacuate Collection Set: 10.0ms
[3.946s][info][gc,phases     ] GC(12)   Post Evacuate Collection Set: 9.5ms
[3.946s][info][gc,phases     ] GC(12)   Other: 1.5ms
[3.947s][info][gc,heap       ] GC(12) Eden regions: 50->0(72)
[3.948s][info][gc,heap       ] GC(12) Survivor regions: 5->7(7)
[3.948s][info][gc,heap       ] GC(12) Old regions: 20->25
[3.949s][info][gc,heap       ] GC(12) Humongous regions: 6->0
[3.949s][info][gc,metaspace  ] GC(12) Metaspace: 94520K->94520K(1136640K)
[3.950s][info][gc            ] GC(12) Pause Young (Normal) (G1 Evacuation Pause) 161M->62M(420M) 26.854ms
[3.950s][info][gc,cpu        ] GC(12) User=0.12s Sys=0.01s Real=0.03s
[5.820s][info][gc,start      ] GC(13) Pause Young (Normal) (G1 Evacuation Pause)
[5.821s][info][gc,task       ] GC(13) Using 9 workers of 9 for evacuation
[5.868s][info][gc,phases     ] GC(13)   Pre Evacuate Collection Set: 0.0ms
[5.869s][info][gc,phases     ] GC(13)   Evacuate Collection Set: 40.8ms
[5.870s][info][gc,phases     ] GC(13)   Post Evacuate Collection Set: 4.9ms
[5.871s][info][gc,phases     ] GC(13)   Other: 2.7ms
[5.871s][info][gc,heap       ] GC(13) Eden regions: 72->0(92)
[5.872s][info][gc,heap       ] GC(13) Survivor regions: 7->10(10)
[5.872s][info][gc,heap       ] GC(13) Old regions: 25->32
[5.873s][info][gc,heap       ] GC(13) Humongous regions: 26->7
[5.874s][info][gc,metaspace  ] GC(13) Metaspace: 105295K->105295K(1146880K)
[5.874s][info][gc            ] GC(13) Pause Young (Normal) (G1 Evacuation Pause) 258M->97M(630M) 54.174ms
[5.875s][info][gc,cpu        ] GC(13) User=0.16s Sys=0.02s Real=0.06s
[9.067s][info][gc,start      ] GC(14) Pause Young (Normal) (G1 Evacuation Pause)
[9.068s][info][gc,task       ] GC(14) Using 9 workers of 9 for evacuation
[9.094s][info][gc,phases     ] GC(14)   Pre Evacuate Collection Set: 0.1ms
[9.095s][info][gc,phases     ] GC(14)   Evacuate Collection Set: 22.7ms
[9.096s][info][gc,phases     ] GC(14)   Post Evacuate Collection Set: 2.4ms
[9.097s][info][gc,phases     ] GC(14)   Other: 2.6ms
[9.098s][info][gc,heap       ] GC(14) Eden regions: 91->0(122)
[9.099s][info][gc,heap       ] GC(14) Survivor regions: 10->3(13)
[9.099s][info][gc,heap       ] GC(14) Old regions: 32->43
[9.100s][info][gc,heap       ] GC(14) Humongous regions: 7->7
[9.101s][info][gc,metaspace  ] GC(14) Metaspace: 105426K->105426K(1146880K)
[9.102s][info][gc            ] GC(14) Pause Young (Normal) (G1 Evacuation Pause) 279M->103M(630M) 34.946ms
[9.102s][info][gc,cpu        ] GC(14) User=0.15s Sys=0.02s Real=0.04s
[11.718s][info][gc,start      ] GC(15) Pause Young (Normal) (G1 Evacuation Pause)
[11.719s][info][gc,task       ] GC(15) Using 9 workers of 9 for evacuation
[11.739s][info][gc,phases     ] GC(15)   Pre Evacuate Collection Set: 0.0ms
[11.740s][info][gc,phases     ] GC(15)   Evacuate Collection Set: 14.3ms
[11.741s][info][gc,phases     ] GC(15)   Post Evacuate Collection Set: 4.8ms
[11.742s][info][gc,phases     ] GC(15)   Other: 2.0ms
[11.743s][info][gc,heap       ] GC(15) Eden regions: 122->0(181)
[11.743s][info][gc,heap       ] GC(15) Survivor regions: 3->8(16)
[11.744s][info][gc,heap       ] GC(15) Old regions: 43->43
[11.745s][info][gc,heap       ] GC(15) Humongous regions: 8->7
[11.745s][info][gc,metaspace  ] GC(15) Metaspace: 114250K->114250K(1153024K)
[11.746s][info][gc            ] GC(15) Pause Young (Normal) (G1 Evacuation Pause) 349M->114M(630M) 27.758ms
[11.747s][info][gc,cpu        ] GC(15) User=0.07s Sys=0.01s Real=0.03s
[12.915s][info][gc,start      ] GC(16) Pause Young (Normal) (G1 Evacuation Pause)
[12.915s][info][gc,task       ] GC(16) Using 9 workers of 9 for evacuation
[12.930s][info][gc,phases     ] GC(16)   Pre Evacuate Collection Set: 0.1ms
[12.931s][info][gc,phases     ] GC(16)   Evacuate Collection Set: 8.7ms
[12.932s][info][gc,phases     ] GC(16)   Post Evacuate Collection Set: 4.7ms
[12.932s][info][gc,phases     ] GC(16)   Other: 2.0ms
[12.933s][info][gc,heap       ] GC(16) Eden regions: 181->0(177)
[12.934s][info][gc,heap       ] GC(16) Survivor regions: 8->12(24)
[12.935s][info][gc,heap       ] GC(16) Old regions: 43->43
[12.935s][info][gc,heap       ] GC(16) Humongous regions: 22->7
[12.936s][info][gc,metaspace  ] GC(16) Metaspace: 119622K->119622K(1159168K)
[12.937s][info][gc            ] GC(16) Pause Young (Normal) (G1 Evacuation Pause) 506M->121M(630M) 22.139ms
[12.937s][info][gc,cpu        ] GC(16) User=0.07s Sys=0.01s Real=0.02s
[13.779s][info][gc,start      ] GC(17) Pause Young (Normal) (G1 Evacuation Pause)
[13.780s][info][gc,task       ] GC(17) Using 9 workers of 9 for evacuation
[13.803s][info][gc,phases     ] GC(17)   Pre Evacuate Collection Set: 0.0ms
[13.804s][info][gc,phases     ] GC(17)   Evacuate Collection Set: 17.8ms
[13.804s][info][gc,phases     ] GC(17)   Post Evacuate Collection Set: 3.9ms
[13.805s][info][gc,phases     ] GC(17)   Other: 1.8ms
[13.806s][info][gc,heap       ] GC(17) Eden regions: 177->0(232)
[13.806s][info][gc,heap       ] GC(17) Survivor regions: 12->15(24)
[13.807s][info][gc,heap       ] GC(17) Old regions: 43->43
[13.807s][info][gc,heap       ] GC(17) Humongous regions: 7->7
[13.808s][info][gc,metaspace  ] GC(17) Metaspace: 120776K->120776K(1159168K)
[13.808s][info][gc            ] GC(17) Pause Young (Normal) (G1 Evacuation Pause) 475M->128M(826M) 29.069ms
[13.809s][info][gc,cpu        ] GC(17) User=0.13s Sys=0.01s Real=0.03s
[14.712s][info][gc,start      ] GC(18) Pause Young (Normal) (G1 Evacuation Pause)
[14.713s][info][gc,task       ] GC(18) Using 9 workers of 9 for evacuation
[14.734s][info][gc,phases     ] GC(18)   Pre Evacuate Collection Set: 0.0ms
[14.734s][info][gc,phases     ] GC(18)   Evacuate Collection Set: 15.9ms
[14.735s][info][gc,phases     ] GC(18)   Post Evacuate Collection Set: 3.6ms
[14.736s][info][gc,phases     ] GC(18)   Other: 1.9ms
[14.736s][info][gc,heap       ] GC(18) Eden regions: 232->0(231)
[14.737s][info][gc,heap       ] GC(18) Survivor regions: 15->16(31)
[14.738s][info][gc,heap       ] GC(18) Old regions: 43->43
[14.738s][info][gc,heap       ] GC(18) Humongous regions: 7->7
[14.739s][info][gc,metaspace  ] GC(18) Metaspace: 120805K->120805K(1159168K)
[14.739s][info][gc            ] GC(18) Pause Young (Normal) (G1 Evacuation Pause) 592M->130M(826M) 27.221ms
[14.740s][info][gc,cpu        ] GC(18) User=0.13s Sys=0.02s Real=0.02s
[15.604s][info][gc,start      ] GC(19) Pause Young (Normal) (G1 Evacuation Pause)
[15.605s][info][gc,task       ] GC(19) Using 9 workers of 9 for evacuation
[15.625s][info][gc,phases     ] GC(19)   Pre Evacuate Collection Set: 0.1ms
[15.626s][info][gc,phases     ] GC(19)   Evacuate Collection Set: 14.3ms
[15.626s][info][gc,phases     ] GC(19)   Post Evacuate Collection Set: 3.5ms
[15.627s][info][gc,phases     ] GC(19)   Other: 2.9ms
[15.628s][info][gc,heap       ] GC(19) Eden regions: 231->0(230)
[15.628s][info][gc,heap       ] GC(19) Survivor regions: 16->17(31)
[15.629s][info][gc,heap       ] GC(19) Old regions: 43->43
[15.630s][info][gc,heap       ] GC(19) Humongous regions: 7->7
[15.631s][info][gc,metaspace  ] GC(19) Metaspace: 120856K->120856K(1159168K)
[15.632s][info][gc            ] GC(19) Pause Young (Normal) (G1 Evacuation Pause) 592M->131M(826M) 27.574ms
[15.632s][info][gc,cpu        ] GC(19) User=0.10s Sys=0.01s Real=0.03s
[16.475s][info][gc,start      ] GC(20) Pause Young (Normal) (G1 Evacuation Pause)
[16.476s][info][gc,task       ] GC(20) Using 9 workers of 9 for evacuation
[16.503s][info][gc,phases     ] GC(20)   Pre Evacuate Collection Set: 0.0ms
[16.503s][info][gc,phases     ] GC(20)   Evacuate Collection Set: 13.1ms
[16.504s][info][gc,phases     ] GC(20)   Post Evacuate Collection Set: 12.4ms
[16.505s][info][gc,phases     ] GC(20)   Other: 1.9ms
[16.506s][info][gc,heap       ] GC(20) Eden regions: 230->0(230)
[16.506s][info][gc,heap       ] GC(20) Survivor regions: 17->17(31)
[16.507s][info][gc,heap       ] GC(20) Old regions: 43->43
[16.507s][info][gc,heap       ] GC(20) Humongous regions: 7->7
[16.508s][info][gc,metaspace  ] GC(20) Metaspace: 120879K->120879K(1159168K)
[16.508s][info][gc            ] GC(20) Pause Young (Normal) (G1 Evacuation Pause) 591M->132M(826M) 33.385ms
[16.509s][info][gc,cpu        ] GC(20) User=0.16s Sys=0.01s Real=0.03s
[17.398s][info][gc,start      ] GC(21) Pause Young (Normal) (G1 Evacuation Pause)
[17.399s][info][gc,task       ] GC(21) Using 9 workers of 9 for evacuation
[17.418s][info][gc,phases     ] GC(21)   Pre Evacuate Collection Set: 0.0ms
[17.419s][info][gc,phases     ] GC(21)   Evacuate Collection Set: 14.8ms
[17.420s][info][gc,phases     ] GC(21)   Post Evacuate Collection Set: 3.6ms
[17.420s][info][gc,phases     ] GC(21)   Other: 1.8ms
[17.421s][info][gc,heap       ] GC(21) Eden regions: 230->0(280)
[17.422s][info][gc,heap       ] GC(21) Survivor regions: 17->17(31)
[17.422s][info][gc,heap       ] GC(21) Old regions: 43->44
[17.423s][info][gc,heap       ] GC(21) Humongous regions: 7->7
[17.423s][info][gc,metaspace  ] GC(21) Metaspace: 120904K->120904K(1159168K)
[17.424s][info][gc            ] GC(21) Pause Young (Normal) (G1 Evacuation Pause) 592M->133M(992M) 26.050ms
[17.424s][info][gc,cpu        ] GC(21) User=0.07s Sys=0.02s Real=0.03s
[18.474s][info][gc,start      ] GC(22) Pause Young (Normal) (GCLocker Initiated GC)
[18.475s][info][gc,task       ] GC(22) Using 9 workers of 9 for evacuation
[18.499s][info][gc,phases     ] GC(22)   Pre Evacuate Collection Set: 0.0ms
[18.500s][info][gc,phases     ] GC(22)   Evacuate Collection Set: 20.0ms
[18.501s][info][gc,phases     ] GC(22)   Post Evacuate Collection Set: 3.3ms
[18.502s][info][gc,phases     ] GC(22)   Other: 1.8ms
[18.502s][info][gc,heap       ] GC(22) Eden regions: 281->0(280)
[18.503s][info][gc,heap       ] GC(22) Survivor regions: 17->17(38)
[18.503s][info][gc,heap       ] GC(22) Old regions: 44->44
[18.504s][info][gc,heap       ] GC(22) Humongous regions: 7->7
[18.505s][info][gc,metaspace  ] GC(22) Metaspace: 120921K->120921K(1159168K)
[18.505s][info][gc            ] GC(22) Pause Young (Normal) (GCLocker Initiated GC) 694M->134M(992M) 30.900ms
[18.506s][info][gc,cpu        ] GC(22) User=0.12s Sys=0.02s Real=0.03s
[19.412s][info][gc,start      ] GC(23) Pause Young (Normal) (G1 Evacuation Pause)
[19.412s][info][gc,task       ] GC(23) Using 9 workers of 9 for evacuation
[19.438s][info][gc,phases     ] GC(23)   Pre Evacuate Collection Set: 0.0ms
[19.439s][info][gc,phases     ] GC(23)   Evacuate Collection Set: 21.6ms
[19.440s][info][gc,phases     ] GC(23)   Post Evacuate Collection Set: 3.6ms
[19.441s][info][gc,phases     ] GC(23)   Other: 1.7ms
[19.441s][info][gc,heap       ] GC(23) Eden regions: 280->0(279)
[19.442s][info][gc,heap       ] GC(23) Survivor regions: 17->18(38)
[19.442s][info][gc,heap       ] GC(23) Old regions: 44->44
[19.443s][info][gc,heap       ] GC(23) Humongous regions: 7->7
[19.443s][info][gc,metaspace  ] GC(23) Metaspace: 120963K->120963K(1159168K)
[19.444s][info][gc            ] GC(23) Pause Young (Normal) (G1 Evacuation Pause) 694M->134M(992M) 32.392ms
[19.444s][info][gc,cpu        ] GC(23) User=0.13s Sys=0.01s Real=0.03s
[20.350s][info][gc,start      ] GC(24) Pause Young (Normal) (G1 Evacuation Pause)
[20.350s][info][gc,task       ] GC(24) Using 9 workers of 9 for evacuation
[20.379s][info][gc,phases     ] GC(24)   Pre Evacuate Collection Set: 0.1ms
[20.380s][info][gc,phases     ] GC(24)   Evacuate Collection Set: 22.3ms
[20.381s][info][gc,phases     ] GC(24)   Post Evacuate Collection Set: 5.4ms
[20.382s][info][gc,phases     ] GC(24)   Other: 1.9ms
[20.382s][info][gc,heap       ] GC(24) Eden regions: 279->0(278)
[20.383s][info][gc,heap       ] GC(24) Survivor regions: 18->19(38)
[20.384s][info][gc,heap       ] GC(24) Old regions: 44->44
[20.384s][info][gc,heap       ] GC(24) Humongous regions: 7->7
[20.385s][info][gc,metaspace  ] GC(24) Metaspace: 121046K->121046K(1159168K)
[20.386s][info][gc            ] GC(24) Pause Young (Normal) (G1 Evacuation Pause) 692M->137M(992M) 36.002ms
[20.386s][info][gc,cpu        ] GC(24) User=0.11s Sys=0.03s Real=0.04s
[21.381s][info][gc,start      ] GC(25) Pause Young (Normal) (G1 Evacuation Pause)
[21.382s][info][gc,task       ] GC(25) Using 9 workers of 9 for evacuation
[21.409s][info][gc,phases     ] GC(25)   Pre Evacuate Collection Set: 0.1ms
[21.410s][info][gc,phases     ] GC(25)   Evacuate Collection Set: 21.2ms
[21.410s][info][gc,phases     ] GC(25)   Post Evacuate Collection Set: 3.8ms
[21.411s][info][gc,phases     ] GC(25)   Other: 2.3ms
[21.412s][info][gc,heap       ] GC(25) Eden regions: 278->0(338)
[21.412s][info][gc,heap       ] GC(25) Survivor regions: 19->19(38)
[21.413s][info][gc,heap       ] GC(25) Old regions: 44->44
[21.413s][info][gc,heap       ] GC(25) Humongous regions: 7->7
[21.414s][info][gc,metaspace  ] GC(25) Metaspace: 121051K->121051K(1159168K)
[21.415s][info][gc            ] GC(25) Pause Young (Normal) (G1 Evacuation Pause) 693M->138M(1192M) 33.069ms
[21.415s][info][gc,cpu        ] GC(25) User=0.13s Sys=0.02s Real=0.03s
[22.594s][info][gc,start      ] GC(26) Pause Young (Normal) (G1 Evacuation Pause)
[22.595s][info][gc,task       ] GC(26) Using 9 workers of 9 for evacuation
[22.619s][info][gc,phases     ] GC(26)   Pre Evacuate Collection Set: 0.0ms
[22.620s][info][gc,phases     ] GC(26)   Evacuate Collection Set: 20.2ms
[22.621s][info][gc,phases     ] GC(26)   Post Evacuate Collection Set: 3.3ms
[22.622s][info][gc,phases     ] GC(26)   Other: 1.9ms
[22.622s][info][gc,heap       ] GC(26) Eden regions: 338->0(338)
[22.623s][info][gc,heap       ] GC(26) Survivor regions: 19->19(45)
[22.623s][info][gc,heap       ] GC(26) Old regions: 44->44
[22.624s][info][gc,heap       ] GC(26) Humongous regions: 7->7
[22.624s][info][gc,metaspace  ] GC(26) Metaspace: 121073K->121073K(1159168K)
[22.625s][info][gc            ] GC(26) Pause Young (Normal) (G1 Evacuation Pause) 814M->138M(1192M) 31.117ms
[22.625s][info][gc,cpu        ] GC(26) User=0.09s Sys=0.02s Real=0.03s
[23.580s][info][gc,start      ] GC(27) Pause Young (Normal) (G1 Evacuation Pause)
[23.581s][info][gc,task       ] GC(27) Using 9 workers of 9 for evacuation
[23.608s][info][gc,phases     ] GC(27)   Pre Evacuate Collection Set: 0.1ms
[23.609s][info][gc,phases     ] GC(27)   Evacuate Collection Set: 22.3ms
[23.610s][info][gc,phases     ] GC(27)   Post Evacuate Collection Set: 4.1ms
[23.610s][info][gc,phases     ] GC(27)   Other: 1.9ms
[23.611s][info][gc,heap       ] GC(27) Eden regions: 338->0(337)
[23.612s][info][gc,heap       ] GC(27) Survivor regions: 19->20(45)
[23.612s][info][gc,heap       ] GC(27) Old regions: 44->44
[23.613s][info][gc,heap       ] GC(27) Humongous regions: 7->7
[23.613s][info][gc,metaspace  ] GC(27) Metaspace: 121116K->121116K(1161216K)
[23.614s][info][gc            ] GC(27) Pause Young (Normal) (G1 Evacuation Pause) 814M->140M(1192M) 33.941ms
[23.614s][info][gc,cpu        ] GC(27) User=0.15s Sys=0.02s Real=0.04s
[24.513s][info][gc,start      ] GC(28) Pause Young (Normal) (G1 Evacuation Pause)
[24.514s][info][gc,task       ] GC(28) Using 9 workers of 9 for evacuation
[24.562s][info][gc,phases     ] GC(28)   Pre Evacuate Collection Set: 0.0ms
[24.562s][info][gc,phases     ] GC(28)   Evacuate Collection Set: 34.6ms
[24.563s][info][gc,phases     ] GC(28)   Post Evacuate Collection Set: 12.4ms
[24.564s][info][gc,phases     ] GC(28)   Other: 1.7ms
[24.565s][info][gc,heap       ] GC(28) Eden regions: 337->0(333)
[24.566s][info][gc,heap       ] GC(28) Survivor regions: 20->24(45)
[24.566s][info][gc,heap       ] GC(28) Old regions: 44->44
[24.567s][info][gc,heap       ] GC(28) Humongous regions: 8->7
[24.567s][info][gc,metaspace  ] GC(28) Metaspace: 121665K->121665K(1161216K)
[24.568s][info][gc            ] GC(28) Pause Young (Normal) (G1 Evacuation Pause) 816M->147M(1192M) 55.251ms
[24.569s][info][gc,cpu        ] GC(28) User=0.13s Sys=0.02s Real=0.05s
[25.641s][info][gc,start      ] GC(29) Pause Young (Concurrent Start) (Metadata GC Threshold)
[25.642s][info][gc,task       ] GC(29) Using 9 workers of 9 for evacuation
[25.686s][info][gc,phases     ] GC(29)   Pre Evacuate Collection Set: 0.4ms
[25.687s][info][gc,phases     ] GC(29)   Evacuate Collection Set: 35.5ms
[25.688s][info][gc,phases     ] GC(29)   Post Evacuate Collection Set: 7.7ms
[25.688s][info][gc,phases     ] GC(29)   Other: 1.8ms
[25.689s][info][gc,heap       ] GC(29) Eden regions: 322->0(415)
[25.689s][info][gc,heap       ] GC(29) Survivor regions: 24->29(45)
[25.690s][info][gc,heap       ] GC(29) Old regions: 44->44
[25.691s][info][gc,heap       ] GC(29) Humongous regions: 7->7
[25.691s][info][gc,metaspace  ] GC(29) Metaspace: 135348K->135348K(1173504K)
[25.692s][info][gc            ] GC(29) Pause Young (Concurrent Start) (Metadata GC Threshold) 790M->157M(1480M) 50.789ms
[25.692s][info][gc,cpu        ] GC(29) User=0.16s Sys=0.02s Real=0.05s
[25.693s][info][gc            ] GC(30) Concurrent Cycle
[25.693s][info][gc,marking    ] GC(30) Concurrent Clear Claimed Marks
[25.694s][info][gc,marking    ] GC(30) Concurrent Clear Claimed Marks 0.836ms
[25.695s][info][gc,marking    ] GC(30) Concurrent Scan Root Regions
[25.704s][info][gc,marking    ] GC(30) Concurrent Scan Root Regions 9.412ms
[25.705s][info][gc,marking    ] GC(30) Concurrent Mark (25.705s)
[25.706s][info][gc,marking    ] GC(30) Concurrent Mark From Roots
[25.706s][info][gc,task       ] GC(30) Using 2 workers of 2 for marking
[25.785s][info][gc,marking    ] GC(30) Concurrent Mark From Roots 78.921ms
[25.785s][info][gc,marking    ] GC(30) Concurrent Preclean
[25.786s][info][gc,marking    ] GC(30) Concurrent Preclean 0.837ms
[25.787s][info][gc,marking    ] GC(30) Concurrent Mark (25.705s, 25.787s) 81.917ms
[25.789s][info][gc,start      ] GC(30) Pause Remark
[25.807s][info][gc,stringtable] GC(30) Cleaned string and symbol table, strings: 55470 processed, 27 removed, symbols: 372348 processed, 140 removed
[25.809s][info][gc            ] GC(30) Pause Remark 165M->165M(1480M) 20.341ms
[25.810s][info][gc,cpu        ] GC(30) User=0.11s Sys=0.01s Real=0.02s
[25.811s][info][gc,marking    ] GC(30) Concurrent Rebuild Remembered Sets
[25.858s][info][gc,marking    ] GC(30) Concurrent Rebuild Remembered Sets 47.303ms
[25.860s][info][gc,start      ] GC(30) Pause Cleanup
[25.861s][info][gc            ] GC(30) Pause Cleanup 165M->165M(1480M) 1.035ms
[25.861s][info][gc,cpu        ] GC(30) User=0.00s Sys=0.00s Real=0.01s
[25.862s][info][gc,marking    ] GC(30) Concurrent Cleanup for Next Mark
[25.869s][info][gc,marking    ] GC(30) Concurrent Cleanup for Next Mark 7.075ms
[25.870s][info][gc            ] GC(30) Concurrent Cycle 177.233ms
[31.879s][info][gc,start      ] GC(31) Pause Young (Concurrent Start) (G1 Evacuation Pause)
[31.880s][info][gc,task       ] GC(31) Using 9 workers of 9 for evacuation
[32.088s][info][gc,mmu        ] GC(31) MMU target violated: 201.0ms (200.0ms/201.0ms)
[32.089s][info][gc,phases     ] GC(31)   Pre Evacuate Collection Set: 0.5ms
[32.090s][info][gc,phases     ] GC(31)   Evacuate Collection Set: 200.7ms
[32.090s][info][gc,phases     ] GC(31)   Post Evacuate Collection Set: 5.4ms
[32.091s][info][gc,phases     ] GC(31)   Other: 3.0ms
[32.091s][info][gc,heap       ] GC(31) Eden regions: 415->0(388)
[32.092s][info][gc,heap       ] GC(31) Survivor regions: 29->56(56)
[32.092s][info][gc,heap       ] GC(31) Old regions: 44->94
[32.093s][info][gc,heap       ] GC(31) Humongous regions: 10->7
[32.093s][info][gc,metaspace  ] GC(31) Metaspace: 190902K->190902K(1220608K)
[32.094s][info][gc            ] GC(31) Pause Young (Concurrent Start) (G1 Evacuation Pause) 993M->313M(1480M) 214.727ms
[32.095s][info][gc,cpu        ] GC(31) User=0.35s Sys=0.09s Real=0.22s
[32.095s][info][gc            ] GC(32) Concurrent Cycle
[32.096s][info][gc,marking    ] GC(32) Concurrent Clear Claimed Marks
[32.097s][info][gc,marking    ] GC(32) Concurrent Clear Claimed Marks 0.988ms
[32.097s][info][gc,marking    ] GC(32) Concurrent Scan Root Regions
[32.113s][info][gc,marking    ] GC(32) Concurrent Scan Root Regions 16.212ms
[32.114s][info][gc,marking    ] GC(32) Concurrent Mark (32.114s)
[32.115s][info][gc,marking    ] GC(32) Concurrent Mark From Roots
[32.115s][info][gc,task       ] GC(32) Using 2 workers of 2 for marking
[32.242s][info][gc,marking    ] GC(32) Concurrent Mark From Roots 127.310ms
[32.243s][info][gc,marking    ] GC(32) Concurrent Preclean
[32.244s][info][gc,marking    ] GC(32) Concurrent Preclean 1.714ms
[32.245s][info][gc,marking    ] GC(32) Concurrent Mark (32.114s, 32.245s) 130.987ms
[32.246s][info][gc,start      ] GC(32) Pause Remark
[32.270s][info][gc,stringtable] GC(32) Cleaned string and symbol table, strings: 103679 processed, 2 removed, symbols: 518476 processed, 160 removed
[32.272s][info][gc            ] GC(32) Pause Remark 368M->368M(1480M) 26.114ms
[32.273s][info][gc,cpu        ] GC(32) User=0.12s Sys=0.00s Real=0.03s
[32.274s][info][gc,marking    ] GC(32) Concurrent Rebuild Remembered Sets
[32.385s][info][gc,marking    ] GC(32) Concurrent Rebuild Remembered Sets 110.476ms
[32.386s][info][gc,start      ] GC(32) Pause Cleanup
[32.387s][info][gc            ] GC(32) Pause Cleanup 382M->382M(1480M) 0.969ms
[32.387s][info][gc,cpu        ] GC(32) User=0.00s Sys=0.00s Real=0.00s
[32.388s][info][gc,marking    ] GC(32) Concurrent Cleanup for Next Mark
[32.392s][info][gc,marking    ] GC(32) Concurrent Cleanup for Next Mark 4.104ms
[32.393s][info][gc            ] GC(32) Concurrent Cycle 297.556ms
[43.963s][info][gc,start      ] GC(33) Pause Young (Normal) (G1 Evacuation Pause)
[43.965s][info][gc,task       ] GC(33) Using 9 workers of 9 for evacuation
[44.059s][info][gc,phases     ] GC(33)   Pre Evacuate Collection Set: 0.1ms
[44.060s][info][gc,phases     ] GC(33)   Evacuate Collection Set: 85.3ms
[44.061s][info][gc,phases     ] GC(33)   Post Evacuate Collection Set: 8.1ms
[44.062s][info][gc,phases     ] GC(33)   Other: 2.9ms
[44.063s][info][gc,heap       ] GC(33) Eden regions: 388->0(390)
[44.063s][info][gc,heap       ] GC(33) Survivor regions: 56->16(56)
[44.064s][info][gc,heap       ] GC(33) Old regions: 94->152
[44.065s][info][gc,heap       ] GC(33) Humongous regions: 12->9
[44.065s][info][gc,metaspace  ] GC(33) Metaspace: 241009K->241009K(1263616K)
[44.066s][info][gc            ] GC(33) Pause Young (Normal) (G1 Evacuation Pause) 1099M->351M(1480M) 103.039ms
[44.067s][info][gc,cpu        ] GC(33) User=0.36s Sys=0.07s Real=0.10s
[120.639s][info][gc,start      ] GC(34) Pause Young (Normal) (G1 Evacuation Pause)
[120.641s][info][gc,task       ] GC(34) Using 9 workers of 9 for evacuation
[120.664s][info][gc,phases     ] GC(34)   Pre Evacuate Collection Set: 0.1ms
[120.665s][info][gc,phases     ] GC(34)   Evacuate Collection Set: 16.9ms
[120.666s][info][gc,phases     ] GC(34)   Post Evacuate Collection Set: 5.1ms
[120.667s][info][gc,phases     ] GC(34)   Other: 3.2ms
[120.668s][info][gc,heap       ] GC(34) Eden regions: 390->0(390)
[120.668s][info][gc,heap       ] GC(34) Survivor regions: 16->26(51)
[120.669s][info][gc,heap       ] GC(34) Old regions: 152->152
[120.669s][info][gc,heap       ] GC(34) Humongous regions: 27->14
[120.670s][info][gc,metaspace  ] GC(34) Metaspace: 249812K->249812K(1271808K)
[120.670s][info][gc            ] GC(34) Pause Young (Normal) (G1 Evacuation Pause) 1167M->381M(1480M) 31.548ms
[120.671s][info][gc,cpu        ] GC(34) User=0.13s Sys=0.02s Real=0.04s
[126.893s][info][gc,start      ] GC(35) Pause Young (Normal) (G1 Evacuation Pause)
[126.894s][info][gc,task       ] GC(35) Using 9 workers of 9 for evacuation
[126.933s][info][gc,phases     ] GC(35)   Pre Evacuate Collection Set: 0.1ms
[126.934s][info][gc,phases     ] GC(35)   Evacuate Collection Set: 31.0ms
[126.935s][info][gc,phases     ] GC(35)   Post Evacuate Collection Set: 7.2ms
[126.936s][info][gc,phases     ] GC(35)   Other: 1.8ms
[126.936s][info][gc,heap       ] GC(35) Eden regions: 390->0(396)
[126.937s][info][gc,heap       ] GC(35) Survivor regions: 26->28(52)
[126.937s][info][gc,heap       ] GC(35) Old regions: 152->152
[126.938s][info][gc,heap       ] GC(35) Humongous regions: 14->14
[126.938s][info][gc,metaspace  ] GC(35) Metaspace: 252431K->252431K(1273856K)
[126.939s][info][gc            ] GC(35) Pause Young (Normal) (G1 Evacuation Pause) 1161M->386M(1480M) 45.620ms
[126.940s][info][gc,cpu        ] GC(35) User=0.18s Sys=0.03s Real=0.04s
[130.423s][info][gc,start      ] GC(36) Pause Young (Normal) (G1 Evacuation Pause)
[130.425s][info][gc,task       ] GC(36) Using 9 workers of 9 for evacuation
[130.461s][info][gc,phases     ] GC(36)   Pre Evacuate Collection Set: 0.3ms
[130.462s][info][gc,phases     ] GC(36)   Evacuate Collection Set: 28.0ms
[130.463s][info][gc,phases     ] GC(36)   Post Evacuate Collection Set: 6.5ms
[130.464s][info][gc,phases     ] GC(36)   Other: 3.5ms
[130.465s][info][gc,heap       ] GC(36) Eden regions: 396->0(402)
[130.465s][info][gc,heap       ] GC(36) Survivor regions: 28->32(53)
[130.466s][info][gc,heap       ] GC(36) Old regions: 152->152
[130.466s][info][gc,heap       ] GC(36) Humongous regions: 14->14
[130.467s][info][gc,metaspace  ] GC(36) Metaspace: 252519K->252519K(1273856K)
[130.468s][info][gc            ] GC(36) Pause Young (Normal) (G1 Evacuation Pause) 1178M->393M(1480M) 44.416ms
[130.468s][info][gc,cpu        ] GC(36) User=0.17s Sys=0.02s Real=0.04s
[132.963s][info][gc,start      ] GC(37) Pause Young (Normal) (G1 Evacuation Pause)
[132.964s][info][gc,task       ] GC(37) Using 9 workers of 9 for evacuation
[133.004s][info][gc,phases     ] GC(37)   Pre Evacuate Collection Set: 0.2ms
[133.005s][info][gc,phases     ] GC(37)   Evacuate Collection Set: 33.1ms
[133.006s][info][gc,phases     ] GC(37)   Post Evacuate Collection Set: 5.6ms
[133.007s][info][gc,phases     ] GC(37)   Other: 2.5ms
[133.007s][info][gc,heap       ] GC(37) Eden regions: 402->0(406)
[133.008s][info][gc,heap       ] GC(37) Survivor regions: 32->26(55)
[133.009s][info][gc,heap       ] GC(37) Old regions: 152->162
[133.009s][info][gc,heap       ] GC(37) Humongous regions: 14->14
[133.010s][info][gc,metaspace  ] GC(37) Metaspace: 252652K->252652K(1273856K)
[133.010s][info][gc            ] GC(37) Pause Young (Normal) (G1 Evacuation Pause) 1197M->401M(1480M) 47.439ms
[133.011s][info][gc,cpu        ] GC(37) User=0.15s Sys=0.03s Real=0.05s
[135.667s][info][gc,start      ] GC(38) Pause Young (Normal) (G1 Evacuation Pause)
[135.669s][info][gc,task       ] GC(38) Using 9 workers of 9 for evacuation
[135.700s][info][gc,phases     ] GC(38)   Pre Evacuate Collection Set: 0.1ms
[135.700s][info][gc,phases     ] GC(38)   Evacuate Collection Set: 24.7ms
[135.701s][info][gc,phases     ] GC(38)   Post Evacuate Collection Set: 4.6ms
[135.702s][info][gc,phases     ] GC(38)   Other: 3.0ms
[135.702s][info][gc,heap       ] GC(38) Eden regions: 406->0(410)
[135.703s][info][gc,heap       ] GC(38) Survivor regions: 26->30(54)
[135.704s][info][gc,heap       ] GC(38) Old regions: 162->162
[135.704s][info][gc,heap       ] GC(38) Humongous regions: 14->14
[135.705s][info][gc,metaspace  ] GC(38) Metaspace: 252676K->252676K(1273856K)
[135.705s][info][gc            ] GC(38) Pause Young (Normal) (G1 Evacuation Pause) 1213M->409M(1480M) 37.975ms
[135.706s][info][gc,cpu        ] GC(38) User=0.13s Sys=0.02s Real=0.04s
[138.181s][info][gc,start      ] GC(39) Pause Young (Normal) (G1 Evacuation Pause)
[138.182s][info][gc,task       ] GC(39) Using 9 workers of 9 for evacuation
[138.232s][info][gc,phases     ] GC(39)   Pre Evacuate Collection Set: 0.1ms
[138.232s][info][gc,phases     ] GC(39)   Evacuate Collection Set: 42.6ms
[138.233s][info][gc,phases     ] GC(39)   Post Evacuate Collection Set: 5.4ms
[138.234s][info][gc,phases     ] GC(39)   Other: 2.8ms
[138.234s][info][gc,heap       ] GC(39) Eden regions: 410->0(411)
[138.235s][info][gc,heap       ] GC(39) Survivor regions: 30->33(55)
[138.235s][info][gc,heap       ] GC(39) Old regions: 162->162
[138.236s][info][gc,heap       ] GC(39) Humongous regions: 14->14
[138.237s][info][gc,metaspace  ] GC(39) Metaspace: 252687K->252687K(1273856K)
[138.237s][info][gc            ] GC(39) Pause Young (Normal) (G1 Evacuation Pause) 1229M->415M(1480M) 56.511ms
[138.238s][info][gc,cpu        ] GC(39) User=0.21s Sys=0.02s Real=0.05s
[140.894s][info][gc,start      ] GC(40) Pause Young (Normal) (G1 Evacuation Pause)
[140.895s][info][gc,task       ] GC(40) Using 9 workers of 9 for evacuation
[140.948s][info][gc,phases     ] GC(40)   Pre Evacuate Collection Set: 0.1ms
[140.949s][info][gc,phases     ] GC(40)   Evacuate Collection Set: 47.8ms
[140.949s][info][gc,phases     ] GC(40)   Post Evacuate Collection Set: 4.0ms
[140.950s][info][gc,phases     ] GC(40)   Other: 1.7ms
[140.951s][info][gc,heap       ] GC(40) Eden regions: 411->0(416)
[140.951s][info][gc,heap       ] GC(40) Survivor regions: 33->28(56)
[140.952s][info][gc,heap       ] GC(40) Old regions: 162->168
[140.952s][info][gc,heap       ] GC(40) Humongous regions: 14->14
[140.953s][info][gc,metaspace  ] GC(40) Metaspace: 252702K->252702K(1273856K)
[140.954s][info][gc            ] GC(40) Pause Young (Normal) (G1 Evacuation Pause) 1237M->418M(1480M) 59.035ms
[140.954s][info][gc,cpu        ] GC(40) User=0.20s Sys=0.02s Real=0.06s
[144.048s][info][gc,start      ] GC(41) Pause Young (Normal) (G1 Evacuation Pause)
[144.049s][info][gc,task       ] GC(41) Using 9 workers of 9 for evacuation
[144.111s][info][gc,phases     ] GC(41)   Pre Evacuate Collection Set: 0.1ms
[144.112s][info][gc,phases     ] GC(41)   Evacuate Collection Set: 53.8ms
[144.113s][info][gc,phases     ] GC(41)   Post Evacuate Collection Set: 6.8ms
[144.114s][info][gc,phases     ] GC(41)   Other: 3.2ms
[144.114s][info][gc,heap       ] GC(41) Eden regions: 416->0(411)
[144.115s][info][gc,heap       ] GC(41) Survivor regions: 28->33(56)
[144.116s][info][gc,heap       ] GC(41) Old regions: 168->168
[144.117s][info][gc,heap       ] GC(41) Humongous regions: 14->14
[144.117s][info][gc,metaspace  ] GC(41) Metaspace: 253817K->253817K(1275904K)
[144.118s][info][gc            ] GC(41) Pause Young (Normal) (G1 Evacuation Pause) 1250M->427M(1480M) 70.192ms
[144.118s][info][gc,cpu        ] GC(41) User=0.21s Sys=0.01s Real=0.07s
[146.170s][info][gc,start      ] GC(42) Pause Young (Normal) (G1 Evacuation Pause)
[146.171s][info][gc,task       ] GC(42) Using 9 workers of 9 for evacuation
[146.200s][info][gc,phases     ] GC(42)   Pre Evacuate Collection Set: 0.1ms
[146.201s][info][gc,phases     ] GC(42)   Evacuate Collection Set: 23.0ms
[146.202s][info][gc,phases     ] GC(42)   Post Evacuate Collection Set: 4.8ms
[146.203s][info][gc,phases     ] GC(42)   Other: 2.6ms
[146.204s][info][gc,heap       ] GC(42) Eden regions: 411->0(417)
[146.204s][info][gc,heap       ] GC(42) Survivor regions: 33->26(56)
[146.205s][info][gc,heap       ] GC(42) Old regions: 168->176
[146.205s][info][gc,heap       ] GC(42) Humongous regions: 14->14
[146.206s][info][gc,metaspace  ] GC(42) Metaspace: 253984K->253984K(1275904K)
[146.206s][info][gc            ] GC(42) Pause Young (Normal) (G1 Evacuation Pause) 1249M->430M(1480M) 36.881ms
[146.207s][info][gc,cpu        ] GC(42) User=0.19s Sys=0.02s Real=0.04s
[149.240s][info][gc,start      ] GC(43) Pause Young (Normal) (G1 Evacuation Pause)
[149.241s][info][gc,task       ] GC(43) Using 9 workers of 9 for evacuation
[149.292s][info][gc,phases     ] GC(43)   Pre Evacuate Collection Set: 0.1ms
[149.294s][info][gc,phases     ] GC(43)   Evacuate Collection Set: 44.8ms
[149.294s][info][gc,phases     ] GC(43)   Post Evacuate Collection Set: 5.5ms
[149.295s][info][gc,phases     ] GC(43)   Other: 2.8ms
[149.296s][info][gc,heap       ] GC(43) Eden regions: 417->0(415)
[149.297s][info][gc,heap       ] GC(43) Survivor regions: 26->29(56)
[149.297s][info][gc,heap       ] GC(43) Old regions: 176->176
[149.298s][info][gc,heap       ] GC(43) Humongous regions: 14->4
[149.298s][info][gc,metaspace  ] GC(43) Metaspace: 258161K->258161K(1280000K)
[149.299s][info][gc            ] GC(43) Pause Young (Normal) (G1 Evacuation Pause) 1264M->416M(1480M) 59.602ms
[149.299s][info][gc,cpu        ] GC(43) User=0.21s Sys=0.02s Real=0.06s
[151.242s][info][gc,start      ] GC(44) Pause Young (Normal) (G1 Evacuation Pause)
[151.243s][info][gc,task       ] GC(44) Using 9 workers of 9 for evacuation
[151.264s][info][gc,phases     ] GC(44)   Pre Evacuate Collection Set: 0.1ms
[151.265s][info][gc,phases     ] GC(44)   Evacuate Collection Set: 15.6ms
[151.265s][info][gc,phases     ] GC(44)   Post Evacuate Collection Set: 4.0ms
[151.266s][info][gc,phases     ] GC(44)   Other: 2.4ms
[151.267s][info][gc,heap       ] GC(44) Eden regions: 415->0(412)
[151.267s][info][gc,heap       ] GC(44) Survivor regions: 29->32(56)
[151.268s][info][gc,heap       ] GC(44) Old regions: 176->176
[151.268s][info][gc,heap       ] GC(44) Humongous regions: 4->4
[151.269s][info][gc,metaspace  ] GC(44) Metaspace: 258179K->258179K(1280000K)
[151.270s][info][gc            ] GC(44) Pause Young (Normal) (G1 Evacuation Pause) 1246M->423M(1480M) 27.959ms
[151.270s][info][gc,cpu        ] GC(44) User=0.10s Sys=0.02s Real=0.02s
[155.860s][info][gc,start      ] GC(45) Pause Young (Normal) (G1 Evacuation Pause)
[155.860s][info][gc,task       ] GC(45) Using 9 workers of 9 for evacuation
[155.898s][info][gc,phases     ] GC(45)   Pre Evacuate Collection Set: 0.1ms
[155.899s][info][gc,phases     ] GC(45)   Evacuate Collection Set: 30.8ms
[155.900s][info][gc,phases     ] GC(45)   Post Evacuate Collection Set: 6.0ms
[155.901s][info][gc,phases     ] GC(45)   Other: 1.7ms
[155.901s][info][gc,heap       ] GC(45) Eden regions: 412->0(412)
[155.902s][info][gc,heap       ] GC(45) Survivor regions: 32->32(56)
[155.903s][info][gc,heap       ] GC(45) Old regions: 176->178
[155.903s][info][gc,heap       ] GC(45) Humongous regions: 4->4
[155.904s][info][gc,metaspace  ] GC(45) Metaspace: 260957K->260957K(1282048K)
[155.905s][info][gc            ] GC(45) Pause Young (Normal) (G1 Evacuation Pause) 1247M->425M(1480M) 45.165ms
[155.905s][info][gc,cpu        ] GC(45) User=0.16s Sys=0.02s Real=0.05s
[158.600s][info][gc,start      ] GC(46) Pause Young (Normal) (G1 Evacuation Pause)
[158.601s][info][gc,task       ] GC(46) Using 9 workers of 9 for evacuation
[158.626s][info][gc,phases     ] GC(46)   Pre Evacuate Collection Set: 0.1ms
[158.627s][info][gc,phases     ] GC(46)   Evacuate Collection Set: 20.1ms
[158.628s][info][gc,phases     ] GC(46)   Post Evacuate Collection Set: 4.2ms
[158.629s][info][gc,phases     ] GC(46)   Other: 2.1ms
[158.629s][info][gc,heap       ] GC(46) Eden regions: 412->0(413)
[158.630s][info][gc,heap       ] GC(46) Survivor regions: 32->31(56)
[158.630s][info][gc,heap       ] GC(46) Old regions: 178->180
[158.631s][info][gc,heap       ] GC(46) Humongous regions: 4->4
[158.632s][info][gc,metaspace  ] GC(46) Metaspace: 261286K->261286K(1282048K)
[158.632s][info][gc            ] GC(46) Pause Young (Normal) (G1 Evacuation Pause) 1249M->428M(1480M) 32.354ms
[158.633s][info][gc,cpu        ] GC(46) User=0.12s Sys=0.03s Real=0.04s
[160.472s][info][gc,start      ] GC(47) Pause Young (Normal) (G1 Evacuation Pause)
[160.473s][info][gc,task       ] GC(47) Using 9 workers of 9 for evacuation
[160.501s][info][gc,phases     ] GC(47)   Pre Evacuate Collection Set: 0.1ms
[160.502s][info][gc,phases     ] GC(47)   Evacuate Collection Set: 22.6ms
[160.502s][info][gc,phases     ] GC(47)   Post Evacuate Collection Set: 4.0ms
[160.503s][info][gc,phases     ] GC(47)   Other: 2.3ms
[160.504s][info][gc,heap       ] GC(47) Eden regions: 413->0(414)
[160.504s][info][gc,heap       ] GC(47) Survivor regions: 31->30(56)
[160.505s][info][gc,heap       ] GC(47) Old regions: 180->183
[160.505s][info][gc,heap       ] GC(47) Humongous regions: 4->4
[160.506s][info][gc,metaspace  ] GC(47) Metaspace: 261302K->261302K(1282048K)
[160.507s][info][gc            ] GC(47) Pause Young (Normal) (G1 Evacuation Pause) 1254M->432M(1480M) 34.960ms
[160.507s][info][gc,cpu        ] GC(47) User=0.13s Sys=0.03s Real=0.03s
[163.000s][info][gc,start      ] GC(48) Pause Young (Normal) (G1 Evacuation Pause)
[163.001s][info][gc,task       ] GC(48) Using 9 workers of 9 for evacuation
[163.028s][info][gc,phases     ] GC(48)   Pre Evacuate Collection Set: 0.1ms
[163.028s][info][gc,phases     ] GC(48)   Evacuate Collection Set: 19.2ms
[163.029s][info][gc,phases     ] GC(48)   Post Evacuate Collection Set: 5.5ms
[163.030s][info][gc,phases     ] GC(48)   Other: 2.7ms
[163.030s][info][gc,heap       ] GC(48) Eden regions: 414->0(415)
[163.031s][info][gc,heap       ] GC(48) Survivor regions: 30->29(56)
[163.032s][info][gc,heap       ] GC(48) Old regions: 183->186
[163.032s][info][gc,heap       ] GC(48) Humongous regions: 4->2
[163.033s][info][gc,metaspace  ] GC(48) Metaspace: 261428K->261428K(1282048K)
[163.033s][info][gc            ] GC(48) Pause Young (Normal) (G1 Evacuation Pause) 1260M->432M(1480M) 33.092ms
[163.034s][info][gc,cpu        ] GC(48) User=0.17s Sys=0.02s Real=0.04s
[165.979s][info][gc,start      ] GC(49) Pause Young (Normal) (G1 Evacuation Pause)
[165.980s][info][gc,task       ] GC(49) Using 9 workers of 9 for evacuation
[166.012s][info][gc,phases     ] GC(49)   Pre Evacuate Collection Set: 0.1ms
[166.013s][info][gc,phases     ] GC(49)   Evacuate Collection Set: 26.1ms
[166.014s][info][gc,phases     ] GC(49)   Post Evacuate Collection Set: 4.2ms
[166.014s][info][gc,phases     ] GC(49)   Other: 2.9ms
[166.015s][info][gc,heap       ] GC(49) Eden regions: 415->0(414)
[166.016s][info][gc,heap       ] GC(49) Survivor regions: 29->30(56)
[166.016s][info][gc,heap       ] GC(49) Old regions: 186->186
[166.017s][info][gc,heap       ] GC(49) Humongous regions: 2->2
[166.017s][info][gc,metaspace  ] GC(49) Metaspace: 261528K->261528K(1282048K)
[166.018s][info][gc            ] GC(49) Pause Young (Normal) (G1 Evacuation Pause) 1262M->435M(1480M) 38.963ms
[166.019s][info][gc,cpu        ] GC(49) User=0.11s Sys=0.02s Real=0.04s
[168.739s][info][gc,start      ] GC(50) Pause Young (Normal) (G1 Evacuation Pause)
[168.741s][info][gc,task       ] GC(50) Using 9 workers of 9 for evacuation
[168.777s][info][gc,phases     ] GC(50)   Pre Evacuate Collection Set: 0.1ms
[168.778s][info][gc,phases     ] GC(50)   Evacuate Collection Set: 30.3ms
[168.779s][info][gc,phases     ] GC(50)   Post Evacuate Collection Set: 4.6ms
[168.779s][info][gc,phases     ] GC(50)   Other: 2.8ms
[168.780s][info][gc,heap       ] GC(50) Eden regions: 414->0(413)
[168.781s][info][gc,heap       ] GC(50) Survivor regions: 30->31(56)
[168.781s][info][gc,heap       ] GC(50) Old regions: 186->186
[168.782s][info][gc,heap       ] GC(50) Humongous regions: 2->2
[168.783s][info][gc,metaspace  ] GC(50) Metaspace: 261559K->261559K(1282048K)
[168.783s][info][gc            ] GC(50) Pause Young (Normal) (G1 Evacuation Pause) 1263M->437M(1480M) 43.998ms
[168.784s][info][gc,cpu        ] GC(50) User=0.15s Sys=0.02s Real=0.05s
[171.735s][info][gc,start      ] GC(51) Pause Young (Normal) (G1 Evacuation Pause)
[171.736s][info][gc,task       ] GC(51) Using 9 workers of 9 for evacuation
[171.767s][info][gc,phases     ] GC(51)   Pre Evacuate Collection Set: 0.1ms
[171.768s][info][gc,phases     ] GC(51)   Evacuate Collection Set: 24.5ms
[171.769s][info][gc,phases     ] GC(51)   Post Evacuate Collection Set: 5.8ms
[171.770s][info][gc,phases     ] GC(51)   Other: 2.2ms
[171.770s][info][gc,heap       ] GC(51) Eden regions: 413->0(410)
[171.771s][info][gc,heap       ] GC(51) Survivor regions: 31->31(56)
[171.771s][info][gc,heap       ] GC(51) Old regions: 186->189
[171.772s][info][gc,heap       ] GC(51) Humongous regions: 5->5
[171.773s][info][gc,metaspace  ] GC(51) Metaspace: 261603K->261603K(1282048K)
[171.773s][info][gc            ] GC(51) Pause Young (Normal) (G1 Evacuation Pause) 1269M->448M(1480M) 38.090ms
[171.774s][info][gc,cpu        ] GC(51) User=0.13s Sys=0.02s Real=0.04s
[174.803s][info][gc,start      ] GC(52) Pause Young (Normal) (G1 Evacuation Pause)
[174.805s][info][gc,task       ] GC(52) Using 9 workers of 9 for evacuation
[174.837s][info][gc,phases     ] GC(52)   Pre Evacuate Collection Set: 0.0ms
[174.838s][info][gc,phases     ] GC(52)   Evacuate Collection Set: 26.9ms
[174.838s][info][gc,phases     ] GC(52)   Post Evacuate Collection Set: 4.1ms
[174.839s][info][gc,phases     ] GC(52)   Other: 2.5ms
[174.840s][info][gc,heap       ] GC(52) Eden regions: 410->0(392)
[174.840s][info][gc,heap       ] GC(52) Survivor regions: 31->39(56)
[174.841s][info][gc,heap       ] GC(52) Old regions: 189->191
[174.841s][info][gc,heap       ] GC(52) Humongous regions: 5->5
[174.842s][info][gc,metaspace  ] GC(52) Metaspace: 261643K->261643K(1282048K)
[174.842s][info][gc            ] GC(52) Pause Young (Normal) (G1 Evacuation Pause) 1268M->468M(1480M) 39.023ms
[174.843s][info][gc,cpu        ] GC(52) User=0.16s Sys=0.03s Real=0.04s
[177.679s][info][gc,start      ] GC(53) Pause Young (Normal) (G1 Evacuation Pause)
[177.680s][info][gc,task       ] GC(53) Using 9 workers of 9 for evacuation
[177.718s][info][gc,phases     ] GC(53)   Pre Evacuate Collection Set: 0.1ms
[177.719s][info][gc,phases     ] GC(53)   Evacuate Collection Set: 26.6ms
[177.720s][info][gc,phases     ] GC(53)   Post Evacuate Collection Set: 10.4ms
[177.721s][info][gc,phases     ] GC(53)   Other: 2.0ms
[177.722s][info][gc,heap       ] GC(53) Eden regions: 392->0(412)
[177.722s][info][gc,heap       ] GC(53) Survivor regions: 39->19(54)
[177.723s][info][gc,heap       ] GC(53) Old regions: 191->203
[177.724s][info][gc,heap       ] GC(53) Humongous regions: 5->5
[177.724s][info][gc,metaspace  ] GC(53) Metaspace: 261646K->261646K(1282048K)
[177.725s][info][gc            ] GC(53) Pause Young (Normal) (G1 Evacuation Pause) 1252M->452M(1480M) 46.020ms
[177.726s][info][gc,cpu        ] GC(53) User=0.21s Sys=0.04s Real=0.05s
[180.314s][info][gc,start      ] GC(54) Pause Young (Normal) (G1 Evacuation Pause)
[180.315s][info][gc,task       ] GC(54) Using 9 workers of 9 for evacuation
[180.331s][info][gc,phases     ] GC(54)   Pre Evacuate Collection Set: 0.1ms
[180.333s][info][gc,phases     ] GC(54)   Evacuate Collection Set: 10.8ms
[180.333s][info][gc,phases     ] GC(54)   Post Evacuate Collection Set: 4.2ms
[180.334s][info][gc,phases     ] GC(54)   Other: 2.4ms
[180.335s][info][gc,heap       ] GC(54) Eden regions: 412->0(414)
[180.335s][info][gc,heap       ] GC(54) Survivor regions: 19->19(54)
[180.336s][info][gc,heap       ] GC(54) Old regions: 203->203
[180.336s][info][gc,heap       ] GC(54) Humongous regions: 5->5
[180.337s][info][gc,metaspace  ] GC(54) Metaspace: 261647K->261647K(1282048K)
[180.337s][info][gc            ] GC(54) Pause Young (Normal) (G1 Evacuation Pause) 1276M->452M(1480M) 23.528ms
[180.338s][info][gc,cpu        ] GC(54) User=0.07s Sys=0.02s Real=0.02s
[182.984s][info][gc,start      ] GC(55) Pause Young (Normal) (G1 Evacuation Pause)
[182.985s][info][gc,task       ] GC(55) Using 9 workers of 9 for evacuation
[183.003s][info][gc,phases     ] GC(55)   Pre Evacuate Collection Set: 0.1ms
[183.004s][info][gc,phases     ] GC(55)   Evacuate Collection Set: 12.6ms
[183.005s][info][gc,phases     ] GC(55)   Post Evacuate Collection Set: 4.9ms
[183.006s][info][gc,phases     ] GC(55)   Other: 1.8ms
[183.006s][info][gc,heap       ] GC(55) Eden regions: 414->0(415)
[183.007s][info][gc,heap       ] GC(55) Survivor regions: 19->20(55)
[183.008s][info][gc,heap       ] GC(55) Old regions: 203->203
[183.008s][info][gc,heap       ] GC(55) Humongous regions: 5->5
[183.009s][info][gc,metaspace  ] GC(55) Metaspace: 261705K->261705K(1282048K)
[183.009s][info][gc            ] GC(55) Pause Young (Normal) (G1 Evacuation Pause) 1280M->455M(1480M) 25.204ms
[183.010s][info][gc,cpu        ] GC(55) User=0.08s Sys=0.02s Real=0.02s
[185.521s][info][gc,start      ] GC(56) Pause Young (Normal) (G1 Evacuation Pause)
[185.522s][info][gc,task       ] GC(56) Using 9 workers of 9 for evacuation
[185.553s][info][gc,phases     ] GC(56)   Pre Evacuate Collection Set: 0.1ms
[185.554s][info][gc,phases     ] GC(56)   Evacuate Collection Set: 25.5ms
[185.555s][info][gc,phases     ] GC(56)   Post Evacuate Collection Set: 4.6ms
[185.556s][info][gc,phases     ] GC(56)   Other: 2.3ms
[185.556s][info][gc,heap       ] GC(56) Eden regions: 415->0(417)
[185.557s][info][gc,heap       ] GC(56) Survivor regions: 20->20(55)
[185.558s][info][gc,heap       ] GC(56) Old regions: 203->203
[185.558s][info][gc,heap       ] GC(56) Humongous regions: 5->5
[185.559s][info][gc,metaspace  ] GC(56) Metaspace: 261711K->261711K(1282048K)
[185.560s][info][gc            ] GC(56) Pause Young (Normal) (G1 Evacuation Pause) 1285M->455M(1480M) 39.046ms
[185.560s][info][gc,cpu        ] GC(56) User=0.11s Sys=0.02s Real=0.04s
[188.323s][info][gc,start      ] GC(57) Pause Young (Normal) (G1 Evacuation Pause)
[188.324s][info][gc,task       ] GC(57) Using 9 workers of 9 for evacuation
[188.341s][info][gc,phases     ] GC(57)   Pre Evacuate Collection Set: 0.2ms
[188.342s][info][gc,phases     ] GC(57)   Evacuate Collection Set: 11.5ms
[188.343s][info][gc,phases     ] GC(57)   Post Evacuate Collection Set: 3.9ms
[188.343s][info][gc,phases     ] GC(57)   Other: 2.7ms
[188.344s][info][gc,heap       ] GC(57) Eden regions: 417->0(416)
[188.344s][info][gc,heap       ] GC(57) Survivor regions: 20->21(55)
[188.345s][info][gc,heap       ] GC(57) Old regions: 203->203
[188.345s][info][gc,heap       ] GC(57) Humongous regions: 5->5
[188.346s][info][gc,metaspace  ] GC(57) Metaspace: 261711K->261711K(1282048K)
[188.347s][info][gc            ] GC(57) Pause Young (Normal) (G1 Evacuation Pause) 1289M->456M(1480M) 23.604ms
[188.347s][info][gc,cpu        ] GC(57) User=0.08s Sys=0.03s Real=0.02s
[190.967s][info][gc,start      ] GC(58) Pause Young (Normal) (G1 Evacuation Pause)
[190.968s][info][gc,task       ] GC(58) Using 9 workers of 9 for evacuation
[190.996s][info][gc,phases     ] GC(58)   Pre Evacuate Collection Set: 0.1ms
[190.997s][info][gc,phases     ] GC(58)   Evacuate Collection Set: 21.8ms
[190.998s][info][gc,phases     ] GC(58)   Post Evacuate Collection Set: 4.8ms
[190.999s][info][gc,phases     ] GC(58)   Other: 2.8ms
[190.999s][info][gc,heap       ] GC(58) Eden regions: 416->0(412)
[191.001s][info][gc,heap       ] GC(58) Survivor regions: 21->23(55)
[191.001s][info][gc,heap       ] GC(58) Old regions: 203->203
[191.002s][info][gc,heap       ] GC(58) Humongous regions: 5->5
[191.002s][info][gc,metaspace  ] GC(58) Metaspace: 261717K->261717K(1282048K)
[191.003s][info][gc            ] GC(58) Pause Young (Normal) (G1 Evacuation Pause) 1288M->460M(1480M) 35.869ms
[191.004s][info][gc,cpu        ] GC(58) User=0.15s Sys=0.03s Real=0.04s
[193.648s][info][gc,start      ] GC(59) Pause Young (Normal) (G1 Evacuation Pause)
[193.649s][info][gc,task       ] GC(59) Using 9 workers of 9 for evacuation
[193.680s][info][gc,phases     ] GC(59)   Pre Evacuate Collection Set: 0.1ms
[193.681s][info][gc,phases     ] GC(59)   Evacuate Collection Set: 24.0ms
[193.681s][info][gc,phases     ] GC(59)   Post Evacuate Collection Set: 4.9ms
[193.682s][info][gc,phases     ] GC(59)   Other: 2.7ms
[193.682s][info][gc,heap       ] GC(59) Eden regions: 412->0(410)
[193.683s][info][gc,heap       ] GC(59) Survivor regions: 23->24(55)
[193.684s][info][gc,heap       ] GC(59) Old regions: 203->203
[193.684s][info][gc,heap       ] GC(59) Humongous regions: 6->5
[193.685s][info][gc,metaspace  ] GC(59) Metaspace: 261813K->261813K(1282048K)
[193.685s][info][gc            ] GC(59) Pause Young (Normal) (G1 Evacuation Pause) 1286M->463M(1480M) 37.173ms
[193.686s][info][gc,cpu        ] GC(59) User=0.09s Sys=0.02s Real=0.04s
[195.519s][info][gc,start      ] GC(60) Pause Young (Normal) (G1 Evacuation Pause)
[195.521s][info][gc,task       ] GC(60) Using 9 workers of 9 for evacuation
[195.552s][info][gc,phases     ] GC(60)   Pre Evacuate Collection Set: 0.1ms
[195.553s][info][gc,phases     ] GC(60)   Evacuate Collection Set: 24.5ms
[195.554s][info][gc,phases     ] GC(60)   Post Evacuate Collection Set: 5.5ms
[195.555s][info][gc,phases     ] GC(60)   Other: 3.0ms
[195.555s][info][gc,heap       ] GC(60) Eden regions: 410->0(410)
[195.556s][info][gc,heap       ] GC(60) Survivor regions: 24->24(55)
[195.556s][info][gc,heap       ] GC(60) Old regions: 203->203
[195.557s][info][gc,heap       ] GC(60) Humongous regions: 5->5
[195.557s][info][gc,metaspace  ] GC(60) Metaspace: 261834K->261834K(1282048K)
[195.558s][info][gc            ] GC(60) Pause Young (Normal) (G1 Evacuation Pause) 1283M->463M(1480M) 38.466ms
[195.558s][info][gc,cpu        ] GC(60) User=0.16s Sys=0.04s Real=0.04s
[198.067s][info][gc,start      ] GC(61) Pause Young (Normal) (G1 Evacuation Pause)
[198.068s][info][gc,task       ] GC(61) Using 9 workers of 9 for evacuation
[198.095s][info][gc,phases     ] GC(61)   Pre Evacuate Collection Set: 0.1ms
[198.095s][info][gc,phases     ] GC(61)   Evacuate Collection Set: 19.8ms
[198.096s][info][gc,phases     ] GC(61)   Post Evacuate Collection Set: 4.8ms
[198.096s][info][gc,phases     ] GC(61)   Other: 2.8ms
[198.097s][info][gc,heap       ] GC(61) Eden regions: 410->0(404)
[198.097s][info][gc,heap       ] GC(61) Survivor regions: 24->27(55)
[198.098s][info][gc,heap       ] GC(61) Old regions: 203->203
[198.099s][info][gc,heap       ] GC(61) Humongous regions: 5->5
[198.099s][info][gc,metaspace  ] GC(61) Metaspace: 261836K->261836K(1282048K)
[198.100s][info][gc            ] GC(61) Pause Young (Normal) (G1 Evacuation Pause) 1283M->469M(1480M) 32.633ms
[198.100s][info][gc,cpu        ] GC(61) User=0.11s Sys=0.03s Real=0.03s
[201.708s][info][gc,start      ] GC(62) Pause Young (Normal) (G1 Evacuation Pause)
[201.709s][info][gc,task       ] GC(62) Using 9 workers of 9 for evacuation
[201.737s][info][gc,phases     ] GC(62)   Pre Evacuate Collection Set: 0.1ms
[201.738s][info][gc,phases     ] GC(62)   Evacuate Collection Set: 21.8ms
[201.739s][info][gc,phases     ] GC(62)   Post Evacuate Collection Set: 5.1ms
[201.740s][info][gc,phases     ] GC(62)   Other: 2.3ms
[201.740s][info][gc,heap       ] GC(62) Eden regions: 404->0(394)
[201.741s][info][gc,heap       ] GC(62) Survivor regions: 27->31(54)
[201.742s][info][gc,heap       ] GC(62) Old regions: 203->203
[201.742s][info][gc,heap       ] GC(62) Humongous regions: 13->7
[201.743s][info][gc,metaspace  ] GC(62) Metaspace: 265494K->265494K(1286144K)
[201.744s][info][gc            ] GC(62) Pause Young (Normal) (G1 Evacuation Pause) 1293M->481M(1480M) 35.978ms
[201.744s][info][gc,cpu        ] GC(62) User=0.13s Sys=0.03s Real=0.04s
[203.568s][info][gc,start      ] GC(63) Pause Young (Normal) (G1 Evacuation Pause)
[203.569s][info][gc,task       ] GC(63) Using 9 workers of 9 for evacuation
[203.609s][info][gc,phases     ] GC(63)   Pre Evacuate Collection Set: 0.1ms
[203.610s][info][gc,phases     ] GC(63)   Evacuate Collection Set: 33.7ms
[203.611s][info][gc,phases     ] GC(63)   Post Evacuate Collection Set: 4.8ms
[203.612s][info][gc,phases     ] GC(63)   Other: 2.4ms
[203.613s][info][gc,heap       ] GC(63) Eden regions: 394->0(394)
[203.613s][info][gc,heap       ] GC(63) Survivor regions: 31->30(54)
[203.614s][info][gc,heap       ] GC(63) Old regions: 203->205
[203.615s][info][gc,heap       ] GC(63) Humongous regions: 7->7
[203.615s][info][gc,metaspace  ] GC(63) Metaspace: 265501K->265501K(1286144K)
[203.616s][info][gc            ] GC(63) Pause Young (Normal) (G1 Evacuation Pause) 1269M->483M(1480M) 47.954ms
[203.617s][info][gc,cpu        ] GC(63) User=0.15s Sys=0.03s Real=0.05s
[209.506s][info][gc,start      ] GC(64) Pause Young (Normal) (G1 Evacuation Pause)
[209.507s][info][gc,task       ] GC(64) Using 9 workers of 9 for evacuation
[209.560s][info][gc,phases     ] GC(64)   Pre Evacuate Collection Set: 0.1ms
[209.561s][info][gc,phases     ] GC(64)   Evacuate Collection Set: 45.8ms
[209.562s][info][gc,phases     ] GC(64)   Post Evacuate Collection Set: 5.6ms
[209.563s][info][gc,phases     ] GC(64)   Other: 2.6ms
[209.564s][info][gc,heap       ] GC(64) Eden regions: 394->0(328)
[209.564s][info][gc,heap       ] GC(64) Survivor regions: 30->53(53)
[209.565s][info][gc,heap       ] GC(64) Old regions: 205->222
[209.566s][info][gc,heap       ] GC(64) Humongous regions: 14->5
[209.566s][info][gc,metaspace  ] GC(64) Metaspace: 277267K->277267K(1296384K)
[209.567s][info][gc            ] GC(64) Pause Young (Normal) (G1 Evacuation Pause) 1285M->559M(1480M) 60.378ms
[209.567s][info][gc,cpu        ] GC(64) User=0.25s Sys=0.04s Real=0.06s
[214.991s][info][gc,start      ] GC(65) Pause Young (Normal) (G1 Evacuation Pause)
[214.992s][info][gc,task       ] GC(65) Using 9 workers of 9 for evacuation
[215.078s][info][gc,phases     ] GC(65)   Pre Evacuate Collection Set: 0.1ms
[215.079s][info][gc,phases     ] GC(65)   Evacuate Collection Set: 77.2ms
[215.080s][info][gc,phases     ] GC(65)   Post Evacuate Collection Set: 7.7ms
[215.081s][info][gc,phases     ] GC(65)   Other: 2.0ms
[215.082s][info][gc,heap       ] GC(65) Eden regions: 328->0(292)
[215.082s][info][gc,heap       ] GC(65) Survivor regions: 53->29(48)
[215.083s][info][gc,heap       ] GC(65) Old regions: 222->273
[215.084s][info][gc,heap       ] GC(65) Humongous regions: 10->8
[215.085s][info][gc,metaspace  ] GC(65) Metaspace: 319290K->319290K(1333248K)
[215.085s][info][gc            ] GC(65) Pause Young (Normal) (G1 Evacuation Pause) 1225M->616M(1480M) 94.207ms
[215.086s][info][gc,cpu        ] GC(65) User=0.52s Sys=0.05s Real=0.09s
[215.597s][info][gc,start      ] GC(66) Pause Young (Concurrent Start) (Metadata GC Threshold)
[215.598s][info][gc,task       ] GC(66) Using 9 workers of 9 for evacuation
[215.655s][info][gc,phases     ] GC(66)   Pre Evacuate Collection Set: 1.1ms
[215.656s][info][gc,phases     ] GC(66)   Evacuate Collection Set: 47.4ms
[215.657s][info][gc,phases     ] GC(66)   Post Evacuate Collection Set: 7.1ms
[215.658s][info][gc,phases     ] GC(66)   Other: 2.3ms
[215.659s][info][gc,heap       ] GC(66) Eden regions: 71->0(280)
[215.659s][info][gc,heap       ] GC(66) Survivor regions: 29->11(41)
[215.660s][info][gc,heap       ] GC(66) Old regions: 273->298
[215.661s][info][gc,heap       ] GC(66) Humongous regions: 8->8
[215.661s][info][gc,metaspace  ] GC(66) Metaspace: 321945K->321945K(1335296K)
[215.662s][info][gc            ] GC(66) Pause Young (Concurrent Start) (Metadata GC Threshold) 757M->632M(1480M) 64.809ms
[215.663s][info][gc,cpu        ] GC(66) User=0.27s Sys=0.02s Real=0.07s
[215.664s][info][gc            ] GC(67) Concurrent Cycle
[215.665s][info][gc,marking    ] GC(67) Concurrent Clear Claimed Marks
[215.666s][info][gc,marking    ] GC(67) Concurrent Clear Claimed Marks 1.574ms
[215.668s][info][gc,marking    ] GC(67) Concurrent Scan Root Regions
[215.679s][info][gc,marking    ] GC(67) Concurrent Scan Root Regions 10.845ms
[215.680s][info][gc,marking    ] GC(67) Concurrent Mark (215.680s)
[215.681s][info][gc,marking    ] GC(67) Concurrent Mark From Roots
[215.682s][info][gc,task       ] GC(67) Using 2 workers of 2 for marking
[216.161s][info][gc,marking    ] GC(67) Concurrent Mark From Roots 479.545ms
[216.162s][info][gc,marking    ] GC(67) Concurrent Preclean
[216.166s][info][gc,marking    ] GC(67) Concurrent Preclean 4.131ms
[216.167s][info][gc,marking    ] GC(67) Concurrent Mark (215.680s, 216.167s) 486.441ms
[216.185s][info][gc,start      ] GC(67) Pause Remark
[216.288s][info][gc,stringtable] GC(67) Cleaned string and symbol table, strings: 146779 processed, 5122 removed, symbols: 781281 processed, 197 removed
[216.292s][info][gc            ] GC(67) Pause Remark 671M->667M(1480M) 107.102ms
[216.293s][info][gc,cpu        ] GC(67) User=0.60s Sys=0.03s Real=0.11s
[216.294s][info][gc,marking    ] GC(67) Concurrent Rebuild Remembered Sets
[216.743s][info][gc,marking    ] GC(67) Concurrent Rebuild Remembered Sets 448.994ms
[216.745s][info][gc,start      ] GC(67) Pause Cleanup
[216.747s][info][gc            ] GC(67) Pause Cleanup 698M->698M(1480M) 1.607ms
[216.748s][info][gc,cpu        ] GC(67) User=0.00s Sys=0.00s Real=0.00s
[216.749s][info][gc,marking    ] GC(67) Concurrent Cleanup for Next Mark
[216.752s][info][gc,marking    ] GC(67) Concurrent Cleanup for Next Mark 2.810ms
[216.753s][info][gc            ] GC(67) Concurrent Cycle 1088.598ms
[223.934s][info][gc,start      ] GC(68) Pause Young (Prepare Mixed) (G1 Evacuation Pause)
[223.935s][info][gc,task       ] GC(68) Using 9 workers of 9 for evacuation
[223.957s][info][gc,phases     ] GC(68)   Pre Evacuate Collection Set: 0.1ms
[223.958s][info][gc,phases     ] GC(68)   Evacuate Collection Set: 14.5ms
[223.958s][info][gc,phases     ] GC(68)   Post Evacuate Collection Set: 6.2ms
[223.959s][info][gc,phases     ] GC(68)   Other: 1.8ms
[223.960s][info][gc,heap       ] GC(68) Eden regions: 280->0(19)
[223.961s][info][gc,heap       ] GC(68) Survivor regions: 11->18(37)
[223.961s][info][gc,heap       ] GC(68) Old regions: 296->296
[223.962s][info][gc,heap       ] GC(68) Humongous regions: 72->2
[223.962s][info][gc,metaspace  ] GC(68) Metaspace: 331393K->331393K(1345536K)
[223.963s][info][gc            ] GC(68) Pause Young (Prepare Mixed) (G1 Evacuation Pause) 1316M->630M(1480M) 28.674ms
[223.964s][info][gc,cpu        ] GC(68) User=0.11s Sys=0.03s Real=0.03s
[224.723s][info][gc,heap,exit  ] Heap
[224.724s][info][gc,heap,exit  ]  garbage-first heap   total 1515520K, used 682314K [0x0000000489200000, 0x0000000800000000)
[224.725s][info][gc,heap,exit  ]   region size 2048K, 37 young (75776K), 18 survivors (36864K)
[224.726s][info][gc,heap,exit  ]  Metaspace       used 332764K, capacity 343691K, committed 346384K, reserved 1347584K
[224.727s][info][gc,heap,exit  ]   class space    used 43632K, capacity 47739K, committed 48580K, reserved 1048576K
