[0.018s][info][gc,heap] Heap region size: 2M
[0.022s][info][gc     ] Using G1
[0.022s][info][gc,heap,coops] Heap address: 0x0000000489200000, size: 14190 MB, Compressed Oops mode: Zero based, Oop shift amount: 3
[0.619s][info][gc,start     ] GC(0) Pause Young (Normal) (G1 Evacuation Pause)
[0.622s][info][gc,task      ] GC(0) Using 8 workers of 9 for evacuation
[0.634s][info][gc,phases    ] GC(0)   Pre Evacuate Collection Set: 0.0ms
[0.635s][info][gc,phases    ] GC(0)   Evacuate Collection Set: 9.5ms
[0.636s][info][gc,phases    ] GC(0)   Post Evacuate Collection Set: 1.3ms
[0.637s][info][gc,phases    ] GC(0)   Other: 4.3ms
[0.638s][info][gc,heap      ] GC(0) Eden regions: 12->0(93)
[0.638s][info][gc,heap      ] GC(0) Survivor regions: 0->2(2)
[0.639s][info][gc,heap      ] GC(0) Old regions: 0->2
[0.640s][info][gc,heap      ] GC(0) Humongous regions: 0->0
[0.641s][info][gc,metaspace ] GC(0) Metaspace: 17799K->17799K(1067008K)
[0.642s][info][gc           ] GC(0) Pause Young (Normal) (G1 Evacuation Pause) 24M->6M(318M) 22.558ms
[0.643s][info][gc,cpu       ] GC(0) User=0.06s Sys=0.01s Real=0.02s
[0.712s][info][gc,start     ] GC(1) Pause Young (Concurrent Start) (Metadata GC Threshold)
[0.713s][info][gc,task      ] GC(1) Using 8 workers of 9 for evacuation
[0.721s][info][gc,phases    ] GC(1)   Pre Evacuate Collection Set: 0.1ms
[0.722s][info][gc,phases    ] GC(1)   Evacuate Collection Set: 5.5ms
[0.723s][info][gc,phases    ] GC(1)   Post Evacuate Collection Set: 1.1ms
[0.723s][info][gc,phases    ] GC(1)   Other: 2.2ms
[0.724s][info][gc,heap      ] GC(1) Eden regions: 4->0(19)
[0.725s][info][gc,heap      ] GC(1) Survivor regions: 2->3(6)
[0.726s][info][gc,heap      ] GC(1) Old regions: 2->2
[0.727s][info][gc,heap      ] GC(1) Humongous regions: 0->0
[0.727s][info][gc,metaspace ] GC(1) Metaspace: 20555K->20555K(1069056K)
[0.728s][info][gc           ] GC(1) Pause Young (Concurrent Start) (Metadata GC Threshold) 14M->7M(318M) 16.295ms
[0.729s][info][gc,cpu       ] GC(1) User=0.03s Sys=0.01s Real=0.02s
[0.730s][info][gc           ] GC(2) Concurrent Cycle
[0.730s][info][gc,marking   ] GC(2) Concurrent Clear Claimed Marks
[0.731s][info][gc,marking   ] GC(2) Concurrent Clear Claimed Marks 0.558ms
[0.731s][info][gc,marking   ] GC(2) Concurrent Scan Root Regions
[0.734s][info][gc,marking   ] GC(2) Concurrent Scan Root Regions 2.178ms
[0.734s][info][gc,marking   ] GC(2) Concurrent Mark (0.734s)
[0.735s][info][gc,marking   ] GC(2) Concurrent Mark From Roots
[0.736s][info][gc,task      ] GC(2) Using 2 workers of 2 for marking
[0.739s][info][gc,marking   ] GC(2) Concurrent Mark From Roots 3.622ms
[0.740s][info][gc,marking   ] GC(2) Concurrent Preclean
[0.740s][info][gc,marking   ] GC(2) Concurrent Preclean 0.917ms
[0.742s][info][gc,marking   ] GC(2) Concurrent Mark (0.734s, 0.742s) 7.321ms
[0.744s][info][gc,start     ] GC(2) Pause Remark
[0.748s][info][gc,stringtable] GC(2) Cleaned string and symbol table, strings: 9048 processed, 0 removed, symbols: 73409 processed, 28 removed
[0.749s][info][gc            ] GC(2) Pause Remark 9M->9M(318M) 5.201ms
[0.750s][info][gc,cpu        ] GC(2) User=0.01s Sys=0.00s Real=0.01s
[0.750s][info][gc,marking    ] GC(2) Concurrent Rebuild Remembered Sets
[0.752s][info][gc,marking    ] GC(2) Concurrent Rebuild Remembered Sets 1.863ms
[0.753s][info][gc,start      ] GC(2) Pause Cleanup
[0.754s][info][gc            ] GC(2) Pause Cleanup 9M->9M(318M) 0.936ms
[0.755s][info][gc,cpu        ] GC(2) User=0.00s Sys=0.00s Real=0.01s
[0.756s][info][gc,marking    ] GC(2) Concurrent Cleanup for Next Mark
[0.759s][info][gc,marking    ] GC(2) Concurrent Cleanup for Next Mark 2.522ms
[0.760s][info][gc            ] GC(2) Concurrent Cycle 30.090ms
[1.021s][info][gc,start      ] GC(3) Pause Young (Concurrent Start) (G1 Evacuation Pause)
[1.022s][info][gc,task       ] GC(3) Using 8 workers of 9 for evacuation
[1.042s][info][gc,phases     ] GC(3)   Pre Evacuate Collection Set: 0.1ms
[1.043s][info][gc,phases     ] GC(3)   Evacuate Collection Set: 17.6ms
[1.043s][info][gc,phases     ] GC(3)   Post Evacuate Collection Set: 1.3ms
[1.044s][info][gc,phases     ] GC(3)   Other: 2.0ms
[1.045s][info][gc,heap       ] GC(3) Eden regions: 18->0(26)
[1.046s][info][gc,heap       ] GC(3) Survivor regions: 3->3(3)
[1.046s][info][gc,heap       ] GC(3) Old regions: 2->7
[1.047s][info][gc,heap       ] GC(3) Humongous regions: 0->0
[1.047s][info][gc,metaspace  ] GC(3) Metaspace: 26624K->26624K(1073152K)
[1.048s][info][gc            ] GC(3) Pause Young (Concurrent Start) (G1 Evacuation Pause) 43M->18M(318M) 26.964ms
[1.048s][info][gc,cpu        ] GC(3) User=0.06s Sys=0.02s Real=0.03s
[1.049s][info][gc            ] GC(4) Concurrent Cycle
[1.049s][info][gc,marking    ] GC(4) Concurrent Clear Claimed Marks
[1.050s][info][gc,marking    ] GC(4) Concurrent Clear Claimed Marks 0.683ms
[1.051s][info][gc,marking    ] GC(4) Concurrent Scan Root Regions
[1.053s][info][gc,marking    ] GC(4) Concurrent Scan Root Regions 2.241ms
[1.053s][info][gc,marking    ] GC(4) Concurrent Mark (1.053s)
[1.054s][info][gc,marking    ] GC(4) Concurrent Mark From Roots
[1.055s][info][gc,task       ] GC(4) Using 2 workers of 2 for marking
[1.061s][info][gc,marking    ] GC(4) Concurrent Mark From Roots 7.004ms
[1.062s][info][gc,marking    ] GC(4) Concurrent Preclean
[1.063s][info][gc,marking    ] GC(4) Concurrent Preclean 0.954ms
[1.063s][info][gc,marking    ] GC(4) Concurrent Mark (1.053s, 1.063s) 9.780ms
[1.064s][info][gc,start      ] GC(4) Pause Remark
[1.070s][info][gc,stringtable] GC(4) Cleaned string and symbol table, strings: 12234 processed, 0 removed, symbols: 86587 processed, 30 removed
[1.071s][info][gc            ] GC(4) Pause Remark 19M->19M(318M) 6.482ms
[1.072s][info][gc,cpu        ] GC(4) User=0.03s Sys=0.00s Real=0.00s
[1.073s][info][gc,marking    ] GC(4) Concurrent Rebuild Remembered Sets
[1.078s][info][gc,marking    ] GC(4) Concurrent Rebuild Remembered Sets 4.708ms
[1.079s][info][gc,start      ] GC(4) Pause Cleanup
[1.079s][info][gc            ] GC(4) Pause Cleanup 20M->20M(318M) 0.835ms
[1.080s][info][gc,cpu        ] GC(4) User=0.00s Sys=0.00s Real=0.00s
[1.081s][info][gc,marking    ] GC(4) Concurrent Cleanup for Next Mark
[1.083s][info][gc,marking    ] GC(4) Concurrent Cleanup for Next Mark 1.856ms
[1.083s][info][gc            ] GC(4) Concurrent Cycle 34.225ms
[1.560s][info][gc,start      ] GC(5) Pause Young (Concurrent Start) (Metadata GC Threshold)
[1.561s][info][gc,task       ] GC(5) Using 9 workers of 9 for evacuation
[1.583s][info][gc,phases     ] GC(5)   Pre Evacuate Collection Set: 0.1ms
[1.583s][info][gc,phases     ] GC(5)   Evacuate Collection Set: 12.4ms
[1.584s][info][gc,phases     ] GC(5)   Post Evacuate Collection Set: 7.8ms
[1.585s][info][gc,phases     ] GC(5)   Other: 2.4ms
[1.586s][info][gc,heap       ] GC(5) Eden regions: 14->0(27)
[1.587s][info][gc,heap       ] GC(5) Survivor regions: 3->3(3)
[1.588s][info][gc,heap       ] GC(5) Old regions: 7->10
[1.588s][info][gc,heap       ] GC(5) Humongous regions: 0->0
[1.589s][info][gc,metaspace  ] GC(5) Metaspace: 44688K->44688K(1089536K)
[1.590s][info][gc            ] GC(5) Pause Young (Concurrent Start) (Metadata GC Threshold) 45M->25M(318M) 30.049ms
[1.591s][info][gc,cpu        ] GC(5) User=0.11s Sys=0.01s Real=0.03s
[1.592s][info][gc            ] GC(6) Concurrent Cycle
[1.593s][info][gc,marking    ] GC(6) Concurrent Clear Claimed Marks
[1.594s][info][gc,marking    ] GC(6) Concurrent Clear Claimed Marks 1.098ms
[1.595s][info][gc,marking    ] GC(6) Concurrent Scan Root Regions
[1.599s][info][gc,marking    ] GC(6) Concurrent Scan Root Regions 4.278ms
[1.599s][info][gc,marking    ] GC(6) Concurrent Mark (1.599s)
[1.600s][info][gc,marking    ] GC(6) Concurrent Mark From Roots
[1.601s][info][gc,task       ] GC(6) Using 2 workers of 2 for marking
[1.617s][info][gc,marking    ] GC(6) Concurrent Mark From Roots 16.804ms
[1.618s][info][gc,marking    ] GC(6) Concurrent Preclean
[1.619s][info][gc,marking    ] GC(6) Concurrent Preclean 0.677ms
[1.619s][info][gc,marking    ] GC(6) Concurrent Mark (1.599s, 1.619s) 19.710ms
[1.620s][info][gc,start      ] GC(6) Pause Remark
[1.625s][info][gc,stringtable] GC(6) Cleaned string and symbol table, strings: 19437 processed, 16 removed, symbols: 142306 processed, 81 removed
[1.628s][info][gc            ] GC(6) Pause Remark 27M->27M(318M) 7.137ms
[1.628s][info][gc,cpu        ] GC(6) User=0.02s Sys=0.00s Real=0.01s
[1.629s][info][gc,marking    ] GC(6) Concurrent Rebuild Remembered Sets
[1.641s][info][gc,marking    ] GC(6) Concurrent Rebuild Remembered Sets 11.534ms
[1.642s][info][gc,start      ] GC(6) Pause Cleanup
[1.643s][info][gc            ] GC(6) Pause Cleanup 27M->27M(318M) 0.834ms
[1.644s][info][gc,cpu        ] GC(6) User=0.00s Sys=0.00s Real=0.00s
[1.644s][info][gc,marking    ] GC(6) Concurrent Cleanup for Next Mark
[1.645s][info][gc,marking    ] GC(6) Concurrent Cleanup for Next Mark 0.835ms
[1.646s][info][gc            ] GC(6) Concurrent Cycle 54.050ms
[2.149s][info][gc,start      ] GC(7) Pause Young (Concurrent Start) (G1 Evacuation Pause)
[2.150s][info][gc,task       ] GC(7) Using 9 workers of 9 for evacuation
[2.177s][info][gc,phases     ] GC(7)   Pre Evacuate Collection Set: 0.2ms
[2.178s][info][gc,phases     ] GC(7)   Evacuate Collection Set: 21.4ms
[2.180s][info][gc,phases     ] GC(7)   Post Evacuate Collection Set: 4.7ms
[2.181s][info][gc,phases     ] GC(7)   Other: 2.3ms
[2.181s][info][gc,heap       ] GC(7) Eden regions: 27->0(39)
[2.182s][info][gc,heap       ] GC(7) Survivor regions: 3->4(4)
[2.183s][info][gc,heap       ] GC(7) Old regions: 10->13
[2.184s][info][gc,heap       ] GC(7) Humongous regions: 0->0
[2.185s][info][gc,metaspace  ] GC(7) Metaspace: 57183K->57183K(1101824K)
[2.186s][info][gc            ] GC(7) Pause Young (Concurrent Start) (G1 Evacuation Pause) 79M->31M(492M) 36.831ms
[2.187s][info][gc,cpu        ] GC(7) User=0.11s Sys=0.02s Real=0.04s
[2.188s][info][gc            ] GC(8) Concurrent Cycle
[2.188s][info][gc,marking    ] GC(8) Concurrent Clear Claimed Marks
[2.189s][info][gc,marking    ] GC(8) Concurrent Clear Claimed Marks 1.219ms
[2.190s][info][gc,marking    ] GC(8) Concurrent Scan Root Regions
[2.193s][info][gc,marking    ] GC(8) Concurrent Scan Root Regions 2.930ms
[2.194s][info][gc,marking    ] GC(8) Concurrent Mark (2.194s)
[2.195s][info][gc,marking    ] GC(8) Concurrent Mark From Roots
[2.196s][info][gc,task       ] GC(8) Using 2 workers of 2 for marking
[2.211s][info][gc,marking    ] GC(8) Concurrent Mark From Roots 16.109ms
[2.212s][info][gc,marking    ] GC(8) Concurrent Preclean
[2.213s][info][gc,marking    ] GC(8) Concurrent Preclean 0.776ms
[2.213s][info][gc,marking    ] GC(8) Concurrent Mark (2.194s, 2.213s) 19.319ms
[2.215s][info][gc,start      ] GC(8) Pause Remark
[2.219s][info][gc,stringtable] GC(8) Cleaned string and symbol table, strings: 23646 processed, 392 removed, symbols: 173197 processed, 45 removed
[2.220s][info][gc            ] GC(8) Pause Remark 34M->34M(492M) 5.629ms
[2.221s][info][gc,cpu        ] GC(8) User=0.02s Sys=0.00s Real=0.00s
[2.222s][info][gc,marking    ] GC(8) Concurrent Rebuild Remembered Sets
[2.231s][info][gc,marking    ] GC(8) Concurrent Rebuild Remembered Sets 9.306ms
[2.232s][info][gc,start      ] GC(8) Pause Cleanup
[2.233s][info][gc            ] GC(8) Pause Cleanup 35M->35M(492M) 0.838ms
[2.234s][info][gc,cpu        ] GC(8) User=0.00s Sys=0.00s Real=0.01s
[2.234s][info][gc,marking    ] GC(8) Concurrent Cleanup for Next Mark
[2.236s][info][gc,marking    ] GC(8) Concurrent Cleanup for Next Mark 1.724ms
[2.237s][info][gc            ] GC(8) Concurrent Cycle 49.282ms
[2.829s][info][gc,start      ] GC(9) Pause Young (Normal) (G1 Evacuation Pause)
[2.829s][info][gc,task       ] GC(9) Using 9 workers of 9 for evacuation
[2.847s][info][gc,phases     ] GC(9)   Pre Evacuate Collection Set: 0.0ms
[2.848s][info][gc,phases     ] GC(9)   Evacuate Collection Set: 9.3ms
[2.849s][info][gc,phases     ] GC(9)   Post Evacuate Collection Set: 7.0ms
[2.850s][info][gc,phases     ] GC(9)   Other: 2.3ms
[2.850s][info][gc,heap       ] GC(9) Eden regions: 39->0(111)
[2.851s][info][gc,heap       ] GC(9) Survivor regions: 4->6(6)
[2.852s][info][gc,heap       ] GC(9) Old regions: 13->17
[2.853s][info][gc,heap       ] GC(9) Humongous regions: 24->0
[2.854s][info][gc,metaspace  ] GC(9) Metaspace: 79198K->79198K(1122304K)
[2.855s][info][gc            ] GC(9) Pause Young (Normal) (G1 Evacuation Pause) 157M->44M(492M) 26.799ms
[2.856s][info][gc,cpu        ] GC(9) User=0.09s Sys=0.02s Real=0.03s
[3.900s][info][gc,start      ] GC(10) Pause Young (Concurrent Start) (Metadata GC Threshold)
[3.901s][info][gc,task       ] GC(10) Using 9 workers of 9 for evacuation
[3.940s][info][gc,phases     ] GC(10)   Pre Evacuate Collection Set: 0.4ms
[3.941s][info][gc,phases     ] GC(10)   Evacuate Collection Set: 34.8ms
[3.942s][info][gc,phases     ] GC(10)   Post Evacuate Collection Set: 3.1ms
[3.943s][info][gc,phases     ] GC(10)   Other: 2.2ms
[3.944s][info][gc,heap       ] GC(10) Eden regions: 69->0(71)
[3.944s][info][gc,heap       ] GC(10) Survivor regions: 6->15(15)
[3.945s][info][gc,heap       ] GC(10) Old regions: 17->17
[3.946s][info][gc,heap       ] GC(10) Humongous regions: 18->0
[3.947s][info][gc,metaspace  ] GC(10) Metaspace: 96351K->96351K(1136640K)
[3.948s][info][gc            ] GC(10) Pause Young (Concurrent Start) (Metadata GC Threshold) 218M->61M(492M) 48.432ms
[3.949s][info][gc,cpu        ] GC(10) User=0.07s Sys=0.03s Real=0.05s
[3.950s][info][gc            ] GC(11) Concurrent Cycle
[3.951s][info][gc,marking    ] GC(11) Concurrent Clear Claimed Marks
[3.951s][info][gc,marking    ] GC(11) Concurrent Clear Claimed Marks 0.904ms
[3.952s][info][gc,marking    ] GC(11) Concurrent Scan Root Regions
[3.962s][info][gc,marking    ] GC(11) Concurrent Scan Root Regions 10.156ms
[3.963s][info][gc,marking    ] GC(11) Concurrent Mark (3.963s)
[3.964s][info][gc,marking    ] GC(11) Concurrent Mark From Roots
[3.964s][info][gc,task       ] GC(11) Using 2 workers of 2 for marking
[3.984s][info][gc,marking    ] GC(11) Concurrent Mark From Roots 20.050ms
[3.985s][info][gc,marking    ] GC(11) Concurrent Preclean
[3.985s][info][gc,marking    ] GC(11) Concurrent Preclean 0.601ms
[3.986s][info][gc,marking    ] GC(11) Concurrent Mark (3.963s, 3.986s) 22.391ms
[3.988s][info][gc,start      ] GC(11) Pause Remark
[4.001s][info][gc,stringtable] GC(11) Cleaned string and symbol table, strings: 39732 processed, 15 removed, symbols: 280835 processed, 136 removed
[4.003s][info][gc            ] GC(11) Pause Remark 64M->64M(492M) 14.922ms
[4.003s][info][gc,cpu        ] GC(11) User=0.08s Sys=0.00s Real=0.01s
[4.004s][info][gc,marking    ] GC(11) Concurrent Rebuild Remembered Sets
[4.023s][info][gc,marking    ] GC(11) Concurrent Rebuild Remembered Sets 18.683ms
[4.024s][info][gc,start      ] GC(11) Pause Cleanup
[4.025s][info][gc            ] GC(11) Pause Cleanup 65M->65M(492M) 0.798ms
[4.026s][info][gc,cpu        ] GC(11) User=0.00s Sys=0.00s Real=0.00s
[4.026s][info][gc,marking    ] GC(11) Concurrent Cleanup for Next Mark
[4.027s][info][gc,marking    ] GC(11) Concurrent Cleanup for Next Mark 1.272ms
[4.028s][info][gc            ] GC(11) Concurrent Cycle 78.253ms
[5.916s][info][gc,start      ] GC(12) Pause Young (Normal) (G1 Evacuation Pause)
[5.917s][info][gc,task       ] GC(12) Using 9 workers of 9 for evacuation
[5.952s][info][gc,phases     ] GC(12)   Pre Evacuate Collection Set: 0.1ms
[5.953s][info][gc,phases     ] GC(12)   Evacuate Collection Set: 28.0ms
[5.954s][info][gc,phases     ] GC(12)   Post Evacuate Collection Set: 4.7ms
[5.954s][info][gc,phases     ] GC(12)   Other: 2.8ms
[5.955s][info][gc,heap       ] GC(12) Eden regions: 72->0(91)
[5.956s][info][gc,heap       ] GC(12) Survivor regions: 15->11(11)
[5.956s][info][gc,heap       ] GC(12) Old regions: 17->31
[5.957s][info][gc,heap       ] GC(12) Humongous regions: 15->7
[5.957s][info][gc,metaspace  ] GC(12) Metaspace: 105304K->105304K(1146880K)
[5.958s][info][gc            ] GC(12) Pause Young (Normal) (G1 Evacuation Pause) 235M->96M(492M) 41.968ms
[5.959s][info][gc,cpu        ] GC(12) User=0.14s Sys=0.02s Real=0.04s
[8.867s][info][gc,start      ] GC(13) Pause Young (Normal) (G1 Evacuation Pause)
[8.868s][info][gc,task       ] GC(13) Using 9 workers of 9 for evacuation
[8.887s][info][gc,phases     ] GC(13)   Pre Evacuate Collection Set: 0.1ms
[8.889s][info][gc,phases     ] GC(13)   Evacuate Collection Set: 14.2ms
[8.890s][info][gc,phases     ] GC(13)   Post Evacuate Collection Set: 3.5ms
[8.891s][info][gc,phases     ] GC(13)   Other: 2.8ms
[8.892s][info][gc,heap       ] GC(13) Eden regions: 91->0(118)
[8.893s][info][gc,heap       ] GC(13) Survivor regions: 11->3(13)
[8.894s][info][gc,heap       ] GC(13) Old regions: 31->42
[8.895s][info][gc,heap       ] GC(13) Humongous regions: 7->7
[8.896s][info][gc,metaspace  ] GC(13) Metaspace: 105433K->105433K(1146880K)
[8.897s][info][gc            ] GC(13) Pause Young (Normal) (G1 Evacuation Pause) 278M->102M(818M) 30.341ms
[8.898s][info][gc,cpu        ] GC(13) User=0.08s Sys=0.01s Real=0.03s
[11.580s][info][gc,start      ] GC(14) Pause Young (Normal) (G1 Evacuation Pause)
[11.581s][info][gc,task       ] GC(14) Using 9 workers of 9 for evacuation
[11.609s][info][gc,phases     ] GC(14)   Pre Evacuate Collection Set: 0.0ms
[11.611s][info][gc,phases     ] GC(14)   Evacuate Collection Set: 20.7ms
[11.612s][info][gc,phases     ] GC(14)   Post Evacuate Collection Set: 5.6ms
[11.613s][info][gc,phases     ] GC(14)   Other: 2.6ms
[11.614s][info][gc,heap       ] GC(14) Eden regions: 118->0(217)
[11.614s][info][gc,heap       ] GC(14) Survivor regions: 3->9(16)
[11.615s][info][gc,heap       ] GC(14) Old regions: 42->42
[11.616s][info][gc,heap       ] GC(14) Humongous regions: 12->9
[11.617s][info][gc,metaspace  ] GC(14) Metaspace: 114297K->114297K(1153024K)
[11.618s][info][gc            ] GC(14) Pause Young (Normal) (G1 Evacuation Pause) 348M->118M(818M) 37.348ms
[11.618s][info][gc,cpu        ] GC(14) User=0.10s Sys=0.02s Real=0.04s
[12.914s][info][gc,start      ] GC(15) Pause Young (Normal) (G1 Evacuation Pause)
[12.915s][info][gc,task       ] GC(15) Using 9 workers of 9 for evacuation
[12.952s][info][gc,phases     ] GC(15)   Pre Evacuate Collection Set: 0.1ms
[12.953s][info][gc,phases     ] GC(15)   Evacuate Collection Set: 32.0ms
[12.954s][info][gc,phases     ] GC(15)   Post Evacuate Collection Set: 3.6ms
[12.955s][info][gc,phases     ] GC(15)   Other: 2.6ms
[12.956s][info][gc,heap       ] GC(15) Eden regions: 217->0(234)
[12.957s][info][gc,heap       ] GC(15) Survivor regions: 9->11(29)
[12.958s][info][gc,heap       ] GC(15) Old regions: 42->42
[12.958s][info][gc,heap       ] GC(15) Humongous regions: 22->7
[12.959s][info][gc,metaspace  ] GC(15) Metaspace: 117451K->117451K(1157120K)
[12.959s][info][gc            ] GC(15) Pause Young (Normal) (G1 Evacuation Pause) 578M->117M(818M) 45.072ms
[12.960s][info][gc,cpu        ] GC(15) User=0.06s Sys=0.01s Real=0.04s
[13.811s][info][gc,start      ] GC(16) Pause Young (Normal) (G1 Evacuation Pause)
[13.812s][info][gc,task       ] GC(16) Using 9 workers of 9 for evacuation
[13.838s][info][gc,phases     ] GC(16)   Pre Evacuate Collection Set: 0.1ms
[13.839s][info][gc,phases     ] GC(16)   Evacuate Collection Set: 19.2ms
[13.839s][info][gc,phases     ] GC(16)   Post Evacuate Collection Set: 5.7ms
[13.840s][info][gc,phases     ] GC(16)   Other: 2.3ms
[13.841s][info][gc,heap       ] GC(16) Eden regions: 234->0(227)
[13.841s][info][gc,heap       ] GC(16) Survivor regions: 11->18(31)
[13.842s][info][gc,heap       ] GC(16) Old regions: 42->42
[13.842s][info][gc,heap       ] GC(16) Humongous regions: 7->7
[13.843s][info][gc,metaspace  ] GC(16) Metaspace: 122876K->122876K(1161216K)
[13.843s][info][gc            ] GC(16) Pause Young (Normal) (G1 Evacuation Pause) 585M->131M(818M) 32.517ms
[13.844s][info][gc,cpu        ] GC(16) User=0.07s Sys=0.01s Real=0.04s
[14.340s][info][gc,start      ] GC(17) Pause Young (Normal) (G1 Evacuation Pause)
[14.342s][info][gc,task       ] GC(17) Using 9 workers of 9 for evacuation
[14.357s][info][gc,phases     ] GC(17)   Pre Evacuate Collection Set: 0.1ms
[14.358s][info][gc,phases     ] GC(17)   Evacuate Collection Set: 7.7ms
[14.359s][info][gc,phases     ] GC(17)   Post Evacuate Collection Set: 6.7ms
[14.359s][info][gc,phases     ] GC(17)   Other: 2.3ms
[14.360s][info][gc,heap       ] GC(17) Eden regions: 227->0(278)
[14.361s][info][gc,heap       ] GC(17) Survivor regions: 18->16(31)
[14.361s][info][gc,heap       ] GC(17) Old regions: 42->43
[14.362s][info][gc,heap       ] GC(17) Humongous regions: 7->7
[14.362s][info][gc,metaspace  ] GC(17) Metaspace: 122971K->122971K(1161216K)
[14.363s][info][gc            ] GC(17) Pause Young (Normal) (G1 Evacuation Pause) 585M->131M(982M) 22.202ms
[14.363s][info][gc,cpu        ] GC(17) User=0.09s Sys=0.02s Real=0.02s
[15.593s][info][gc,start      ] GC(18) Pause Young (Normal) (G1 Evacuation Pause)
[15.594s][info][gc,task       ] GC(18) Using 9 workers of 9 for evacuation
[15.614s][info][gc,phases     ] GC(18)   Pre Evacuate Collection Set: 0.1ms
[15.615s][info][gc,phases     ] GC(18)   Evacuate Collection Set: 15.1ms
[15.616s][info][gc,phases     ] GC(18)   Post Evacuate Collection Set: 4.4ms
[15.616s][info][gc,phases     ] GC(18)   Other: 1.5ms
[15.617s][info][gc,heap       ] GC(18) Eden regions: 278->0(276)
[15.618s][info][gc,heap       ] GC(18) Survivor regions: 16->18(37)
[15.618s][info][gc,heap       ] GC(18) Old regions: 43->43
[15.619s][info][gc,heap       ] GC(18) Humongous regions: 8->7
[15.619s][info][gc,metaspace  ] GC(18) Metaspace: 125933K->125933K(1165312K)
[15.620s][info][gc            ] GC(18) Pause Young (Normal) (G1 Evacuation Pause) 689M->134M(982M) 26.562ms
[15.620s][info][gc,cpu        ] GC(18) User=0.10s Sys=0.02s Real=0.03s
[16.622s][info][gc,start      ] GC(19) Pause Young (Normal) (G1 Evacuation Pause)
[16.623s][info][gc,task       ] GC(19) Using 9 workers of 9 for evacuation
[16.640s][info][gc,phases     ] GC(19)   Pre Evacuate Collection Set: 0.0ms
[16.641s][info][gc,phases     ] GC(19)   Evacuate Collection Set: 12.0ms
[16.641s][info][gc,phases     ] GC(19)   Post Evacuate Collection Set: 3.5ms
[16.642s][info][gc,phases     ] GC(19)   Other: 1.9ms
[16.643s][info][gc,heap       ] GC(19) Eden regions: 276->0(276)
[16.643s][info][gc,heap       ] GC(19) Survivor regions: 18->18(37)
[16.644s][info][gc,heap       ] GC(19) Old regions: 43->43
[16.644s][info][gc,heap       ] GC(19) Humongous regions: 7->7
[16.645s][info][gc,metaspace  ] GC(19) Metaspace: 125993K->125993K(1165312K)
[16.646s][info][gc            ] GC(19) Pause Young (Normal) (G1 Evacuation Pause) 686M->134M(982M) 23.295ms
[16.646s][info][gc,cpu        ] GC(19) User=0.09s Sys=0.02s Real=0.03s
[17.772s][info][gc,start      ] GC(20) Pause Young (Normal) (G1 Evacuation Pause)
[17.773s][info][gc,task       ] GC(20) Using 9 workers of 9 for evacuation
[17.794s][info][gc,phases     ] GC(20)   Pre Evacuate Collection Set: 0.0ms
[17.795s][info][gc,phases     ] GC(20)   Evacuate Collection Set: 16.1ms
[17.796s][info][gc,phases     ] GC(20)   Post Evacuate Collection Set: 4.3ms
[17.797s][info][gc,phases     ] GC(20)   Other: 1.8ms
[17.797s][info][gc,heap       ] GC(20) Eden regions: 276->0(274)
[17.798s][info][gc,heap       ] GC(20) Survivor regions: 18->20(37)
[17.799s][info][gc,heap       ] GC(20) Old regions: 43->43
[17.799s][info][gc,heap       ] GC(20) Humongous regions: 7->7
[17.800s][info][gc,metaspace  ] GC(20) Metaspace: 126026K->126026K(1165312K)
[17.801s][info][gc            ] GC(20) Pause Young (Normal) (G1 Evacuation Pause) 686M->138M(982M) 28.389ms
[17.801s][info][gc,cpu        ] GC(20) User=0.09s Sys=0.02s Real=0.03s
[18.838s][info][gc,start      ] GC(21) Pause Young (Normal) (G1 Evacuation Pause)
[18.839s][info][gc,task       ] GC(21) Using 9 workers of 9 for evacuation
[18.858s][info][gc,phases     ] GC(21)   Pre Evacuate Collection Set: 0.0ms
[18.859s][info][gc,phases     ] GC(21)   Evacuate Collection Set: 14.1ms
[18.860s][info][gc,phases     ] GC(21)   Post Evacuate Collection Set: 3.8ms
[18.860s][info][gc,phases     ] GC(21)   Other: 1.9ms
[18.861s][info][gc,heap       ] GC(21) Eden regions: 274->0(335)
[18.862s][info][gc,heap       ] GC(21) Survivor regions: 20->19(37)
[18.862s][info][gc,heap       ] GC(21) Old regions: 43->43
[18.863s][info][gc,heap       ] GC(21) Humongous regions: 7->7
[18.864s][info][gc,metaspace  ] GC(21) Metaspace: 126043K->126043K(1165312K)
[18.864s][info][gc            ] GC(21) Pause Young (Normal) (G1 Evacuation Pause) 686M->137M(1180M) 25.919ms
[18.865s][info][gc,cpu        ] GC(21) User=0.08s Sys=0.01s Real=0.03s
[20.094s][info][gc,start      ] GC(22) Pause Young (Normal) (G1 Evacuation Pause)
[20.095s][info][gc,task       ] GC(22) Using 9 workers of 9 for evacuation
[20.123s][info][gc,phases     ] GC(22)   Pre Evacuate Collection Set: 0.0ms
[20.124s][info][gc,phases     ] GC(22)   Evacuate Collection Set: 23.0ms
[20.124s][info][gc,phases     ] GC(22)   Post Evacuate Collection Set: 3.4ms
[20.125s][info][gc,phases     ] GC(22)   Other: 2.0ms
[20.126s][info][gc,heap       ] GC(22) Eden regions: 335->0(334)
[20.127s][info][gc,heap       ] GC(22) Survivor regions: 19->20(45)
[20.127s][info][gc,heap       ] GC(22) Old regions: 43->43
[20.128s][info][gc,heap       ] GC(22) Humongous regions: 7->7
[20.129s][info][gc,metaspace  ] GC(22) Metaspace: 126053K->126053K(1165312K)
[20.129s][info][gc            ] GC(22) Pause Young (Normal) (G1 Evacuation Pause) 807M->139M(1180M) 35.014ms
[20.130s][info][gc,cpu        ] GC(22) User=0.10s Sys=0.02s Real=0.03s
[21.135s][info][gc,start      ] GC(23) Pause Young (Normal) (G1 Evacuation Pause)
[21.136s][info][gc,task       ] GC(23) Using 9 workers of 9 for evacuation
[21.166s][info][gc,phases     ] GC(23)   Pre Evacuate Collection Set: 0.1ms
[21.167s][info][gc,phases     ] GC(23)   Evacuate Collection Set: 25.1ms
[21.167s][info][gc,phases     ] GC(23)   Post Evacuate Collection Set: 3.6ms
[21.168s][info][gc,phases     ] GC(23)   Other: 2.0ms
[21.169s][info][gc,heap       ] GC(23) Eden regions: 334->0(333)
[21.170s][info][gc,heap       ] GC(23) Survivor regions: 20->21(45)
[21.170s][info][gc,heap       ] GC(23) Old regions: 43->43
[21.171s][info][gc,heap       ] GC(23) Humongous regions: 7->7
[21.172s][info][gc,metaspace  ] GC(23) Metaspace: 126128K->126128K(1165312K)
[21.172s][info][gc            ] GC(23) Pause Young (Normal) (G1 Evacuation Pause) 807M->141M(1180M) 37.376ms
[21.173s][info][gc,cpu        ] GC(23) User=0.11s Sys=0.03s Real=0.03s
[22.183s][info][gc,start      ] GC(24) Pause Young (Normal) (G1 Evacuation Pause)
[22.184s][info][gc,task       ] GC(24) Using 9 workers of 9 for evacuation
[22.213s][info][gc,phases     ] GC(24)   Pre Evacuate Collection Set: 0.1ms
[22.214s][info][gc,phases     ] GC(24)   Evacuate Collection Set: 22.9ms
[22.215s][info][gc,phases     ] GC(24)   Post Evacuate Collection Set: 4.6ms
[22.215s][info][gc,phases     ] GC(24)   Other: 2.4ms
[22.216s][info][gc,heap       ] GC(24) Eden regions: 333->0(333)
[22.217s][info][gc,heap       ] GC(24) Survivor regions: 21->21(45)
[22.217s][info][gc,heap       ] GC(24) Old regions: 43->43
[22.218s][info][gc,heap       ] GC(24) Humongous regions: 7->7
[22.219s][info][gc,metaspace  ] GC(24) Metaspace: 126152K->126152K(1165312K)
[22.219s][info][gc            ] GC(24) Pause Young (Normal) (G1 Evacuation Pause) 807M->141M(1180M) 35.813ms
[22.220s][info][gc,cpu        ] GC(24) User=0.15s Sys=0.03s Real=0.04s
[23.776s][info][gc,start      ] GC(25) Pause Young (Normal) (G1 Evacuation Pause)
[23.777s][info][gc,task       ] GC(25) Using 9 workers of 9 for evacuation
[23.805s][info][gc,phases     ] GC(25)   Pre Evacuate Collection Set: 0.0ms
[23.806s][info][gc,phases     ] GC(25)   Evacuate Collection Set: 23.2ms
[23.807s][info][gc,phases     ] GC(25)   Post Evacuate Collection Set: 4.0ms
[23.808s][info][gc,phases     ] GC(25)   Other: 2.0ms
[23.808s][info][gc,heap       ] GC(25) Eden regions: 333->0(332)
[23.809s][info][gc,heap       ] GC(25) Survivor regions: 21->22(45)
[23.809s][info][gc,heap       ] GC(25) Old regions: 43->43
[23.810s][info][gc,heap       ] GC(25) Humongous regions: 7->7
[23.811s][info][gc,metaspace  ] GC(25) Metaspace: 126161K->126161K(1165312K)
[23.811s][info][gc            ] GC(25) Pause Young (Normal) (G1 Evacuation Pause) 807M->142M(1180M) 34.977ms
[23.812s][info][gc,cpu        ] GC(25) User=0.14s Sys=0.02s Real=0.03s
[26.392s][info][gc,start      ] GC(26) Pause Young (Normal) (GCLocker Initiated GC)
[26.393s][info][gc,task       ] GC(26) Using 9 workers of 9 for evacuation
[26.446s][info][gc,phases     ] GC(26)   Pre Evacuate Collection Set: 0.2ms
[26.449s][info][gc,phases     ] GC(26)   Evacuate Collection Set: 41.1ms
[26.450s][info][gc,phases     ] GC(26)   Post Evacuate Collection Set: 9.4ms
[26.451s][info][gc,phases     ] GC(26)   Other: 2.8ms
[26.452s][info][gc,heap       ] GC(26) Eden regions: 333->0(402)
[26.453s][info][gc,heap       ] GC(26) Survivor regions: 22->22(45)
[26.454s][info][gc,heap       ] GC(26) Old regions: 43->43
[26.455s][info][gc,heap       ] GC(26) Humongous regions: 7->7
[26.457s][info][gc,metaspace  ] GC(26) Metaspace: 126191K->126191K(1165312K)
[26.459s][info][gc            ] GC(26) Pause Young (Normal) (GCLocker Initiated GC) 807M->143M(1416M) 66.982ms
[26.462s][info][gc,cpu        ] GC(26) User=0.30s Sys=0.03s Real=0.07s
[29.836s][info][gc,start      ] GC(27) Pause Young (Normal) (G1 Evacuation Pause)
[29.836s][info][gc,task       ] GC(27) Using 9 workers of 9 for evacuation
[29.883s][info][gc,phases     ] GC(27)   Pre Evacuate Collection Set: 0.1ms
[29.884s][info][gc,phases     ] GC(27)   Evacuate Collection Set: 32.4ms
[29.885s][info][gc,phases     ] GC(27)   Post Evacuate Collection Set: 13.5ms
[29.886s][info][gc,phases     ] GC(27)   Other: 1.8ms
[29.886s][info][gc,heap       ] GC(27) Eden regions: 402->0(395)
[29.887s][info][gc,heap       ] GC(27) Survivor regions: 22->29(53)
[29.887s][info][gc,heap       ] GC(27) Old regions: 43->43
[29.888s][info][gc,heap       ] GC(27) Humongous regions: 9->9
[29.888s][info][gc,metaspace  ] GC(27) Metaspace: 145255K->145255K(1181696K)
[29.889s][info][gc            ] GC(27) Pause Young (Normal) (G1 Evacuation Pause) 951M->160M(1416M) 53.309ms
[29.889s][info][gc,cpu        ] GC(27) User=0.19s Sys=0.03s Real=0.05s
[35.883s][info][gc,start      ] GC(28) Pause Young (Concurrent Start) (Metadata GC Threshold)
[35.884s][info][gc,task       ] GC(28) Using 9 workers of 9 for evacuation
[35.924s][info][gc,phases     ] GC(28)   Pre Evacuate Collection Set: 0.5ms
[35.925s][info][gc,phases     ] GC(28)   Evacuate Collection Set: 32.4ms
[35.925s][info][gc,phases     ] GC(28)   Post Evacuate Collection Set: 6.0ms
[35.926s][info][gc,phases     ] GC(28)   Other: 2.0ms
[35.927s][info][gc,heap       ] GC(28) Eden regions: 163->0(392)
[35.928s][info][gc,heap       ] GC(28) Survivor regions: 29->32(53)
[35.928s][info][gc,heap       ] GC(28) Old regions: 43->47
[35.929s][info][gc,heap       ] GC(28) Humongous regions: 12->7
[35.930s][info][gc,metaspace  ] GC(28) Metaspace: 161338K->161338K(1196032K)
[35.930s][info][gc            ] GC(28) Pause Young (Concurrent Start) (Metadata GC Threshold) 490M->171M(1416M) 47.092ms
[35.931s][info][gc,cpu        ] GC(28) User=0.17s Sys=0.03s Real=0.05s
[35.932s][info][gc            ] GC(29) Concurrent Cycle
[35.932s][info][gc,marking    ] GC(29) Concurrent Clear Claimed Marks
[35.933s][info][gc,marking    ] GC(29) Concurrent Clear Claimed Marks 1.325ms
[35.934s][info][gc,marking    ] GC(29) Concurrent Scan Root Regions
[35.949s][info][gc,marking    ] GC(29) Concurrent Scan Root Regions 14.693ms
[35.950s][info][gc,marking    ] GC(29) Concurrent Mark (35.950s)
[35.950s][info][gc,marking    ] GC(29) Concurrent Mark From Roots
[35.951s][info][gc,task       ] GC(29) Using 2 workers of 2 for marking
[36.062s][info][gc,marking    ] GC(29) Concurrent Mark From Roots 111.724ms
[36.063s][info][gc,marking    ] GC(29) Concurrent Preclean
[36.064s][info][gc,marking    ] GC(29) Concurrent Preclean 1.324ms
[36.065s][info][gc,marking    ] GC(29) Concurrent Mark (35.950s, 36.065s) 115.243ms
[36.067s][info][gc,start      ] GC(29) Pause Remark
[36.098s][info][gc,stringtable] GC(29) Cleaned string and symbol table, strings: 63930 processed, 37 removed, symbols: 412443 processed, 141 removed
[36.100s][info][gc            ] GC(29) Pause Remark 179M->179M(1416M) 32.794ms
[36.101s][info][gc,cpu        ] GC(29) User=0.13s Sys=0.00s Real=0.03s
[36.102s][info][gc,marking    ] GC(29) Concurrent Rebuild Remembered Sets
[36.163s][info][gc,marking    ] GC(29) Concurrent Rebuild Remembered Sets 60.896ms
[36.165s][info][gc,start      ] GC(29) Pause Cleanup
[36.166s][info][gc            ] GC(29) Pause Cleanup 182M->182M(1416M) 1.069ms
[36.166s][info][gc,cpu        ] GC(29) User=0.00s Sys=0.00s Real=0.00s
[36.167s][info][gc,marking    ] GC(29) Concurrent Cleanup for Next Mark
[36.172s][info][gc,marking    ] GC(29) Concurrent Cleanup for Next Mark 4.681ms
[36.173s][info][gc            ] GC(29) Concurrent Cycle 241.115ms
[47.285s][info][gc,start      ] GC(30) Pause Young (Concurrent Start) (G1 Evacuation Pause)
[47.286s][info][gc,task       ] GC(30) Using 9 workers of 9 for evacuation
[47.384s][info][gc,phases     ] GC(30)   Pre Evacuate Collection Set: 0.9ms
[47.385s][info][gc,phases     ] GC(30)   Evacuate Collection Set: 87.9ms
[47.386s][info][gc,phases     ] GC(30)   Post Evacuate Collection Set: 7.6ms
[47.387s][info][gc,phases     ] GC(30)   Other: 2.6ms
[47.387s][info][gc,heap       ] GC(30) Eden regions: 392->0(371)
[47.388s][info][gc,heap       ] GC(30) Survivor regions: 32->53(53)
[47.389s][info][gc,heap       ] GC(30) Old regions: 47->93
[47.389s][info][gc,heap       ] GC(30) Humongous regions: 7->7
[47.390s][info][gc,metaspace  ] GC(30) Metaspace: 217928K->217928K(1245184K)
[47.391s][info][gc            ] GC(30) Pause Young (Concurrent Start) (G1 Evacuation Pause) 955M->305M(1416M) 105.524ms
[47.391s][info][gc,cpu        ] GC(30) User=0.44s Sys=0.08s Real=0.10s
[47.392s][info][gc            ] GC(31) Concurrent Cycle
[47.392s][info][gc,marking    ] GC(31) Concurrent Clear Claimed Marks
[47.394s][info][gc,marking    ] GC(31) Concurrent Clear Claimed Marks 1.276ms
[47.394s][info][gc,marking    ] GC(31) Concurrent Scan Root Regions
[47.415s][info][gc,marking    ] GC(31) Concurrent Scan Root Regions 20.240ms
[47.415s][info][gc,marking    ] GC(31) Concurrent Mark (47.415s)
[47.416s][info][gc,marking    ] GC(31) Concurrent Mark From Roots
[47.417s][info][gc,task       ] GC(31) Using 2 workers of 2 for marking
[47.563s][info][gc,marking    ] GC(31) Concurrent Mark From Roots 146.608ms
[47.563s][info][gc,marking    ] GC(31) Concurrent Preclean
[47.565s][info][gc,marking    ] GC(31) Concurrent Preclean 1.342ms
[47.565s][info][gc,marking    ] GC(31) Concurrent Mark (47.415s, 47.565s) 150.097ms
[47.566s][info][gc,start      ] GC(31) Pause Remark
[47.599s][info][gc,stringtable] GC(31) Cleaned string and symbol table, strings: 112713 processed, 3 removed, symbols: 577529 processed, 159 removed
[47.601s][info][gc            ] GC(31) Pause Remark 323M->323M(1416M) 35.230ms
[47.603s][info][gc,cpu        ] GC(31) User=0.24s Sys=0.01s Real=0.03s
[47.603s][info][gc,marking    ] GC(31) Concurrent Rebuild Remembered Sets
[47.694s][info][gc,marking    ] GC(31) Concurrent Rebuild Remembered Sets 90.141ms
[47.695s][info][gc,start      ] GC(31) Pause Cleanup
[47.696s][info][gc            ] GC(31) Pause Cleanup 325M->325M(1416M) 0.880ms
[47.696s][info][gc,cpu        ] GC(31) User=0.00s Sys=0.00s Real=0.00s
[47.697s][info][gc,marking    ] GC(31) Concurrent Cleanup for Next Mark
[47.701s][info][gc,marking    ] GC(31) Concurrent Cleanup for Next Mark 3.811ms
[47.702s][info][gc            ] GC(31) Concurrent Cycle 309.748ms
[124.939s][info][gc,start      ] GC(32) Pause Young (Normal) (G1 Evacuation Pause)
[124.940s][info][gc,task       ] GC(32) Using 9 workers of 9 for evacuation
[125.001s][info][gc,phases     ] GC(32)   Pre Evacuate Collection Set: 0.1ms
[125.002s][info][gc,phases     ] GC(32)   Evacuate Collection Set: 51.7ms
[125.003s][info][gc,phases     ] GC(32)   Post Evacuate Collection Set: 7.4ms
[125.003s][info][gc,phases     ] GC(32)   Other: 3.0ms
[125.004s][info][gc,heap       ] GC(32) Eden regions: 371->0(427)
[125.005s][info][gc,heap       ] GC(32) Survivor regions: 53->16(53)
[125.005s][info][gc,heap       ] GC(32) Old regions: 93->147
[125.006s][info][gc,heap       ] GC(32) Humongous regions: 28->12
[125.007s][info][gc,metaspace  ] GC(32) Metaspace: 250604K->250604K(1271808K)
[125.007s][info][gc            ] GC(32) Pause Young (Normal) (G1 Evacuation Pause) 1089M->350M(1700M) 67.928ms
[125.008s][info][gc,cpu        ] GC(32) User=0.30s Sys=0.05s Real=0.07s
[134.210s][info][gc,start      ] GC(33) Pause Young (Normal) (G1 Evacuation Pause)
[134.212s][info][gc,task       ] GC(33) Using 9 workers of 9 for evacuation
[134.231s][info][gc,phases     ] GC(33)   Pre Evacuate Collection Set: 0.1ms
[134.232s][info][gc,phases     ] GC(33)   Evacuate Collection Set: 12.9ms
[134.233s][info][gc,phases     ] GC(33)   Post Evacuate Collection Set: 4.6ms
[134.234s][info][gc,phases     ] GC(33)   Other: 3.8ms
[134.235s][info][gc,heap       ] GC(33) Eden regions: 427->0(464)
[134.235s][info][gc,heap       ] GC(33) Survivor regions: 16->21(56)
[134.236s][info][gc,heap       ] GC(33) Old regions: 147->147
[134.236s][info][gc,heap       ] GC(33) Humongous regions: 14->14
[134.237s][info][gc,metaspace  ] GC(33) Metaspace: 250640K->250640K(1273856K)
[134.237s][info][gc            ] GC(33) Pause Young (Normal) (G1 Evacuation Pause) 1208M->364M(1700M) 27.241ms
[134.238s][info][gc,cpu        ] GC(33) User=0.08s Sys=0.02s Real=0.03s
[138.633s][info][gc,start      ] GC(34) Pause Young (Normal) (G1 Evacuation Pause)
[138.635s][info][gc,task       ] GC(34) Using 9 workers of 9 for evacuation
[138.698s][info][gc,phases     ] GC(34)   Pre Evacuate Collection Set: 0.1ms
[138.699s][info][gc,phases     ] GC(34)   Evacuate Collection Set: 52.0ms
[138.700s][info][gc,phases     ] GC(34)   Post Evacuate Collection Set: 9.8ms
[138.700s][info][gc,phases     ] GC(34)   Other: 3.3ms
[138.701s][info][gc,heap       ] GC(34) Eden regions: 464->0(471)
[138.702s][info][gc,heap       ] GC(34) Survivor regions: 21->30(61)
[138.702s][info][gc,heap       ] GC(34) Old regions: 147->147
[138.703s][info][gc,heap       ] GC(34) Humongous regions: 14->14
[138.703s][info][gc,metaspace  ] GC(34) Metaspace: 253329K->253329K(1275904K)
[138.704s][info][gc            ] GC(34) Pause Young (Normal) (G1 Evacuation Pause) 1292M->382M(1700M) 70.708ms
[138.704s][info][gc,cpu        ] GC(34) User=0.23s Sys=0.03s Real=0.08s
[141.899s][info][gc,start      ] GC(35) Pause Young (Normal) (G1 Evacuation Pause)
[141.900s][info][gc,task       ] GC(35) Using 9 workers of 9 for evacuation
[141.940s][info][gc,phases     ] GC(35)   Pre Evacuate Collection Set: 0.1ms
[141.941s][info][gc,phases     ] GC(35)   Evacuate Collection Set: 32.1ms
[141.942s][info][gc,phases     ] GC(35)   Post Evacuate Collection Set: 7.3ms
[141.942s][info][gc,phases     ] GC(35)   Other: 1.8ms
[141.943s][info][gc,heap       ] GC(35) Eden regions: 471->0(476)
[141.944s][info][gc,heap       ] GC(35) Survivor regions: 30->34(63)
[141.944s][info][gc,heap       ] GC(35) Old regions: 147->147
[141.945s][info][gc,heap       ] GC(35) Humongous regions: 14->14
[141.945s][info][gc,metaspace  ] GC(35) Metaspace: 253468K->253468K(1275904K)
[141.946s][info][gc            ] GC(35) Pause Young (Normal) (G1 Evacuation Pause) 1324M->389M(1700M) 46.724ms
[141.946s][info][gc,cpu        ] GC(35) User=0.18s Sys=0.03s Real=0.05s
[145.097s][info][gc,start      ] GC(36) Pause Young (Normal) (G1 Evacuation Pause)
[145.098s][info][gc,task       ] GC(36) Using 9 workers of 9 for evacuation
[145.136s][info][gc,phases     ] GC(36)   Pre Evacuate Collection Set: 0.1ms
[145.137s][info][gc,phases     ] GC(36)   Evacuate Collection Set: 30.8ms
[145.138s][info][gc,phases     ] GC(36)   Post Evacuate Collection Set: 6.3ms
[145.139s][info][gc,phases     ] GC(36)   Other: 2.7ms
[145.139s][info][gc,heap       ] GC(36) Eden regions: 476->0(471)
[145.140s][info][gc,heap       ] GC(36) Survivor regions: 34->39(64)
[145.140s][info][gc,heap       ] GC(36) Old regions: 147->147
[145.141s][info][gc,heap       ] GC(36) Humongous regions: 14->14
[145.141s][info][gc,metaspace  ] GC(36) Metaspace: 253496K->253496K(1275904K)
[145.142s][info][gc            ] GC(36) Pause Young (Normal) (G1 Evacuation Pause) 1341M->399M(1700M) 45.450ms
[145.142s][info][gc,cpu        ] GC(36) User=0.18s Sys=0.04s Real=0.04s
[148.080s][info][gc,start      ] GC(37) Pause Young (Normal) (G1 Evacuation Pause)
[148.081s][info][gc,task       ] GC(37) Using 9 workers of 9 for evacuation
[148.112s][info][gc,phases     ] GC(37)   Pre Evacuate Collection Set: 0.2ms
[148.113s][info][gc,phases     ] GC(37)   Evacuate Collection Set: 24.6ms
[148.114s][info][gc,phases     ] GC(37)   Post Evacuate Collection Set: 4.5ms
[148.115s][info][gc,phases     ] GC(37)   Other: 2.5ms
[148.116s][info][gc,heap       ] GC(37) Eden regions: 471->0(479)
[148.116s][info][gc,heap       ] GC(37) Survivor regions: 39->31(64)
[148.117s][info][gc,heap       ] GC(37) Old regions: 147->158
[148.117s][info][gc,heap       ] GC(37) Humongous regions: 14->14
[148.118s][info][gc,metaspace  ] GC(37) Metaspace: 253519K->253519K(1275904K)
[148.118s][info][gc            ] GC(37) Pause Young (Normal) (G1 Evacuation Pause) 1341M->404M(1700M) 38.444ms
[148.119s][info][gc,cpu        ] GC(37) User=0.16s Sys=0.03s Real=0.04s
[152.318s][info][gc,start      ] GC(38) Pause Young (Normal) (G1 Evacuation Pause)
[152.321s][info][gc,task       ] GC(38) Using 9 workers of 9 for evacuation
[152.382s][info][gc,phases     ] GC(38)   Pre Evacuate Collection Set: 0.1ms
[152.384s][info][gc,phases     ] GC(38)   Evacuate Collection Set: 54.4ms
[152.385s][info][gc,phases     ] GC(38)   Post Evacuate Collection Set: 5.9ms
[152.385s][info][gc,phases     ] GC(38)   Other: 4.5ms
[152.386s][info][gc,heap       ] GC(38) Eden regions: 479->0(475)
[152.387s][info][gc,heap       ] GC(38) Survivor regions: 31->35(64)
[152.388s][info][gc,heap       ] GC(38) Old regions: 158->158
[152.388s][info][gc,heap       ] GC(38) Humongous regions: 14->14
[152.389s][info][gc,metaspace  ] GC(38) Metaspace: 254573K->254573K(1275904K)
[152.390s][info][gc            ] GC(38) Pause Young (Normal) (G1 Evacuation Pause) 1362M->412M(1700M) 72.229ms
[152.391s][info][gc,cpu        ] GC(38) User=0.25s Sys=0.04s Real=0.07s
[156.060s][info][gc,start      ] GC(39) Pause Young (Normal) (G1 Evacuation Pause)
[156.061s][info][gc,task       ] GC(39) Using 9 workers of 9 for evacuation
[156.089s][info][gc,phases     ] GC(39)   Pre Evacuate Collection Set: 0.1ms
[156.090s][info][gc,phases     ] GC(39)   Evacuate Collection Set: 21.7ms
[156.091s][info][gc,phases     ] GC(39)   Post Evacuate Collection Set: 5.5ms
[156.091s][info][gc,phases     ] GC(39)   Other: 1.6ms
[156.092s][info][gc,heap       ] GC(39) Eden regions: 475->0(474)
[156.093s][info][gc,heap       ] GC(39) Survivor regions: 35->36(64)
[156.093s][info][gc,heap       ] GC(39) Old regions: 158->158
[156.094s][info][gc,heap       ] GC(39) Humongous regions: 14->14
[156.094s][info][gc,metaspace  ] GC(39) Metaspace: 254642K->254642K(1275904K)
[156.095s][info][gc            ] GC(39) Pause Young (Normal) (G1 Evacuation Pause) 1362M->415M(1700M) 34.540ms
[156.095s][info][gc,cpu        ] GC(39) User=0.17s Sys=0.02s Real=0.04s
[158.719s][info][gc,start      ] GC(40) Pause Young (Normal) (G1 Evacuation Pause)
[158.722s][info][gc,task       ] GC(40) Using 9 workers of 9 for evacuation
[158.753s][info][gc,phases     ] GC(40)   Pre Evacuate Collection Set: 0.1ms
[158.754s][info][gc,phases     ] GC(40)   Evacuate Collection Set: 24.3ms
[158.755s][info][gc,phases     ] GC(40)   Post Evacuate Collection Set: 5.3ms
[158.755s][info][gc,phases     ] GC(40)   Other: 4.4ms
[158.756s][info][gc,heap       ] GC(40) Eden regions: 474->0(479)
[158.756s][info][gc,heap       ] GC(40) Survivor regions: 36->31(64)
[158.757s][info][gc,heap       ] GC(40) Old regions: 158->166
[158.758s][info][gc,heap       ] GC(40) Humongous regions: 14->4
[158.758s][info][gc,metaspace  ] GC(40) Metaspace: 254908K->254908K(1277952K)
[158.759s][info][gc            ] GC(40) Pause Young (Normal) (G1 Evacuation Pause) 1363M->401M(1700M) 39.394ms
[158.759s][info][gc,cpu        ] GC(40) User=0.19s Sys=0.03s Real=0.04s
[161.568s][info][gc,start      ] GC(41) Pause Young (Normal) (G1 Evacuation Pause)
[161.570s][info][gc,task       ] GC(41) Using 9 workers of 9 for evacuation
[161.598s][info][gc,phases     ] GC(41)   Pre Evacuate Collection Set: 0.1ms
[161.599s][info][gc,phases     ] GC(41)   Evacuate Collection Set: 21.7ms
[161.600s][info][gc,phases     ] GC(41)   Post Evacuate Collection Set: 5.1ms
[161.600s][info][gc,phases     ] GC(41)   Other: 2.8ms
[161.601s][info][gc,heap       ] GC(41) Eden regions: 479->0(475)
[161.602s][info][gc,heap       ] GC(41) Survivor regions: 31->35(64)
[161.603s][info][gc,heap       ] GC(41) Old regions: 166->166
[161.603s][info][gc,heap       ] GC(41) Humongous regions: 4->4
[161.604s][info][gc,metaspace  ] GC(41) Metaspace: 258913K->258913K(1280000K)
[161.604s][info][gc            ] GC(41) Pause Young (Normal) (G1 Evacuation Pause) 1359M->409M(1700M) 35.956ms
[161.605s][info][gc,cpu        ] GC(41) User=0.17s Sys=0.03s Real=0.04s
[166.483s][info][gc,start      ] GC(42) Pause Young (Normal) (G1 Evacuation Pause)
[166.483s][info][gc,task       ] GC(42) Using 9 workers of 9 for evacuation
[166.520s][info][gc,phases     ] GC(42)   Pre Evacuate Collection Set: 0.1ms
[166.521s][info][gc,phases     ] GC(42)   Evacuate Collection Set: 30.3ms
[166.521s][info][gc,phases     ] GC(42)   Post Evacuate Collection Set: 5.2ms
[166.522s][info][gc,phases     ] GC(42)   Other: 1.6ms
[166.523s][info][gc,heap       ] GC(42) Eden regions: 475->0(478)
[166.523s][info][gc,heap       ] GC(42) Survivor regions: 35->32(64)
[166.524s][info][gc,heap       ] GC(42) Old regions: 166->171
[166.524s][info][gc,heap       ] GC(42) Humongous regions: 4->4
[166.525s][info][gc,metaspace  ] GC(42) Metaspace: 261523K->261523K(1282048K)
[166.525s][info][gc            ] GC(42) Pause Young (Normal) (G1 Evacuation Pause) 1359M->414M(1700M) 42.816ms
[166.526s][info][gc,cpu        ] GC(42) User=0.15s Sys=0.02s Real=0.05s
[169.777s][info][gc,start      ] GC(43) Pause Young (Normal) (G1 Evacuation Pause)
[169.778s][info][gc,task       ] GC(43) Using 9 workers of 9 for evacuation
[169.799s][info][gc,phases     ] GC(43)   Pre Evacuate Collection Set: 0.1ms
[169.800s][info][gc,phases     ] GC(43)   Evacuate Collection Set: 15.7ms
[169.801s][info][gc,phases     ] GC(43)   Post Evacuate Collection Set: 4.2ms
[169.801s][info][gc,phases     ] GC(43)   Other: 2.5ms
[169.802s][info][gc,heap       ] GC(43) Eden regions: 478->0(475)
[169.803s][info][gc,heap       ] GC(43) Survivor regions: 32->35(64)
[169.803s][info][gc,heap       ] GC(43) Old regions: 171->171
[169.804s][info][gc,heap       ] GC(43) Humongous regions: 4->4
[169.804s][info][gc,metaspace  ] GC(43) Metaspace: 261923K->261923K(1282048K)
[169.805s][info][gc            ] GC(43) Pause Young (Normal) (G1 Evacuation Pause) 1370M->419M(1700M) 28.348ms
[169.805s][info][gc,cpu        ] GC(43) User=0.13s Sys=0.01s Real=0.03s
[171.839s][info][gc,start      ] GC(44) Pause Young (Normal) (G1 Evacuation Pause)
[171.840s][info][gc,task       ] GC(44) Using 9 workers of 9 for evacuation
[171.861s][info][gc,phases     ] GC(44)   Pre Evacuate Collection Set: 0.1ms
[171.862s][info][gc,phases     ] GC(44)   Evacuate Collection Set: 15.4ms
[171.863s][info][gc,phases     ] GC(44)   Post Evacuate Collection Set: 4.5ms
[171.863s][info][gc,phases     ] GC(44)   Other: 2.4ms
[171.864s][info][gc,heap       ] GC(44) Eden regions: 475->0(474)
[171.865s][info][gc,heap       ] GC(44) Survivor regions: 35->36(64)
[171.865s][info][gc,heap       ] GC(44) Old regions: 171->171
[171.866s][info][gc,heap       ] GC(44) Humongous regions: 4->4
[171.866s][info][gc,metaspace  ] GC(44) Metaspace: 261946K->261946K(1282048K)
[171.867s][info][gc            ] GC(44) Pause Young (Normal) (G1 Evacuation Pause) 1369M->421M(1700M) 27.696ms
[171.867s][info][gc,cpu        ] GC(44) User=0.12s Sys=0.02s Real=0.03s
[175.066s][info][gc,start      ] GC(45) Pause Young (Normal) (G1 Evacuation Pause)
[175.067s][info][gc,task       ] GC(45) Using 9 workers of 9 for evacuation
[175.109s][info][gc,phases     ] GC(45)   Pre Evacuate Collection Set: 0.1ms
[175.110s][info][gc,phases     ] GC(45)   Evacuate Collection Set: 30.1ms
[175.110s][info][gc,phases     ] GC(45)   Post Evacuate Collection Set: 11.4ms
[175.111s][info][gc,phases     ] GC(45)   Other: 1.8ms
[175.112s][info][gc,heap       ] GC(45) Eden regions: 474->0(476)
[175.112s][info][gc,heap       ] GC(45) Survivor regions: 36->34(64)
[175.113s][info][gc,heap       ] GC(45) Old regions: 171->174
[175.113s][info][gc,heap       ] GC(45) Humongous regions: 4->2
[175.114s][info][gc,metaspace  ] GC(45) Metaspace: 262124K->262124K(1282048K)
[175.115s][info][gc            ] GC(45) Pause Young (Normal) (G1 Evacuation Pause) 1369M->419M(1700M) 48.828ms
[175.115s][info][gc,cpu        ] GC(45) User=0.22s Sys=0.03s Real=0.05s
[178.253s][info][gc,start      ] GC(46) Pause Young (Normal) (G1 Evacuation Pause)
[178.254s][info][gc,task       ] GC(46) Using 9 workers of 9 for evacuation
[178.282s][info][gc,phases     ] GC(46)   Pre Evacuate Collection Set: 0.1ms
[178.283s][info][gc,phases     ] GC(46)   Evacuate Collection Set: 22.0ms
[178.283s][info][gc,phases     ] GC(46)   Post Evacuate Collection Set: 4.3ms
[178.284s][info][gc,phases     ] GC(46)   Other: 3.0ms
[178.284s][info][gc,heap       ] GC(46) Eden regions: 476->0(475)
[178.285s][info][gc,heap       ] GC(46) Survivor regions: 34->35(64)
[178.285s][info][gc,heap       ] GC(46) Old regions: 174->174
[178.286s][info][gc,heap       ] GC(46) Humongous regions: 2->2
[178.286s][info][gc,metaspace  ] GC(46) Metaspace: 262194K->262194K(1282048K)
[178.287s][info][gc            ] GC(46) Pause Young (Normal) (G1 Evacuation Pause) 1371M->421M(1700M) 34.094ms
[178.287s][info][gc,cpu        ] GC(46) User=0.13s Sys=0.01s Real=0.04s
[181.636s][info][gc,start      ] GC(47) Pause Young (Normal) (G1 Evacuation Pause)
[181.637s][info][gc,task       ] GC(47) Using 9 workers of 9 for evacuation
[181.661s][info][gc,phases     ] GC(47)   Pre Evacuate Collection Set: 0.1ms
[181.661s][info][gc,phases     ] GC(47)   Evacuate Collection Set: 18.3ms
[181.662s][info][gc,phases     ] GC(47)   Post Evacuate Collection Set: 4.5ms
[181.663s][info][gc,phases     ] GC(47)   Other: 1.6ms
[181.663s][info][gc,heap       ] GC(47) Eden regions: 475->0(476)
[181.664s][info][gc,heap       ] GC(47) Survivor regions: 35->34(64)
[181.664s][info][gc,heap       ] GC(47) Old regions: 174->177
[181.665s][info][gc,heap       ] GC(47) Humongous regions: 5->5
[181.665s][info][gc,metaspace  ] GC(47) Metaspace: 262250K->262250K(1282048K)
[181.666s][info][gc            ] GC(47) Pause Young (Normal) (G1 Evacuation Pause) 1377M->430M(1700M) 29.888ms
[181.667s][info][gc,cpu        ] GC(47) User=0.14s Sys=0.03s Real=0.03s
[185.064s][info][gc,start      ] GC(48) Pause Young (Normal) (G1 Evacuation Pause)
[185.065s][info][gc,task       ] GC(48) Using 9 workers of 9 for evacuation
[185.100s][info][gc,phases     ] GC(48)   Pre Evacuate Collection Set: 0.1ms
[185.101s][info][gc,phases     ] GC(48)   Evacuate Collection Set: 23.4ms
[185.102s][info][gc,phases     ] GC(48)   Post Evacuate Collection Set: 10.9ms
[185.102s][info][gc,phases     ] GC(48)   Other: 1.6ms
[185.103s][info][gc,heap       ] GC(48) Eden regions: 476->0(474)
[185.103s][info][gc,heap       ] GC(48) Survivor regions: 34->36(64)
[185.104s][info][gc,heap       ] GC(48) Old regions: 177->177
[185.105s][info][gc,heap       ] GC(48) Humongous regions: 5->5
[185.105s][info][gc,metaspace  ] GC(48) Metaspace: 262287K->262287K(1284096K)
[185.106s][info][gc            ] GC(48) Pause Young (Normal) (G1 Evacuation Pause) 1382M->434M(1700M) 41.590ms
[185.106s][info][gc,cpu        ] GC(48) User=0.24s Sys=0.03s Real=0.04s
[188.822s][info][gc,start      ] GC(49) Pause Young (Normal) (G1 Evacuation Pause)
[188.823s][info][gc,task       ] GC(49) Using 9 workers of 9 for evacuation
[188.852s][info][gc,phases     ] GC(49)   Pre Evacuate Collection Set: 0.1ms
[188.853s][info][gc,phases     ] GC(49)   Evacuate Collection Set: 22.9ms
[188.854s][info][gc,phases     ] GC(49)   Post Evacuate Collection Set: 4.5ms
[188.854s][info][gc,phases     ] GC(49)   Other: 2.9ms
[188.855s][info][gc,heap       ] GC(49) Eden regions: 474->0(477)
[188.855s][info][gc,heap       ] GC(49) Survivor regions: 36->33(64)
[188.856s][info][gc,heap       ] GC(49) Old regions: 177->180
[188.857s][info][gc,heap       ] GC(49) Humongous regions: 5->5
[188.857s][info][gc,metaspace  ] GC(49) Metaspace: 262306K->262306K(1284096K)
[188.858s][info][gc            ] GC(49) Pause Young (Normal) (G1 Evacuation Pause) 1382M->434M(1700M) 35.911ms
[188.858s][info][gc,cpu        ] GC(49) User=0.15s Sys=0.03s Real=0.04s
[191.780s][info][gc,start      ] GC(50) Pause Young (Normal) (G1 Evacuation Pause)
[191.782s][info][gc,task       ] GC(50) Using 9 workers of 9 for evacuation
[191.805s][info][gc,phases     ] GC(50)   Pre Evacuate Collection Set: 0.1ms
[191.806s][info][gc,phases     ] GC(50)   Evacuate Collection Set: 16.3ms
[191.807s][info][gc,phases     ] GC(50)   Post Evacuate Collection Set: 4.8ms
[191.807s][info][gc,phases     ] GC(50)   Other: 3.5ms
[191.808s][info][gc,heap       ] GC(50) Eden regions: 477->0(476)
[191.808s][info][gc,heap       ] GC(50) Survivor regions: 33->34(64)
[191.809s][info][gc,heap       ] GC(50) Old regions: 180->180
[191.809s][info][gc,heap       ] GC(50) Humongous regions: 5->5
[191.810s][info][gc,metaspace  ] GC(50) Metaspace: 262307K->262307K(1284096K)
[191.810s][info][gc            ] GC(50) Pause Young (Normal) (G1 Evacuation Pause) 1388M->435M(1700M) 30.000ms
[191.811s][info][gc,cpu        ] GC(50) User=0.13s Sys=0.02s Real=0.03s
[194.836s][info][gc,start      ] GC(51) Pause Young (Normal) (G1 Evacuation Pause)
[194.838s][info][gc,task       ] GC(51) Using 9 workers of 9 for evacuation
[194.865s][info][gc,phases     ] GC(51)   Pre Evacuate Collection Set: 0.1ms
[194.866s][info][gc,phases     ] GC(51)   Evacuate Collection Set: 20.8ms
[194.867s][info][gc,phases     ] GC(51)   Post Evacuate Collection Set: 5.2ms
[194.867s][info][gc,phases     ] GC(51)   Other: 2.8ms
[194.868s][info][gc,heap       ] GC(51) Eden regions: 476->0(474)
[194.868s][info][gc,heap       ] GC(51) Survivor regions: 34->36(64)
[194.869s][info][gc,heap       ] GC(51) Old regions: 180->180
[194.870s][info][gc,heap       ] GC(51) Humongous regions: 5->5
[194.870s][info][gc,metaspace  ] GC(51) Metaspace: 262330K->262330K(1284096K)
[194.871s][info][gc            ] GC(51) Pause Young (Normal) (G1 Evacuation Pause) 1387M->439M(1700M) 34.476ms
[194.871s][info][gc,cpu        ] GC(51) User=0.14s Sys=0.03s Real=0.03s
[197.753s][info][gc,start      ] GC(52) Pause Young (Normal) (G1 Evacuation Pause)
[197.754s][info][gc,task       ] GC(52) Using 9 workers of 9 for evacuation
[197.777s][info][gc,phases     ] GC(52)   Pre Evacuate Collection Set: 0.1ms
[197.778s][info][gc,phases     ] GC(52)   Evacuate Collection Set: 17.1ms
[197.779s][info][gc,phases     ] GC(52)   Post Evacuate Collection Set: 4.5ms
[197.779s][info][gc,phases     ] GC(52)   Other: 2.3ms
[197.780s][info][gc,heap       ] GC(52) Eden regions: 474->0(479)
[197.781s][info][gc,heap       ] GC(52) Survivor regions: 36->31(64)
[197.781s][info][gc,heap       ] GC(52) Old regions: 180->183
[197.782s][info][gc,heap       ] GC(52) Humongous regions: 5->5
[197.782s][info][gc,metaspace  ] GC(52) Metaspace: 262333K->262333K(1284096K)
[197.783s][info][gc            ] GC(52) Pause Young (Normal) (G1 Evacuation Pause) 1387M->437M(1700M) 29.781ms
[197.783s][info][gc,cpu        ] GC(52) User=0.13s Sys=0.03s Real=0.03s
[201.110s][info][gc,start      ] GC(53) Pause Young (Normal) (G1 Evacuation Pause)
[201.111s][info][gc,task       ] GC(53) Using 9 workers of 9 for evacuation
[201.134s][info][gc,phases     ] GC(53)   Pre Evacuate Collection Set: 0.0ms
[201.135s][info][gc,phases     ] GC(53)   Evacuate Collection Set: 17.4ms
[201.136s][info][gc,phases     ] GC(53)   Post Evacuate Collection Set: 4.7ms
[201.136s][info][gc,phases     ] GC(53)   Other: 2.6ms
[201.137s][info][gc,heap       ] GC(53) Eden regions: 479->0(477)
[201.138s][info][gc,heap       ] GC(53) Survivor regions: 31->33(64)
[201.139s][info][gc,heap       ] GC(53) Old regions: 183->183
[201.140s][info][gc,heap       ] GC(53) Humongous regions: 5->5
[201.140s][info][gc,metaspace  ] GC(53) Metaspace: 262333K->262333K(1284096K)
[201.141s][info][gc            ] GC(53) Pause Young (Normal) (G1 Evacuation Pause) 1395M->440M(1700M) 31.296ms
[201.141s][info][gc,cpu        ] GC(53) User=0.11s Sys=0.04s Real=0.03s
[203.975s][info][gc,start      ] GC(54) Pause Young (Normal) (G1 Evacuation Pause)
[203.976s][info][gc,task       ] GC(54) Using 9 workers of 9 for evacuation
[204.004s][info][gc,phases     ] GC(54)   Pre Evacuate Collection Set: 0.1ms
[204.005s][info][gc,phases     ] GC(54)   Evacuate Collection Set: 21.3ms
[204.006s][info][gc,phases     ] GC(54)   Post Evacuate Collection Set: 4.9ms
[204.007s][info][gc,phases     ] GC(54)   Other: 2.9ms
[204.008s][info][gc,heap       ] GC(54) Eden regions: 477->0(477)
[204.008s][info][gc,heap       ] GC(54) Survivor regions: 33->33(64)
[204.009s][info][gc,heap       ] GC(54) Old regions: 183->186
[204.009s][info][gc,heap       ] GC(54) Humongous regions: 6->5
[204.010s][info][gc,metaspace  ] GC(54) Metaspace: 262434K->262434K(1284096K)
[204.011s][info][gc            ] GC(54) Pause Young (Normal) (G1 Evacuation Pause) 1396M->445M(1700M) 35.453ms
[204.011s][info][gc,cpu        ] GC(54) User=0.14s Sys=0.03s Real=0.03s
[206.272s][info][gc,start      ] GC(55) Pause Young (Normal) (G1 Evacuation Pause)
[206.273s][info][gc,task       ] GC(55) Using 9 workers of 9 for evacuation
[206.304s][info][gc,phases     ] GC(55)   Pre Evacuate Collection Set: 0.1ms
[206.305s][info][gc,phases     ] GC(55)   Evacuate Collection Set: 24.2ms
[206.305s][info][gc,phases     ] GC(55)   Post Evacuate Collection Set: 5.2ms
[206.306s][info][gc,phases     ] GC(55)   Other: 2.3ms
[206.307s][info][gc,heap       ] GC(55) Eden regions: 477->0(478)
[206.308s][info][gc,heap       ] GC(55) Survivor regions: 33->32(64)
[206.308s][info][gc,heap       ] GC(55) Old regions: 186->188
[206.309s][info][gc,heap       ] GC(55) Humongous regions: 5->5
[206.310s][info][gc,metaspace  ] GC(55) Metaspace: 262451K->262451K(1284096K)
[206.310s][info][gc            ] GC(55) Pause Young (Normal) (G1 Evacuation Pause) 1399M->448M(1700M) 38.243ms
[206.311s][info][gc,cpu        ] GC(55) User=0.17s Sys=0.05s Real=0.04s
[209.122s][info][gc,start      ] GC(56) Pause Young (Normal) (G1 Evacuation Pause)
[209.123s][info][gc,task       ] GC(56) Using 9 workers of 9 for evacuation
[209.146s][info][gc,phases     ] GC(56)   Pre Evacuate Collection Set: 0.1ms
[209.146s][info][gc,phases     ] GC(56)   Evacuate Collection Set: 16.3ms
[209.147s][info][gc,phases     ] GC(56)   Post Evacuate Collection Set: 4.6ms
[209.148s][info][gc,phases     ] GC(56)   Other: 2.3ms
[209.148s][info][gc,heap       ] GC(56) Eden regions: 478->0(477)
[209.149s][info][gc,heap       ] GC(56) Survivor regions: 32->33(64)
[209.149s][info][gc,heap       ] GC(56) Old regions: 188->189
[209.150s][info][gc,heap       ] GC(56) Humongous regions: 7->7
[209.150s][info][gc,metaspace  ] GC(56) Metaspace: 262457K->262457K(1284096K)
[209.151s][info][gc            ] GC(56) Pause Young (Normal) (G1 Evacuation Pause) 1408M->455M(1700M) 28.465ms
[209.151s][info][gc,cpu        ] GC(56) User=0.13s Sys=0.03s Real=0.03s
[213.419s][info][gc,start      ] GC(57) Pause Young (Normal) (G1 Evacuation Pause)
[213.419s][info][gc,task       ] GC(57) Using 9 workers of 9 for evacuation
[213.464s][info][gc,phases     ] GC(57)   Pre Evacuate Collection Set: 0.1ms
[213.465s][info][gc,phases     ] GC(57)   Evacuate Collection Set: 38.7ms
[213.465s][info][gc,phases     ] GC(57)   Post Evacuate Collection Set: 4.8ms
[213.466s][info][gc,phases     ] GC(57)   Other: 1.6ms
[213.466s][info][gc,heap       ] GC(57) Eden regions: 477->0(461)
[213.467s][info][gc,heap       ] GC(57) Survivor regions: 33->49(64)
[213.468s][info][gc,heap       ] GC(57) Old regions: 189->190
[213.468s][info][gc,heap       ] GC(57) Humongous regions: 13->7
[213.469s][info][gc,metaspace  ] GC(57) Metaspace: 266068K->266068K(1286144K)
[213.469s][info][gc            ] GC(57) Pause Young (Normal) (G1 Evacuation Pause) 1421M->489M(1700M) 50.870ms
[213.470s][info][gc,cpu        ] GC(57) User=0.19s Sys=0.04s Real=0.05s
[215.533s][info][gc,start      ] GC(58) Pause Young (Normal) (G1 Evacuation Pause)
[215.534s][info][gc,task       ] GC(58) Using 9 workers of 9 for evacuation
[215.571s][info][gc,phases     ] GC(58)   Pre Evacuate Collection Set: 0.1ms
[215.572s][info][gc,phases     ] GC(58)   Evacuate Collection Set: 24.4ms
[215.573s][info][gc,phases     ] GC(58)   Post Evacuate Collection Set: 11.8ms
[215.573s][info][gc,phases     ] GC(58)   Other: 1.8ms
[215.574s][info][gc,heap       ] GC(58) Eden regions: 461->0(489)
[215.575s][info][gc,heap       ] GC(58) Survivor regions: 49->21(64)
[215.576s][info][gc,heap       ] GC(58) Old regions: 190->203
[215.576s][info][gc,heap       ] GC(58) Humongous regions: 7->7
[215.577s][info][gc,metaspace  ] GC(58) Metaspace: 266081K->266081K(1286144K)
[215.578s][info][gc            ] GC(58) Pause Young (Normal) (G1 Evacuation Pause) 1411M->461M(1700M) 44.504ms
[215.578s][info][gc,cpu        ] GC(58) User=0.19s Sys=0.05s Real=0.05s
[224.786s][info][gc,start      ] GC(59) Pause Young (Normal) (G1 Evacuation Pause)
[224.787s][info][gc,task       ] GC(59) Using 9 workers of 9 for evacuation
[224.883s][info][gc,phases     ] GC(59)   Pre Evacuate Collection Set: 0.1ms
[224.884s][info][gc,phases     ] GC(59)   Evacuate Collection Set: 87.6ms
[224.884s][info][gc,phases     ] GC(59)   Post Evacuate Collection Set: 7.0ms
[224.885s][info][gc,phases     ] GC(59)   Other: 2.4ms
[224.886s][info][gc,heap       ] GC(59) Eden regions: 489->0(402)
[224.887s][info][gc,heap       ] GC(59) Survivor regions: 21->64(64)
[224.887s][info][gc,heap       ] GC(59) Old regions: 203->222
[224.888s][info][gc,heap       ] GC(59) Humongous regions: 19->8
[224.889s][info][gc,metaspace  ] GC(59) Metaspace: 318348K->318348K(1333248K)
[224.889s][info][gc            ] GC(59) Pause Young (Normal) (G1 Evacuation Pause) 1463M->588M(1700M) 103.709ms
[224.890s][info][gc,cpu        ] GC(59) User=0.34s Sys=0.04s Real=0.10s
[230.388s][info][gc,start      ] GC(60) Pause Young (Normal) (G1 Evacuation Pause)
[230.389s][info][gc,task       ] GC(60) Using 9 workers of 9 for evacuation
[230.450s][info][gc,phases     ] GC(60)   Pre Evacuate Collection Set: 0.1ms
[230.451s][info][gc,phases     ] GC(60)   Evacuate Collection Set: 52.5ms
[230.451s][info][gc,phases     ] GC(60)   Post Evacuate Collection Set: 7.2ms
[230.452s][info][gc,phases     ] GC(60)   Other: 2.7ms
[230.453s][info][gc,heap       ] GC(60) Eden regions: 402->0(395)
[230.453s][info][gc,heap       ] GC(60) Survivor regions: 64->21(59)
[230.454s][info][gc,heap       ] GC(60) Old regions: 222->281
[230.455s][info][gc,heap       ] GC(60) Humongous regions: 72->2
[230.455s][info][gc,metaspace  ] GC(60) Metaspace: 335952K->335952K(1349632K)
[230.456s][info][gc            ] GC(60) Pause Young (Normal) (G1 Evacuation Pause) 1520M->606M(1700M) 68.428ms
[230.456s][info][gc,cpu        ] GC(60) User=0.33s Sys=0.05s Real=0.07s
[230.489s][info][gc,heap,exit  ] Heap
[230.490s][info][gc,heap,exit  ]  garbage-first heap   total 1740800K, used 629454K [0x0000000489200000, 0x0000000800000000)
[230.491s][info][gc,heap,exit  ]   region size 2048K, 26 young (53248K), 21 survivors (43008K)
[230.491s][info][gc,heap,exit  ]  Metaspace       used 335987K, capacity 348337K, committed 348608K, reserved 1349632K
[230.491s][info][gc,heap,exit  ]   class space    used 44277K, capacity 48970K, committed 49088K, reserved 1048576K
