[0.015s][info][gc,heap] Heap region size: 2M
[0.018s][info][gc     ] Using G1
[0.019s][info][gc,heap,coops] Heap address: 0x0000000489200000, size: 14190 MB, Compressed Oops mode: Zero based, Oop shift amount: 3
[0.624s][info][gc,start     ] GC(0) Pause Young (Normal) (G1 Evacuation Pause)
[0.627s][info][gc,task      ] GC(0) Using 8 workers of 9 for evacuation
[0.638s][info][gc,phases    ] GC(0)   Pre Evacuate Collection Set: 0.0ms
[0.639s][info][gc,phases    ] GC(0)   Evacuate Collection Set: 8.9ms
[0.641s][info][gc,phases    ] GC(0)   Post Evacuate Collection Set: 1.3ms
[0.642s][info][gc,phases    ] GC(0)   Other: 4.2ms
[0.642s][info][gc,heap      ] GC(0) Eden regions: 12->0(93)
[0.643s][info][gc,heap      ] GC(0) Survivor regions: 0->2(2)
[0.644s][info][gc,heap      ] GC(0) Old regions: 0->2
[0.645s][info][gc,heap      ] GC(0) Humongous regions: 0->0
[0.645s][info][gc,metaspace ] GC(0) Metaspace: 17477K->17477K(1064960K)
[0.646s][info][gc           ] GC(0) Pause Young (Normal) (G1 Evacuation Pause) 24M->6M(318M) 21.922ms
[0.647s][info][gc,cpu       ] GC(0) User=0.05s Sys=0.02s Real=0.02s
[0.729s][info][gc,start     ] GC(1) Pause Young (Concurrent Start) (Metadata GC Threshold)
[0.730s][info][gc,task      ] GC(1) Using 8 workers of 9 for evacuation
[0.738s][info][gc,phases    ] GC(1)   Pre Evacuate Collection Set: 0.1ms
[0.739s][info][gc,phases    ] GC(1)   Evacuate Collection Set: 5.9ms
[0.739s][info][gc,phases    ] GC(1)   Post Evacuate Collection Set: 1.1ms
[0.740s][info][gc,phases    ] GC(1)   Other: 2.0ms
[0.741s][info][gc,heap      ] GC(1) Eden regions: 4->0(19)
[0.741s][info][gc,heap      ] GC(1) Survivor regions: 2->1(2)
[0.742s][info][gc,heap      ] GC(1) Old regions: 2->4
[0.743s][info][gc,heap      ] GC(1) Humongous regions: 0->0
[0.743s][info][gc,metaspace ] GC(1) Metaspace: 20476K->20476K(1069056K)
[0.744s][info][gc           ] GC(1) Pause Young (Concurrent Start) (Metadata GC Threshold) 14M->7M(318M) 14.980ms
[0.745s][info][gc,cpu       ] GC(1) User=0.03s Sys=0.02s Real=0.01s
[0.746s][info][gc           ] GC(2) Concurrent Cycle
[0.746s][info][gc,marking   ] GC(2) Concurrent Clear Claimed Marks
[0.747s][info][gc,marking   ] GC(2) Concurrent Clear Claimed Marks 0.785ms
[0.748s][info][gc,marking   ] GC(2) Concurrent Scan Root Regions
[0.749s][info][gc,marking   ] GC(2) Concurrent Scan Root Regions 1.294ms
[0.750s][info][gc,marking   ] GC(2) Concurrent Mark (0.750s)
[0.750s][info][gc,marking   ] GC(2) Concurrent Mark From Roots
[0.751s][info][gc,task      ] GC(2) Using 2 workers of 2 for marking
[0.757s][info][gc,marking   ] GC(2) Concurrent Mark From Roots 7.190ms
[0.758s][info][gc,marking   ] GC(2) Concurrent Preclean
[0.759s][info][gc,marking   ] GC(2) Concurrent Preclean 0.767ms
[0.760s][info][gc,marking   ] GC(2) Concurrent Mark (0.750s, 0.759s) 9.806ms
[0.763s][info][gc,start     ] GC(2) Pause Remark
[0.767s][info][gc,stringtable] GC(2) Cleaned string and symbol table, strings: 9040 processed, 0 removed, symbols: 73444 processed, 28 removed
[0.769s][info][gc            ] GC(2) Pause Remark 10M->10M(318M) 5.506ms
[0.769s][info][gc,cpu        ] GC(2) User=0.02s Sys=0.00s Real=0.01s
[0.770s][info][gc,marking    ] GC(2) Concurrent Rebuild Remembered Sets
[0.777s][info][gc,marking    ] GC(2) Concurrent Rebuild Remembered Sets 6.411ms
[0.781s][info][gc,start      ] GC(2) Pause Cleanup
[0.782s][info][gc            ] GC(2) Pause Cleanup 10M->10M(318M) 0.991ms
[0.782s][info][gc,cpu        ] GC(2) User=0.00s Sys=0.00s Real=0.00s
[0.783s][info][gc,marking    ] GC(2) Concurrent Cleanup for Next Mark
[0.785s][info][gc,marking    ] GC(2) Concurrent Cleanup for Next Mark 1.781ms
[0.785s][info][gc            ] GC(2) Concurrent Cycle 39.745ms
[1.112s][info][gc,start      ] GC(3) Pause Young (Concurrent Start) (G1 Evacuation Pause)
[1.113s][info][gc,task       ] GC(3) Using 8 workers of 9 for evacuation
[1.126s][info][gc,phases     ] GC(3)   Pre Evacuate Collection Set: 0.1ms
[1.128s][info][gc,phases     ] GC(3)   Evacuate Collection Set: 11.3ms
[1.129s][info][gc,phases     ] GC(3)   Post Evacuate Collection Set: 1.2ms
[1.129s][info][gc,phases     ] GC(3)   Other: 2.3ms
[1.131s][info][gc,heap       ] GC(3) Eden regions: 19->0(29)
[1.132s][info][gc,heap       ] GC(3) Survivor regions: 1->3(3)
[1.133s][info][gc,heap       ] GC(3) Old regions: 4->7
[1.134s][info][gc,heap       ] GC(3) Humongous regions: 0->0
[1.135s][info][gc,metaspace  ] GC(3) Metaspace: 27595K->27595K(1075200K)
[1.135s][info][gc            ] GC(3) Pause Young (Concurrent Start) (G1 Evacuation Pause) 45M->19M(318M) 23.830ms
[1.136s][info][gc,cpu        ] GC(3) User=0.02s Sys=0.01s Real=0.02s
[1.137s][info][gc            ] GC(4) Concurrent Cycle
[1.138s][info][gc,marking    ] GC(4) Concurrent Clear Claimed Marks
[1.139s][info][gc,marking    ] GC(4) Concurrent Clear Claimed Marks 0.987ms
[1.140s][info][gc,marking    ] GC(4) Concurrent Scan Root Regions
[1.142s][info][gc,marking    ] GC(4) Concurrent Scan Root Regions 2.785ms
[1.143s][info][gc,marking    ] GC(4) Concurrent Mark (1.143s)
[1.144s][info][gc,marking    ] GC(4) Concurrent Mark From Roots
[1.144s][info][gc,task       ] GC(4) Using 2 workers of 2 for marking
[1.155s][info][gc,marking    ] GC(4) Concurrent Mark From Roots 11.291ms
[1.156s][info][gc,marking    ] GC(4) Concurrent Preclean
[1.157s][info][gc,marking    ] GC(4) Concurrent Preclean 1.087ms
[1.158s][info][gc,marking    ] GC(4) Concurrent Mark (1.143s, 1.158s) 14.595ms
[1.159s][info][gc,start      ] GC(4) Pause Remark
[1.162s][info][gc,stringtable] GC(4) Cleaned string and symbol table, strings: 13021 processed, 16 removed, symbols: 90263 processed, 47 removed
[1.163s][info][gc            ] GC(4) Pause Remark 22M->22M(318M) 4.380ms
[1.164s][info][gc,cpu        ] GC(4) User=0.01s Sys=0.00s Real=0.00s
[1.165s][info][gc,marking    ] GC(4) Concurrent Rebuild Remembered Sets
[1.172s][info][gc,marking    ] GC(4) Concurrent Rebuild Remembered Sets 6.566ms
[1.173s][info][gc,start      ] GC(4) Pause Cleanup
[1.174s][info][gc            ] GC(4) Pause Cleanup 22M->22M(318M) 0.911ms
[1.175s][info][gc,cpu        ] GC(4) User=0.00s Sys=0.00s Real=0.00s
[1.176s][info][gc,marking    ] GC(4) Concurrent Cleanup for Next Mark
[1.178s][info][gc,marking    ] GC(4) Concurrent Cleanup for Next Mark 2.302ms
[1.179s][info][gc            ] GC(4) Concurrent Cycle 42.058ms
[1.616s][info][gc,start      ] GC(5) Pause Young (Normal) (G1 Evacuation Pause)
[1.617s][info][gc,task       ] GC(5) Using 9 workers of 9 for evacuation
[1.629s][info][gc,phases     ] GC(5)   Pre Evacuate Collection Set: 0.1ms
[1.630s][info][gc,phases     ] GC(5)   Evacuate Collection Set: 9.2ms
[1.631s][info][gc,phases     ] GC(5)   Post Evacuate Collection Set: 1.6ms
[1.632s][info][gc,phases     ] GC(5)   Other: 2.5ms
[1.633s][info][gc,heap       ] GC(5) Eden regions: 12->0(29)
[1.634s][info][gc,heap       ] GC(5) Survivor regions: 3->2(2)
[1.635s][info][gc,heap       ] GC(5) Old regions: 7->12
[1.635s][info][gc,heap       ] GC(5) Humongous regions: 0->0
[1.636s][info][gc,metaspace  ] GC(5) Metaspace: 44557K->44557K(1089536K)
[1.637s][info][gc            ] GC(5) Pause Young (Normal) (G1 Evacuation Pause) 43M->26M(318M) 21.278ms
[1.638s][info][gc,cpu        ] GC(5) User=0.05s Sys=0.01s Real=0.03s
[1.686s][info][gc,start      ] GC(6) Pause Young (Concurrent Start) (Metadata GC Threshold)
[1.687s][info][gc,task       ] GC(6) Using 9 workers of 9 for evacuation
[1.694s][info][gc,phases     ] GC(6)   Pre Evacuate Collection Set: 0.1ms
[1.695s][info][gc,phases     ] GC(6)   Evacuate Collection Set: 3.8ms
[1.696s][info][gc,phases     ] GC(6)   Post Evacuate Collection Set: 2.3ms
[1.697s][info][gc,phases     ] GC(6)   Other: 2.4ms
[1.697s][info][gc,heap       ] GC(6) Eden regions: 4->0(35)
[1.698s][info][gc,heap       ] GC(6) Survivor regions: 2->3(4)
[1.699s][info][gc,heap       ] GC(6) Old regions: 12->12
[1.700s][info][gc,heap       ] GC(6) Humongous regions: 0->0
[1.700s][info][gc,metaspace  ] GC(6) Metaspace: 46652K->46652K(1091584K)
[1.701s][info][gc            ] GC(6) Pause Young (Concurrent Start) (Metadata GC Threshold) 34M->27M(428M) 15.530ms
[1.702s][info][gc,cpu        ] GC(6) User=0.02s Sys=0.01s Real=0.02s
[1.702s][info][gc            ] GC(7) Concurrent Cycle
[1.704s][info][gc,marking    ] GC(7) Concurrent Clear Claimed Marks
[1.704s][info][gc,marking    ] GC(7) Concurrent Clear Claimed Marks 0.664ms
[1.705s][info][gc,marking    ] GC(7) Concurrent Scan Root Regions
[1.707s][info][gc,marking    ] GC(7) Concurrent Scan Root Regions 2.254ms
[1.708s][info][gc,marking    ] GC(7) Concurrent Mark (1.708s)
[1.708s][info][gc,marking    ] GC(7) Concurrent Mark From Roots
[1.709s][info][gc,task       ] GC(7) Using 2 workers of 2 for marking
[1.729s][info][gc,marking    ] GC(7) Concurrent Mark From Roots 21.107ms
[1.730s][info][gc,marking    ] GC(7) Concurrent Preclean
[1.731s][info][gc,marking    ] GC(7) Concurrent Preclean 0.927ms
[1.731s][info][gc,marking    ] GC(7) Concurrent Mark (1.708s, 1.731s) 23.861ms
[1.733s][info][gc,start      ] GC(7) Pause Remark
[1.739s][info][gc,stringtable] GC(7) Cleaned string and symbol table, strings: 19993 processed, 359 removed, symbols: 148271 processed, 79 removed
[1.741s][info][gc            ] GC(7) Pause Remark 31M->31M(428M) 8.092ms
[1.742s][info][gc,cpu        ] GC(7) User=0.02s Sys=0.00s Real=0.01s
[1.743s][info][gc,marking    ] GC(7) Concurrent Rebuild Remembered Sets
[1.757s][info][gc,marking    ] GC(7) Concurrent Rebuild Remembered Sets 14.570ms
[1.759s][info][gc,start      ] GC(7) Pause Cleanup
[1.760s][info][gc            ] GC(7) Pause Cleanup 33M->33M(428M) 1.085ms
[1.761s][info][gc,cpu        ] GC(7) User=0.01s Sys=0.00s Real=0.00s
[1.762s][info][gc,marking    ] GC(7) Concurrent Cleanup for Next Mark
[1.764s][info][gc,marking    ] GC(7) Concurrent Cleanup for Next Mark 1.920ms
[1.764s][info][gc            ] GC(7) Concurrent Cycle 61.761ms
[2.449s][info][gc,start      ] GC(8) Pause Young (Concurrent Start) (G1 Evacuation Pause)
[2.450s][info][gc,task       ] GC(8) Using 9 workers of 9 for evacuation
[2.469s][info][gc,phases     ] GC(8)   Pre Evacuate Collection Set: 0.2ms
[2.470s][info][gc,phases     ] GC(8)   Evacuate Collection Set: 14.3ms
[2.470s][info][gc,phases     ] GC(8)   Post Evacuate Collection Set: 2.8ms
[2.471s][info][gc,phases     ] GC(8)   Other: 2.2ms
[2.472s][info][gc,heap       ] GC(8) Eden regions: 35->0(64)
[2.473s][info][gc,heap       ] GC(8) Survivor regions: 3->5(5)
[2.473s][info][gc,heap       ] GC(8) Old regions: 12->14
[2.474s][info][gc,heap       ] GC(8) Humongous regions: 12->12
[2.475s][info][gc,metaspace  ] GC(8) Metaspace: 65624K->65624K(1110016K)
[2.475s][info][gc            ] GC(8) Pause Young (Concurrent Start) (G1 Evacuation Pause) 121M->60M(428M) 26.239ms
[2.476s][info][gc,cpu        ] GC(8) User=0.05s Sys=0.02s Real=0.02s
[2.477s][info][gc            ] GC(9) Concurrent Cycle
[2.477s][info][gc,marking    ] GC(9) Concurrent Clear Claimed Marks
[2.478s][info][gc,marking    ] GC(9) Concurrent Clear Claimed Marks 0.957ms
[2.479s][info][gc,marking    ] GC(9) Concurrent Scan Root Regions
[2.483s][info][gc,marking    ] GC(9) Concurrent Scan Root Regions 3.372ms
[2.483s][info][gc,marking    ] GC(9) Concurrent Mark (2.483s)
[2.484s][info][gc,marking    ] GC(9) Concurrent Mark From Roots
[2.484s][info][gc,task       ] GC(9) Using 2 workers of 2 for marking
[2.504s][info][gc,marking    ] GC(9) Concurrent Mark From Roots 20.432ms
[2.505s][info][gc,marking    ] GC(9) Concurrent Preclean
[2.506s][info][gc,marking    ] GC(9) Concurrent Preclean 1.436ms
[2.507s][info][gc,marking    ] GC(9) Concurrent Mark (2.483s, 2.507s) 23.895ms
[2.509s][info][gc,start      ] GC(9) Pause Remark
[2.516s][info][gc,stringtable] GC(9) Cleaned string and symbol table, strings: 26141 processed, 1 removed, symbols: 195809 processed, 70 removed
[2.518s][info][gc            ] GC(9) Pause Remark 66M->66M(428M) 8.614ms
[2.518s][info][gc,cpu        ] GC(9) User=0.04s Sys=0.00s Real=0.01s
[2.519s][info][gc,marking    ] GC(9) Concurrent Rebuild Remembered Sets
[2.541s][info][gc,marking    ] GC(9) Concurrent Rebuild Remembered Sets 21.755ms
[2.542s][info][gc,start      ] GC(9) Pause Cleanup
[2.543s][info][gc            ] GC(9) Pause Cleanup 67M->67M(428M) 0.802ms
[2.544s][info][gc,cpu        ] GC(9) User=0.00s Sys=0.00s Real=0.00s
[2.545s][info][gc,marking    ] GC(9) Concurrent Cleanup for Next Mark
[2.548s][info][gc,marking    ] GC(9) Concurrent Cleanup for Next Mark 2.752ms
[2.549s][info][gc            ] GC(9) Concurrent Cycle 71.695ms
[2.993s][info][gc,start      ] GC(10) Pause Young (Normal) (G1 Evacuation Pause)
[2.994s][info][gc,task       ] GC(10) Using 9 workers of 9 for evacuation
[3.022s][info][gc,phases     ] GC(10)   Pre Evacuate Collection Set: 0.1ms
[3.023s][info][gc,phases     ] GC(10)   Evacuate Collection Set: 21.7ms
[3.024s][info][gc,phases     ] GC(10)   Post Evacuate Collection Set: 5.3ms
[3.025s][info][gc,phases     ] GC(10)   Other: 2.4ms
[3.026s][info][gc,heap       ] GC(10) Eden regions: 63->0(76)
[3.026s][info][gc,heap       ] GC(10) Survivor regions: 5->9(9)
[3.027s][info][gc,heap       ] GC(10) Old regions: 14->18
[3.028s][info][gc,heap       ] GC(10) Humongous regions: 24->0
[3.029s][info][gc,metaspace  ] GC(10) Metaspace: 80324K->80324K(1124352K)
[3.030s][info][gc            ] GC(10) Pause Young (Normal) (G1 Evacuation Pause) 210M->52M(428M) 36.885ms
[3.030s][info][gc,cpu        ] GC(10) User=0.13s Sys=0.01s Real=0.04s
[4.651s][info][gc,start      ] GC(11) Pause Young (Normal) (G1 Evacuation Pause)
[4.651s][info][gc,task       ] GC(11) Using 9 workers of 9 for evacuation
[4.708s][info][gc,phases     ] GC(11)   Pre Evacuate Collection Set: 0.0ms
[4.708s][info][gc,phases     ] GC(11)   Evacuate Collection Set: 49.9ms
[4.709s][info][gc,phases     ] GC(11)   Post Evacuate Collection Set: 5.6ms
[4.710s][info][gc,phases     ] GC(11)   Other: 1.4ms
[4.710s][info][gc,heap       ] GC(11) Eden regions: 65->0(59)
[4.711s][info][gc,heap       ] GC(11) Survivor regions: 9->10(10)
[4.711s][info][gc,heap       ] GC(11) Old regions: 18->27
[4.712s][info][gc,heap       ] GC(11) Humongous regions: 25->7
[4.712s][info][gc,metaspace  ] GC(11) Metaspace: 103550K->103550K(1144832K)
[4.713s][info][gc            ] GC(11) Pause Young (Normal) (G1 Evacuation Pause) 232M->87M(428M) 62.214ms
[4.713s][info][gc,cpu        ] GC(11) User=0.18s Sys=0.04s Real=0.06s
[6.504s][info][gc,start      ] GC(12) Pause Young (Normal) (G1 Evacuation Pause)
[6.506s][info][gc,task       ] GC(12) Using 9 workers of 9 for evacuation
[6.532s][info][gc,phases     ] GC(12)   Pre Evacuate Collection Set: 0.0ms
[6.533s][info][gc,phases     ] GC(12)   Evacuate Collection Set: 20.8ms
[6.534s][info][gc,phases     ] GC(12)   Post Evacuate Collection Set: 4.1ms
[6.535s][info][gc,phases     ] GC(12)   Other: 3.1ms
[6.535s][info][gc,heap       ] GC(12) Eden regions: 59->0(70)
[6.536s][info][gc,heap       ] GC(12) Survivor regions: 10->7(9)
[6.537s][info][gc,heap       ] GC(12) Old regions: 27->37
[6.538s][info][gc,heap       ] GC(12) Humongous regions: 14->7
[6.539s][info][gc,metaspace  ] GC(12) Metaspace: 105553K->105553K(1146880K)
[6.539s][info][gc            ] GC(12) Pause Young (Normal) (G1 Evacuation Pause) 219M->99M(724M) 35.047ms
[6.540s][info][gc,cpu        ] GC(12) User=0.12s Sys=0.03s Real=0.04s
[9.041s][info][gc,start      ] GC(13) Pause Young (Normal) (G1 Evacuation Pause)
[9.042s][info][gc,task       ] GC(13) Using 9 workers of 9 for evacuation
[9.055s][info][gc,phases     ] GC(13)   Pre Evacuate Collection Set: 0.0ms
[9.056s][info][gc,phases     ] GC(13)   Evacuate Collection Set: 8.2ms
[9.057s][info][gc,phases     ] GC(13)   Post Evacuate Collection Set: 2.7ms
[9.058s][info][gc,phases     ] GC(13)   Other: 2.6ms
[9.059s][info][gc,heap       ] GC(13) Eden regions: 70->0(215)
[9.060s][info][gc,heap       ] GC(13) Survivor regions: 7->2(10)
[9.061s][info][gc,heap       ] GC(13) Old regions: 37->43
[9.062s][info][gc,heap       ] GC(13) Humongous regions: 7->7
[9.063s][info][gc,metaspace  ] GC(13) Metaspace: 105592K->105592K(1146880K)
[9.064s][info][gc            ] GC(13) Pause Young (Normal) (G1 Evacuation Pause) 239M->103M(724M) 22.442ms
[9.065s][info][gc,cpu        ] GC(13) User=0.05s Sys=0.02s Real=0.02s
[11.371s][info][gc,start      ] GC(14) Pause Young (Concurrent Start) (Metadata GC Threshold)
[11.372s][info][gc,task       ] GC(14) Using 9 workers of 9 for evacuation
[11.393s][info][gc,phases     ] GC(14)   Pre Evacuate Collection Set: 0.4ms
[11.394s][info][gc,phases     ] GC(14)   Evacuate Collection Set: 15.8ms
[11.395s][info][gc,phases     ] GC(14)   Post Evacuate Collection Set: 4.3ms
[11.395s][info][gc,phases     ] GC(14)   Other: 1.8ms
[11.396s][info][gc,heap       ] GC(14) Eden regions: 135->0(159)
[11.397s][info][gc,heap       ] GC(14) Survivor regions: 2->7(28)
[11.397s][info][gc,heap       ] GC(14) Old regions: 43->43
[11.398s][info][gc,heap       ] GC(14) Humongous regions: 7->7
[11.398s][info][gc,metaspace  ] GC(14) Metaspace: 110172K->110172K(1150976K)
[11.399s][info][gc            ] GC(14) Pause Young (Concurrent Start) (Metadata GC Threshold) 371M->111M(724M) 27.930ms
[11.400s][info][gc,cpu        ] GC(14) User=0.09s Sys=0.02s Real=0.03s
[11.400s][info][gc            ] GC(15) Concurrent Cycle
[11.401s][info][gc,marking    ] GC(15) Concurrent Clear Claimed Marks
[11.402s][info][gc,marking    ] GC(15) Concurrent Clear Claimed Marks 0.847ms
[11.402s][info][gc,marking    ] GC(15) Concurrent Scan Root Regions
[11.407s][info][gc,marking    ] GC(15) Concurrent Scan Root Regions 5.127ms
[11.408s][info][gc,marking    ] GC(15) Concurrent Mark (11.408s)
[11.408s][info][gc,marking    ] GC(15) Concurrent Mark From Roots
[11.409s][info][gc,task       ] GC(15) Using 2 workers of 2 for marking
[11.475s][info][gc,marking    ] GC(15) Concurrent Mark From Roots 66.405ms
[11.475s][info][gc,marking    ] GC(15) Concurrent Preclean
[11.476s][info][gc,marking    ] GC(15) Concurrent Preclean 0.883ms
[11.477s][info][gc,marking    ] GC(15) Concurrent Mark (11.408s, 11.477s) 69.193ms
[11.478s][info][gc,start      ] GC(15) Pause Remark
[11.512s][info][gc,stringtable] GC(15) Cleaned string and symbol table, strings: 45676 processed, 54 removed, symbols: 307128 processed, 134 removed
[11.514s][info][gc            ] GC(15) Pause Remark 116M->116M(724M) 35.905ms
[11.515s][info][gc,cpu        ] GC(15) User=0.15s Sys=0.01s Real=0.03s
[11.516s][info][gc,marking    ] GC(15) Concurrent Rebuild Remembered Sets
[11.564s][info][gc,marking    ] GC(15) Concurrent Rebuild Remembered Sets 47.734ms
[11.565s][info][gc,start      ] GC(15) Pause Cleanup
[11.566s][info][gc            ] GC(15) Pause Cleanup 117M->117M(724M) 1.085ms
[11.567s][info][gc,cpu        ] GC(15) User=0.01s Sys=0.00s Real=0.00s
[11.568s][info][gc,marking    ] GC(15) Concurrent Cleanup for Next Mark
[11.570s][info][gc,marking    ] GC(15) Concurrent Cleanup for Next Mark 1.776ms
[11.570s][info][gc            ] GC(15) Concurrent Cycle 169.890ms
[12.168s][info][gc,start      ] GC(16) Pause Young (Concurrent Start) (G1 Evacuation Pause)
[12.168s][info][gc,task       ] GC(16) Using 9 workers of 9 for evacuation
[12.183s][info][gc,phases     ] GC(16)   Pre Evacuate Collection Set: 0.4ms
[12.184s][info][gc,phases     ] GC(16)   Evacuate Collection Set: 7.8ms
[12.184s][info][gc,phases     ] GC(16)   Post Evacuate Collection Set: 5.3ms
[12.185s][info][gc,phases     ] GC(16)   Other: 1.9ms
[12.186s][info][gc,heap       ] GC(16) Eden regions: 159->0(207)
[12.186s][info][gc,heap       ] GC(16) Survivor regions: 7->10(21)
[12.187s][info][gc,heap       ] GC(16) Old regions: 43->43
[12.188s][info][gc,heap       ] GC(16) Humongous regions: 8->7
[12.188s][info][gc,metaspace  ] GC(16) Metaspace: 117834K->117834K(1157120K)
[12.189s][info][gc            ] GC(16) Pause Young (Concurrent Start) (G1 Evacuation Pause) 431M->118M(724M) 21.178ms
[12.189s][info][gc,cpu        ] GC(16) User=0.07s Sys=0.01s Real=0.02s
[12.190s][info][gc            ] GC(17) Concurrent Cycle
[12.190s][info][gc,marking    ] GC(17) Concurrent Clear Claimed Marks
[12.191s][info][gc,marking    ] GC(17) Concurrent Clear Claimed Marks 0.665ms
[12.192s][info][gc,marking    ] GC(17) Concurrent Scan Root Regions
[12.196s][info][gc,marking    ] GC(17) Concurrent Scan Root Regions 4.340ms
[12.197s][info][gc,marking    ] GC(17) Concurrent Mark (12.197s)
[12.197s][info][gc,marking    ] GC(17) Concurrent Mark From Roots
[12.198s][info][gc,task       ] GC(17) Using 2 workers of 2 for marking
[12.271s][info][gc,marking    ] GC(17) Concurrent Mark From Roots 73.905ms
[12.272s][info][gc,marking    ] GC(17) Concurrent Preclean
[12.273s][info][gc,marking    ] GC(17) Concurrent Preclean 0.879ms
[12.273s][info][gc,marking    ] GC(17) Concurrent Mark (12.197s, 12.273s) 76.726ms
[12.275s][info][gc,start      ] GC(17) Pause Remark
[12.308s][info][gc,stringtable] GC(17) Cleaned string and symbol table, strings: 48404 processed, 0 removed, symbols: 325868 processed, 42 removed
[12.309s][info][gc            ] GC(17) Pause Remark 157M->157M(724M) 34.380ms
[12.310s][info][gc,cpu        ] GC(17) User=0.10s Sys=0.00s Real=0.04s
[12.310s][info][gc,marking    ] GC(17) Concurrent Rebuild Remembered Sets
[12.349s][info][gc,marking    ] GC(17) Concurrent Rebuild Remembered Sets 38.264ms
[12.350s][info][gc,start      ] GC(17) Pause Cleanup
[12.351s][info][gc            ] GC(17) Pause Cleanup 180M->180M(724M) 0.758ms
[12.351s][info][gc,cpu        ] GC(17) User=0.00s Sys=0.00s Real=0.00s
[12.352s][info][gc,marking    ] GC(17) Concurrent Cleanup for Next Mark
[12.354s][info][gc,marking    ] GC(17) Concurrent Cleanup for Next Mark 1.767ms
[12.355s][info][gc            ] GC(17) Concurrent Cycle 164.646ms
[12.692s][info][gc,start      ] GC(18) Pause Young (Normal) (G1 Evacuation Pause)
[12.693s][info][gc,task       ] GC(18) Using 9 workers of 9 for evacuation
[12.712s][info][gc,phases     ] GC(18)   Pre Evacuate Collection Set: 0.0ms
[12.713s][info][gc,phases     ] GC(18)   Evacuate Collection Set: 9.0ms
[12.714s][info][gc,phases     ] GC(18)   Post Evacuate Collection Set: 9.5ms
[12.714s][info][gc,phases     ] GC(18)   Other: 1.7ms
[12.715s][info][gc,heap       ] GC(18) Eden regions: 207->0(248)
[12.715s][info][gc,heap       ] GC(18) Survivor regions: 10->13(28)
[12.716s][info][gc,heap       ] GC(18) Old regions: 43->43
[12.716s][info][gc,heap       ] GC(18) Humongous regions: 7->7
[12.717s][info][gc,metaspace  ] GC(18) Metaspace: 118791K->118791K(1159168K)
[12.718s][info][gc            ] GC(18) Pause Young (Normal) (G1 Evacuation Pause) 532M->125M(870M) 25.674ms
[12.718s][info][gc,cpu        ] GC(18) User=0.12s Sys=0.01s Real=0.03s
[13.839s][info][gc,start      ] GC(19) Pause Young (Normal) (G1 Evacuation Pause)
[13.840s][info][gc,task       ] GC(19) Using 9 workers of 9 for evacuation
[13.869s][info][gc,phases     ] GC(19)   Pre Evacuate Collection Set: 0.0ms
[13.869s][info][gc,phases     ] GC(19)   Evacuate Collection Set: 20.7ms
[13.870s][info][gc,phases     ] GC(19)   Post Evacuate Collection Set: 7.0ms
[13.871s][info][gc,phases     ] GC(19)   Other: 1.6ms
[13.871s][info][gc,heap       ] GC(19) Eden regions: 248->0(242)
[13.872s][info][gc,heap       ] GC(19) Survivor regions: 13->19(33)
[13.873s][info][gc,heap       ] GC(19) Old regions: 43->43
[13.873s][info][gc,heap       ] GC(19) Humongous regions: 22->7
[13.874s][info][gc,metaspace  ] GC(19) Metaspace: 122127K->122127K(1161216K)
[13.874s][info][gc            ] GC(19) Pause Young (Normal) (G1 Evacuation Pause) 651M->136M(870M) 34.929ms
[13.875s][info][gc,cpu        ] GC(19) User=0.14s Sys=0.02s Real=0.03s
[15.113s][info][gc,start      ] GC(20) Pause Young (Normal) (G1 Evacuation Pause)
[15.114s][info][gc,task       ] GC(20) Using 9 workers of 9 for evacuation
[15.140s][info][gc,phases     ] GC(20)   Pre Evacuate Collection Set: 0.1ms
[15.141s][info][gc,phases     ] GC(20)   Evacuate Collection Set: 19.8ms
[15.142s][info][gc,phases     ] GC(20)   Post Evacuate Collection Set: 4.9ms
[15.142s][info][gc,phases     ] GC(20)   Other: 1.9ms
[15.143s][info][gc,heap       ] GC(20) Eden regions: 242->0(244)
[15.143s][info][gc,heap       ] GC(20) Survivor regions: 19->17(33)
[15.144s][info][gc,heap       ] GC(20) Old regions: 43->44
[15.144s][info][gc,heap       ] GC(20) Humongous regions: 7->7
[15.145s][info][gc,metaspace  ] GC(20) Metaspace: 125398K->125398K(1165312K)
[15.146s][info][gc            ] GC(20) Pause Young (Normal) (G1 Evacuation Pause) 620M->135M(870M) 32.177ms
[15.146s][info][gc,cpu        ] GC(20) User=0.13s Sys=0.01s Real=0.03s
[15.994s][info][gc,start      ] GC(21) Pause Young (Normal) (G1 Evacuation Pause)
[15.995s][info][gc,task       ] GC(21) Using 9 workers of 9 for evacuation
[16.011s][info][gc,phases     ] GC(21)   Pre Evacuate Collection Set: 0.1ms
[16.012s][info][gc,phases     ] GC(21)   Evacuate Collection Set: 11.5ms
[16.013s][info][gc,phases     ] GC(21)   Post Evacuate Collection Set: 3.5ms
[16.013s][info][gc,phases     ] GC(21)   Other: 1.8ms
[16.014s][info][gc,heap       ] GC(21) Eden regions: 244->0(243)
[16.015s][info][gc,heap       ] GC(21) Survivor regions: 17->18(33)
[16.015s][info][gc,heap       ] GC(21) Old regions: 44->44
[16.016s][info][gc,heap       ] GC(21) Humongous regions: 7->7
[16.016s][info][gc,metaspace  ] GC(21) Metaspace: 125423K->125423K(1165312K)
[16.017s][info][gc            ] GC(21) Pause Young (Normal) (G1 Evacuation Pause) 623M->135M(870M) 22.251ms
[16.017s][info][gc,cpu        ] GC(21) User=0.11s Sys=0.01s Real=0.02s
[16.955s][info][gc,start      ] GC(22) Pause Young (Normal) (G1 Evacuation Pause)
[16.956s][info][gc,task       ] GC(22) Using 9 workers of 9 for evacuation
[16.982s][info][gc,phases     ] GC(22)   Pre Evacuate Collection Set: 0.0ms
[16.983s][info][gc,phases     ] GC(22)   Evacuate Collection Set: 12.8ms
[16.984s][info][gc,phases     ] GC(22)   Post Evacuate Collection Set: 12.2ms
[16.984s][info][gc,phases     ] GC(22)   Other: 1.8ms
[16.985s][info][gc,heap       ] GC(22) Eden regions: 243->0(295)
[16.985s][info][gc,heap       ] GC(22) Survivor regions: 18->18(33)
[16.986s][info][gc,heap       ] GC(22) Old regions: 44->44
[16.987s][info][gc,heap       ] GC(22) Humongous regions: 7->7
[16.987s][info][gc,metaspace  ] GC(22) Metaspace: 125476K->125476K(1165312K)
[16.988s][info][gc            ] GC(22) Pause Young (Normal) (G1 Evacuation Pause) 621M->137M(1044M) 32.497ms
[16.988s][info][gc,cpu        ] GC(22) User=0.17s Sys=0.01s Real=0.04s
[18.147s][info][gc,start      ] GC(23) Pause Young (Normal) (G1 Evacuation Pause)
[18.148s][info][gc,task       ] GC(23) Using 9 workers of 9 for evacuation
[18.175s][info][gc,phases     ] GC(23)   Pre Evacuate Collection Set: 0.0ms
[18.176s][info][gc,phases     ] GC(23)   Evacuate Collection Set: 22.1ms
[18.177s][info][gc,phases     ] GC(23)   Post Evacuate Collection Set: 4.4ms
[18.178s][info][gc,phases     ] GC(23)   Other: 1.9ms
[18.178s][info][gc,heap       ] GC(23) Eden regions: 295->0(293)
[18.179s][info][gc,heap       ] GC(23) Survivor regions: 18->20(40)
[18.180s][info][gc,heap       ] GC(23) Old regions: 44->44
[18.180s][info][gc,heap       ] GC(23) Humongous regions: 7->7
[18.181s][info][gc,metaspace  ] GC(23) Metaspace: 125490K->125490K(1165312K)
[18.182s][info][gc            ] GC(23) Pause Young (Normal) (G1 Evacuation Pause) 727M->141M(1044M) 34.382ms
[18.182s][info][gc,cpu        ] GC(23) User=0.17s Sys=0.02s Real=0.04s
[19.338s][info][gc,start      ] GC(24) Pause Young (Normal) (G1 Evacuation Pause)
[19.339s][info][gc,task       ] GC(24) Using 9 workers of 9 for evacuation
[19.578s][info][gc,mmu        ] GC(24) MMU target violated: 201.0ms (200.0ms/201.0ms)
[19.578s][info][gc,phases     ] GC(24)   Pre Evacuate Collection Set: 0.0ms
[19.579s][info][gc,phases     ] GC(24)   Evacuate Collection Set: 234.2ms
[19.580s][info][gc,phases     ] GC(24)   Post Evacuate Collection Set: 3.5ms
[19.580s][info][gc,phases     ] GC(24)   Other: 2.5ms
[19.581s][info][gc,heap       ] GC(24) Eden regions: 293->0(293)
[19.582s][info][gc,heap       ] GC(24) Survivor regions: 20->20(40)
[19.582s][info][gc,heap       ] GC(24) Old regions: 44->44
[19.583s][info][gc,heap       ] GC(24) Humongous regions: 7->7
[19.584s][info][gc,metaspace  ] GC(24) Metaspace: 125508K->125508K(1165312K)
[19.584s][info][gc            ] GC(24) Pause Young (Normal) (G1 Evacuation Pause) 727M->139M(1044M) 245.904ms
[19.585s][info][gc,cpu        ] GC(24) User=1.83s Sys=0.00s Real=0.24s
[20.572s][info][gc,start      ] GC(25) Pause Young (Normal) (G1 Evacuation Pause)
[20.573s][info][gc,task       ] GC(25) Using 9 workers of 9 for evacuation
[20.589s][info][gc,phases     ] GC(25)   Pre Evacuate Collection Set: 0.0ms
[20.591s][info][gc,phases     ] GC(25)   Evacuate Collection Set: 11.6ms
[20.592s][info][gc,phases     ] GC(25)   Post Evacuate Collection Set: 3.7ms
[20.592s][info][gc,phases     ] GC(25)   Other: 2.0ms
[20.593s][info][gc,heap       ] GC(25) Eden regions: 293->0(292)
[20.594s][info][gc,heap       ] GC(25) Survivor regions: 20->21(40)
[20.594s][info][gc,heap       ] GC(25) Old regions: 44->44
[20.595s][info][gc,heap       ] GC(25) Humongous regions: 7->7
[20.595s][info][gc,metaspace  ] GC(25) Metaspace: 125548K->125548K(1165312K)
[20.596s][info][gc            ] GC(25) Pause Young (Normal) (G1 Evacuation Pause) 725M->142M(1044M) 24.088ms
[20.597s][info][gc,cpu        ] GC(25) User=0.09s Sys=0.03s Real=0.02s
[21.500s][info][gc,start      ] GC(26) Pause Young (Normal) (G1 Evacuation Pause)
[21.500s][info][gc,task       ] GC(26) Using 9 workers of 9 for evacuation
[21.520s][info][gc,phases     ] GC(26)   Pre Evacuate Collection Set: 0.0ms
[21.521s][info][gc,phases     ] GC(26)   Evacuate Collection Set: 12.0ms
[21.521s][info][gc,phases     ] GC(26)   Post Evacuate Collection Set: 6.2ms
[21.522s][info][gc,phases     ] GC(26)   Other: 1.8ms
[21.523s][info][gc,heap       ] GC(26) Eden regions: 292->0(484)
[21.524s][info][gc,heap       ] GC(26) Survivor regions: 21->21(40)
[21.524s][info][gc,heap       ] GC(26) Old regions: 44->44
[21.525s][info][gc,heap       ] GC(26) Humongous regions: 7->7
[21.525s][info][gc,metaspace  ] GC(26) Metaspace: 125597K->125597K(1165312K)
[21.526s][info][gc            ] GC(26) Pause Young (Normal) (G1 Evacuation Pause) 726M->142M(1684M) 26.315ms
[21.527s][info][gc,cpu        ] GC(26) User=0.12s Sys=0.01s Real=0.02s
[23.391s][info][gc,start      ] GC(27) Pause Young (Normal) (G1 Evacuation Pause)
[23.392s][info][gc,task       ] GC(27) Using 9 workers of 9 for evacuation
[23.420s][info][gc,phases     ] GC(27)   Pre Evacuate Collection Set: 0.1ms
[23.421s][info][gc,phases     ] GC(27)   Evacuate Collection Set: 23.2ms
[23.422s][info][gc,phases     ] GC(27)   Post Evacuate Collection Set: 4.0ms
[23.423s][info][gc,phases     ] GC(27)   Other: 2.1ms
[23.424s][info][gc,heap       ] GC(27) Eden regions: 484->0(483)
[23.424s][info][gc,heap       ] GC(27) Survivor regions: 21->22(64)
[23.425s][info][gc,heap       ] GC(27) Old regions: 44->44
[23.426s][info][gc,heap       ] GC(27) Humongous regions: 7->7
[23.426s][info][gc,metaspace  ] GC(27) Metaspace: 125606K->125606K(1165312K)
[23.427s][info][gc            ] GC(27) Pause Young (Normal) (G1 Evacuation Pause) 1110M->144M(1684M) 36.000ms
[23.428s][info][gc,cpu        ] GC(27) User=0.17s Sys=0.02s Real=0.04s
[24.971s][info][gc,start      ] GC(28) Pause Young (Normal) (G1 Evacuation Pause)
[24.972s][info][gc,task       ] GC(28) Using 9 workers of 9 for evacuation
[25.004s][info][gc,phases     ] GC(28)   Pre Evacuate Collection Set: 0.1ms
[25.005s][info][gc,phases     ] GC(28)   Evacuate Collection Set: 23.7ms
[25.006s][info][gc,phases     ] GC(28)   Post Evacuate Collection Set: 7.6ms
[25.006s][info][gc,phases     ] GC(28)   Other: 2.1ms
[25.007s][info][gc,heap       ] GC(28) Eden regions: 483->0(483)
[25.008s][info][gc,heap       ] GC(28) Survivor regions: 22->22(64)
[25.008s][info][gc,heap       ] GC(28) Old regions: 44->44
[25.009s][info][gc,heap       ] GC(28) Humongous regions: 7->7
[25.010s][info][gc,metaspace  ] GC(28) Metaspace: 125639K->125639K(1165312K)
[25.010s][info][gc            ] GC(28) Pause Young (Normal) (G1 Evacuation Pause) 1110M->144M(1684M) 39.694ms
[25.011s][info][gc,cpu        ] GC(28) User=0.12s Sys=0.04s Real=0.04s
[30.688s][info][gc,start      ] GC(29) Pause Young (Normal) (G1 Evacuation Pause)
[30.689s][info][gc,task       ] GC(29) Using 9 workers of 9 for evacuation
[30.765s][info][gc,phases     ] GC(29)   Pre Evacuate Collection Set: 0.1ms
[30.766s][info][gc,phases     ] GC(29)   Evacuate Collection Set: 64.4ms
[30.767s][info][gc,phases     ] GC(29)   Post Evacuate Collection Set: 10.3ms
[30.767s][info][gc,phases     ] GC(29)   Other: 2.4ms
[30.768s][info][gc,heap       ] GC(29) Eden regions: 483->0(458)
[30.769s][info][gc,heap       ] GC(29) Survivor regions: 22->47(64)
[30.769s][info][gc,heap       ] GC(29) Old regions: 44->44
[30.770s][info][gc,heap       ] GC(29) Humongous regions: 9->7
[30.771s][info][gc,metaspace  ] GC(29) Metaspace: 168204K->168204K(1202176K)
[30.771s][info][gc            ] GC(29) Pause Young (Normal) (G1 Evacuation Pause) 1114M->194M(1684M) 83.216ms
[30.772s][info][gc,cpu        ] GC(29) User=0.31s Sys=0.03s Real=0.08s
[33.240s][info][gc,start      ] GC(30) Pause Young (Concurrent Start) (Metadata GC Threshold)
[33.241s][info][gc,task       ] GC(30) Using 9 workers of 9 for evacuation
[33.336s][info][gc,phases     ] GC(30)   Pre Evacuate Collection Set: 0.5ms
[33.337s][info][gc,phases     ] GC(30)   Evacuate Collection Set: 88.5ms
[33.338s][info][gc,phases     ] GC(30)   Post Evacuate Collection Set: 5.8ms
[33.338s][info][gc,phases     ] GC(30)   Other: 1.5ms
[33.339s][info][gc,heap       ] GC(30) Eden regions: 188->0(441)
[33.339s][info][gc,heap       ] GC(30) Survivor regions: 47->64(64)
[33.340s][info][gc,heap       ] GC(30) Old regions: 44->88
[33.341s][info][gc,heap       ] GC(30) Humongous regions: 7->7
[33.341s][info][gc,metaspace  ] GC(30) Metaspace: 198994K->198994K(1228800K)
[33.342s][info][gc            ] GC(30) Pause Young (Concurrent Start) (Metadata GC Threshold) 569M->317M(1684M) 101.630ms
[33.342s][info][gc,cpu        ] GC(30) User=0.39s Sys=0.08s Real=0.10s
[33.343s][info][gc            ] GC(31) Concurrent Cycle
[33.344s][info][gc,marking    ] GC(31) Concurrent Clear Claimed Marks
[33.345s][info][gc,marking    ] GC(31) Concurrent Clear Claimed Marks 1.056ms
[33.345s][info][gc,marking    ] GC(31) Concurrent Scan Root Regions
[33.368s][info][gc,marking    ] GC(31) Concurrent Scan Root Regions 22.609ms
[33.369s][info][gc,marking    ] GC(31) Concurrent Mark (33.369s)
[33.369s][info][gc,marking    ] GC(31) Concurrent Mark From Roots
[33.370s][info][gc,task       ] GC(31) Using 2 workers of 2 for marking
[33.499s][info][gc,marking    ] GC(31) Concurrent Mark From Roots 129.869ms
[33.500s][info][gc,marking    ] GC(31) Concurrent Preclean
[33.501s][info][gc,marking    ] GC(31) Concurrent Preclean 1.128ms
[33.502s][info][gc,marking    ] GC(31) Concurrent Mark (33.369s, 33.502s) 132.976ms
[33.503s][info][gc,start      ] GC(31) Pause Remark
[33.521s][info][gc,stringtable] GC(31) Cleaned string and symbol table, strings: 106537 processed, 0 removed, symbols: 537674 processed, 180 removed
[33.523s][info][gc            ] GC(31) Pause Remark 328M->328M(1684M) 19.302ms
[33.523s][info][gc,cpu        ] GC(31) User=0.11s Sys=0.00s Real=0.02s
[33.524s][info][gc,marking    ] GC(31) Concurrent Rebuild Remembered Sets
[33.620s][info][gc,marking    ] GC(31) Concurrent Rebuild Remembered Sets 95.601ms
[33.621s][info][gc,start      ] GC(31) Pause Cleanup
[33.622s][info][gc            ] GC(31) Pause Cleanup 332M->332M(1684M) 1.090ms
[33.623s][info][gc,cpu        ] GC(31) User=0.00s Sys=0.00s Real=0.00s
[33.624s][info][gc,marking    ] GC(31) Concurrent Cleanup for Next Mark
[33.628s][info][gc,marking    ] GC(31) Concurrent Cleanup for Next Mark 4.071ms
[33.629s][info][gc            ] GC(31) Concurrent Cycle 285.819ms
[123.572s][info][gc,start      ] GC(32) Pause Young (Concurrent Start) (G1 Evacuation Pause)
[123.574s][info][gc,task       ] GC(32) Using 9 workers of 9 for evacuation
[123.656s][info][gc,phases     ] GC(32)   Pre Evacuate Collection Set: 0.7ms
[123.657s][info][gc,phases     ] GC(32)   Evacuate Collection Set: 67.2ms
[123.657s][info][gc,phases     ] GC(32)   Post Evacuate Collection Set: 13.3ms
[123.658s][info][gc,phases     ] GC(32)   Other: 2.7ms
[123.658s][info][gc,heap       ] GC(32) Eden regions: 441->0(545)
[123.659s][info][gc,heap       ] GC(32) Survivor regions: 64->20(64)
[123.660s][info][gc,heap       ] GC(32) Old regions: 88->151
[123.660s][info][gc,heap       ] GC(32) Humongous regions: 28->12
[123.661s][info][gc,metaspace  ] GC(32) Metaspace: 250093K->250093K(1271808K)
[123.661s][info][gc            ] GC(32) Pause Young (Concurrent Start) (G1 Evacuation Pause) 1241M->364M(2090M) 89.251ms
[123.662s][info][gc,cpu        ] GC(32) User=0.35s Sys=0.06s Real=0.09s
[123.663s][info][gc            ] GC(33) Concurrent Cycle
[123.663s][info][gc,marking    ] GC(33) Concurrent Clear Claimed Marks
[123.664s][info][gc,marking    ] GC(33) Concurrent Clear Claimed Marks 1.199ms
[123.665s][info][gc,marking    ] GC(33) Concurrent Scan Root Regions
[123.673s][info][gc,marking    ] GC(33) Concurrent Scan Root Regions 8.517ms
[123.674s][info][gc,marking    ] GC(33) Concurrent Mark (123.674s)
[123.675s][info][gc,marking    ] GC(33) Concurrent Mark From Roots
[123.675s][info][gc,task       ] GC(33) Using 2 workers of 2 for marking
[123.863s][info][gc,marking    ] GC(33) Concurrent Mark From Roots 188.627ms
[123.864s][info][gc,marking    ] GC(33) Concurrent Preclean
[123.867s][info][gc,marking    ] GC(33) Concurrent Preclean 2.481ms
[123.868s][info][gc,marking    ] GC(33) Concurrent Mark (123.674s, 123.868s) 193.807ms
[123.870s][info][gc,start      ] GC(33) Pause Remark
[123.925s][info][gc,stringtable] GC(33) Cleaned string and symbol table, strings: 122828 processed, 2379 removed, symbols: 648858 processed, 93 removed
[123.929s][info][gc            ] GC(33) Pause Remark 372M->368M(2090M) 58.872ms
[123.929s][info][gc,cpu        ] GC(33) User=0.33s Sys=0.00s Real=0.06s
[123.931s][info][gc,marking    ] GC(33) Concurrent Rebuild Remembered Sets
[124.048s][info][gc,marking    ] GC(33) Concurrent Rebuild Remembered Sets 117.023ms
[124.049s][info][gc,start      ] GC(33) Pause Cleanup
[124.050s][info][gc            ] GC(33) Pause Cleanup 373M->373M(2090M) 1.250ms
[124.051s][info][gc,cpu        ] GC(33) User=0.00s Sys=0.00s Real=0.00s
[124.052s][info][gc,marking    ] GC(33) Concurrent Cleanup for Next Mark
[124.057s][info][gc,marking    ] GC(33) Concurrent Cleanup for Next Mark 5.262ms
[124.058s][info][gc            ] GC(33) Concurrent Cycle 395.015ms
[141.106s][info][gc,start      ] GC(34) Pause Young (Normal) (G1 Evacuation Pause)
[141.107s][info][gc,task       ] GC(34) Using 9 workers of 9 for evacuation
[141.142s][info][gc,phases     ] GC(34)   Pre Evacuate Collection Set: 0.1ms
[141.143s][info][gc,phases     ] GC(34)   Evacuate Collection Set: 28.6ms
[141.144s][info][gc,phases     ] GC(34)   Post Evacuate Collection Set: 5.7ms
[141.144s][info][gc,phases     ] GC(34)   Other: 1.9ms
[141.145s][info][gc,heap       ] GC(34) Eden regions: 545->0(600)
[141.146s][info][gc,heap       ] GC(34) Survivor regions: 20->27(71)
[141.146s][info][gc,heap       ] GC(34) Old regions: 149->149
[141.147s][info][gc,heap       ] GC(34) Humongous regions: 14->14
[141.147s][info][gc,metaspace  ] GC(34) Metaspace: 250328K->250328K(1273856K)
[141.148s][info][gc            ] GC(34) Pause Young (Normal) (G1 Evacuation Pause) 1454M->378M(2090M) 41.684ms
[141.148s][info][gc,cpu        ] GC(34) User=0.14s Sys=0.03s Real=0.05s
[147.318s][info][gc,start      ] GC(35) Pause Young (Normal) (G1 Evacuation Pause)
[147.321s][info][gc,task       ] GC(35) Using 9 workers of 9 for evacuation
[147.409s][info][gc,phases     ] GC(35)   Pre Evacuate Collection Set: 0.2ms
[147.410s][info][gc,phases     ] GC(35)   Evacuate Collection Set: 64.4ms
[147.411s][info][gc,phases     ] GC(35)   Post Evacuate Collection Set: 20.0ms
[147.411s][info][gc,phases     ] GC(35)   Other: 5.8ms
[147.413s][info][gc,heap       ] GC(35) Eden regions: 600->0(19)
[147.415s][info][gc,heap       ] GC(35) Survivor regions: 27->33(79)
[147.416s][info][gc,heap       ] GC(35) Old regions: 149->149
[147.417s][info][gc,heap       ] GC(35) Humongous regions: 14->14
[147.418s][info][gc,metaspace  ] GC(35) Metaspace: 250962K->250962K(1275904K)
[147.419s][info][gc            ] GC(35) Pause Young (Normal) (G1 Evacuation Pause) 1578M->391M(2090M) 100.723ms
[147.420s][info][gc,cpu        ] GC(35) User=0.47s Sys=0.08s Real=0.10s
[147.570s][info][gc,start      ] GC(36) Pause Young (Normal) (G1 Evacuation Pause)
[147.571s][info][gc,task       ] GC(36) Using 9 workers of 9 for evacuation
[147.593s][info][gc,phases     ] GC(36)   Pre Evacuate Collection Set: 0.1ms
[147.593s][info][gc,phases     ] GC(36)   Evacuate Collection Set: 16.3ms
[147.595s][info][gc,phases     ] GC(36)   Post Evacuate Collection Set: 4.2ms
[147.595s][info][gc,phases     ] GC(36)   Other: 1.6ms
[147.596s][info][gc,heap       ] GC(36) Eden regions: 19->0(47)
[147.597s][info][gc,heap       ] GC(36) Survivor regions: 33->5(7)
[147.597s][info][gc,heap       ] GC(36) Old regions: 149->180
[147.598s][info][gc,heap       ] GC(36) Humongous regions: 14->14
[147.598s][info][gc,metaspace  ] GC(36) Metaspace: 250965K->250965K(1275904K)
[147.599s][info][gc            ] GC(36) Pause Young (Normal) (G1 Evacuation Pause) 429M->395M(2090M) 28.369ms
[147.599s][info][gc,cpu        ] GC(36) User=0.12s Sys=0.02s Real=0.03s
[148.103s][info][gc,start      ] GC(37) Pause Young (Normal) (G1 Evacuation Pause)
[148.104s][info][gc,task       ] GC(37) Using 9 workers of 9 for evacuation
[148.110s][info][gc,phases     ] GC(37)   Pre Evacuate Collection Set: 0.1ms
[148.111s][info][gc,phases     ] GC(37)   Evacuate Collection Set: 2.4ms
[148.112s][info][gc,phases     ] GC(37)   Post Evacuate Collection Set: 3.3ms
[148.112s][info][gc,phases     ] GC(37)   Other: 1.8ms
[148.113s][info][gc,heap       ] GC(37) Eden regions: 47->0(49)
[148.113s][info][gc,heap       ] GC(37) Survivor regions: 5->3(7)
[148.114s][info][gc,heap       ] GC(37) Old regions: 180->180
[148.114s][info][gc,heap       ] GC(37) Humongous regions: 14->14
[148.115s][info][gc,metaspace  ] GC(37) Metaspace: 250971K->250971K(1275904K)
[148.116s][info][gc            ] GC(37) Pause Young (Normal) (G1 Evacuation Pause) 489M->391M(2090M) 12.747ms
[148.116s][info][gc,cpu        ] GC(37) User=0.02s Sys=0.01s Real=0.01s
[148.564s][info][gc,start      ] GC(38) Pause Young (Normal) (G1 Evacuation Pause)
[148.565s][info][gc,task       ] GC(38) Using 9 workers of 9 for evacuation
[148.580s][info][gc,phases     ] GC(38)   Pre Evacuate Collection Set: 0.1ms
[148.581s][info][gc,phases     ] GC(38)   Evacuate Collection Set: 10.7ms
[148.581s][info][gc,phases     ] GC(38)   Post Evacuate Collection Set: 3.2ms
[148.582s][info][gc,phases     ] GC(38)   Other: 1.6ms
[148.582s][info][gc,heap       ] GC(38) Eden regions: 49->0(49)
[148.583s][info][gc,heap       ] GC(38) Survivor regions: 3->3(7)
[148.583s][info][gc,heap       ] GC(38) Old regions: 180->180
[148.584s][info][gc,heap       ] GC(38) Humongous regions: 14->14
[148.584s][info][gc,metaspace  ] GC(38) Metaspace: 250980K->250980K(1275904K)
[148.585s][info][gc            ] GC(38) Pause Young (Normal) (G1 Evacuation Pause) 489M->392M(2090M) 20.740ms
[148.586s][info][gc,cpu        ] GC(38) User=0.06s Sys=0.02s Real=0.02s
[149.007s][info][gc,start      ] GC(39) Pause Young (Normal) (G1 Evacuation Pause)
[149.008s][info][gc,task       ] GC(39) Using 9 workers of 9 for evacuation
[149.025s][info][gc,phases     ] GC(39)   Pre Evacuate Collection Set: 0.1ms
[149.026s][info][gc,phases     ] GC(39)   Evacuate Collection Set: 9.3ms
[149.027s][info][gc,phases     ] GC(39)   Post Evacuate Collection Set: 5.5ms
[149.029s][info][gc,phases     ] GC(39)   Other: 2.5ms
[149.031s][info][gc,heap       ] GC(39) Eden regions: 49->0(238)
[149.032s][info][gc,heap       ] GC(39) Survivor regions: 3->4(7)
[149.034s][info][gc,heap       ] GC(39) Old regions: 180->180
[149.035s][info][gc,heap       ] GC(39) Humongous regions: 14->14
[149.036s][info][gc,metaspace  ] GC(39) Metaspace: 250984K->250984K(1275904K)
[149.036s][info][gc            ] GC(39) Pause Young (Normal) (G1 Evacuation Pause) 490M->394M(2090M) 29.007ms
[149.037s][info][gc,cpu        ] GC(39) User=0.05s Sys=0.02s Real=0.02s
[151.403s][info][gc,start      ] GC(40) Pause Young (Normal) (G1 Evacuation Pause)
[151.403s][info][gc,task       ] GC(40) Using 9 workers of 9 for evacuation
[151.418s][info][gc,phases     ] GC(40)   Pre Evacuate Collection Set: 0.1ms
[151.419s][info][gc,phases     ] GC(40)   Evacuate Collection Set: 9.3ms
[151.419s][info][gc,phases     ] GC(40)   Post Evacuate Collection Set: 3.9ms
[151.420s][info][gc,phases     ] GC(40)   Other: 1.7ms
[151.420s][info][gc,heap       ] GC(40) Eden regions: 238->0(452)
[151.421s][info][gc,heap       ] GC(40) Survivor regions: 4->7(31)
[151.422s][info][gc,heap       ] GC(40) Old regions: 180->180
[151.423s][info][gc,heap       ] GC(40) Humongous regions: 14->14
[151.423s][info][gc,metaspace  ] GC(40) Metaspace: 251022K->251022K(1275904K)
[151.424s][info][gc            ] GC(40) Pause Young (Normal) (G1 Evacuation Pause) 870M->399M(2090M) 21.128ms
[151.424s][info][gc,cpu        ] GC(40) User=0.04s Sys=0.01s Real=0.02s
[155.660s][info][gc,start      ] GC(41) Pause Young (Normal) (G1 Evacuation Pause)
[155.661s][info][gc,task       ] GC(41) Using 9 workers of 9 for evacuation
[155.684s][info][gc,phases     ] GC(41)   Pre Evacuate Collection Set: 0.1ms
[155.685s][info][gc,phases     ] GC(41)   Evacuate Collection Set: 19.1ms
[155.686s][info][gc,phases     ] GC(41)   Post Evacuate Collection Set: 3.6ms
[155.686s][info][gc,phases     ] GC(41)   Other: 1.7ms
[155.687s][info][gc,heap       ] GC(41) Eden regions: 452->0(482)
[155.688s][info][gc,heap       ] GC(41) Survivor regions: 7->12(58)
[155.688s][info][gc,heap       ] GC(41) Old regions: 180->180
[155.689s][info][gc,heap       ] GC(41) Humongous regions: 14->14
[155.689s][info][gc,metaspace  ] GC(41) Metaspace: 251072K->251072K(1275904K)
[155.690s][info][gc            ] GC(41) Pause Young (Normal) (G1 Evacuation Pause) 1303M->408M(2090M) 29.890ms
[155.690s][info][gc,cpu        ] GC(41) User=0.06s Sys=0.01s Real=0.03s
[159.170s][info][gc,start      ] GC(42) Pause Young (Normal) (G1 Evacuation Pause)
[159.171s][info][gc,task       ] GC(42) Using 9 workers of 9 for evacuation
[159.202s][info][gc,phases     ] GC(42)   Pre Evacuate Collection Set: 0.1ms
[159.203s][info][gc,phases     ] GC(42)   Evacuate Collection Set: 25.0ms
[159.204s][info][gc,phases     ] GC(42)   Post Evacuate Collection Set: 4.5ms
[159.205s][info][gc,phases     ] GC(42)   Other: 2.7ms
[159.205s][info][gc,heap       ] GC(42) Eden regions: 482->0(512)
[159.206s][info][gc,heap       ] GC(42) Survivor regions: 12->15(62)
[159.207s][info][gc,heap       ] GC(42) Old regions: 180->180
[159.207s][info][gc,heap       ] GC(42) Humongous regions: 14->14
[159.208s][info][gc,metaspace  ] GC(42) Metaspace: 251091K->251091K(1275904K)
[159.208s][info][gc            ] GC(42) Pause Young (Normal) (G1 Evacuation Pause) 1372M->416M(2090M) 38.323ms
[159.209s][info][gc,cpu        ] GC(42) User=0.09s Sys=0.02s Real=0.04s
[164.078s][info][gc,start      ] GC(43) Pause Young (Normal) (G1 Evacuation Pause)
[164.079s][info][gc,task       ] GC(43) Using 9 workers of 9 for evacuation
[164.157s][info][gc,phases     ] GC(43)   Pre Evacuate Collection Set: 0.2ms
[164.158s][info][gc,phases     ] GC(43)   Evacuate Collection Set: 66.2ms
[164.159s][info][gc,phases     ] GC(43)   Post Evacuate Collection Set: 9.8ms
[164.160s][info][gc,phases     ] GC(43)   Other: 3.0ms
[164.160s][info][gc,heap       ] GC(43) Eden regions: 512->0(536)
[164.161s][info][gc,heap       ] GC(43) Survivor regions: 15->20(66)
[164.162s][info][gc,heap       ] GC(43) Old regions: 180->180
[164.163s][info][gc,heap       ] GC(43) Humongous regions: 14->14
[164.164s][info][gc,metaspace  ] GC(43) Metaspace: 252216K->252216K(1275904K)
[164.165s][info][gc            ] GC(43) Pause Young (Normal) (G1 Evacuation Pause) 1440M->426M(2090M) 87.269ms
[164.167s][info][gc,cpu        ] GC(43) User=0.31s Sys=0.03s Real=0.08s
[169.449s][info][gc,start      ] GC(44) Pause Young (Normal) (G1 Evacuation Pause)
[169.450s][info][gc,task       ] GC(44) Using 9 workers of 9 for evacuation
[169.503s][info][gc,phases     ] GC(44)   Pre Evacuate Collection Set: 0.1ms
[169.503s][info][gc,phases     ] GC(44)   Evacuate Collection Set: 46.2ms
[169.504s][info][gc,phases     ] GC(44)   Post Evacuate Collection Set: 5.8ms
[169.505s][info][gc,phases     ] GC(44)   Other: 2.0ms
[169.505s][info][gc,heap       ] GC(44) Eden regions: 536->0(559)
[169.506s][info][gc,heap       ] GC(44) Survivor regions: 20->22(70)
[169.507s][info][gc,heap       ] GC(44) Old regions: 180->180
[169.507s][info][gc,heap       ] GC(44) Humongous regions: 14->14
[169.508s][info][gc,metaspace  ] GC(44) Metaspace: 252425K->252425K(1275904K)
[169.508s][info][gc            ] GC(44) Pause Young (Normal) (G1 Evacuation Pause) 1498M->430M(2090M) 59.593ms
[169.509s][info][gc,cpu        ] GC(44) User=0.18s Sys=0.03s Real=0.06s
[173.728s][info][gc,start      ] GC(45) Pause Young (Normal) (G1 Evacuation Pause)
[173.729s][info][gc,task       ] GC(45) Using 9 workers of 9 for evacuation
[173.764s][info][gc,phases     ] GC(45)   Pre Evacuate Collection Set: 0.1ms
[173.765s][info][gc,phases     ] GC(45)   Evacuate Collection Set: 26.0ms
[173.766s][info][gc,phases     ] GC(45)   Post Evacuate Collection Set: 7.6ms
[173.766s][info][gc,phases     ] GC(45)   Other: 2.0ms
[173.767s][info][gc,heap       ] GC(45) Eden regions: 559->0(577)
[173.767s][info][gc,heap       ] GC(45) Survivor regions: 22->29(73)
[173.768s][info][gc,heap       ] GC(45) Old regions: 180->180
[173.769s][info][gc,heap       ] GC(45) Humongous regions: 14->4
[173.769s][info][gc,metaspace  ] GC(45) Metaspace: 256646K->256646K(1280000K)
[173.770s][info][gc            ] GC(45) Pause Young (Normal) (G1 Evacuation Pause) 1548M->424M(2090M) 41.124ms
[173.770s][info][gc,cpu        ] GC(45) User=0.12s Sys=0.04s Real=0.04s
[179.767s][info][gc,start      ] GC(46) Pause Young (Normal) (G1 Evacuation Pause)
[179.767s][info][gc,task       ] GC(46) Using 9 workers of 9 for evacuation
[179.802s][info][gc,phases     ] GC(46)   Pre Evacuate Collection Set: 0.1ms
[179.803s][info][gc,phases     ] GC(46)   Evacuate Collection Set: 27.7ms
[179.804s][info][gc,phases     ] GC(46)   Post Evacuate Collection Set: 6.2ms
[179.805s][info][gc,phases     ] GC(46)   Other: 1.9ms
[179.805s][info][gc,heap       ] GC(46) Eden regions: 577->0(590)
[179.806s][info][gc,heap       ] GC(46) Survivor regions: 29->34(76)
[179.807s][info][gc,heap       ] GC(46) Old regions: 180->180
[179.807s][info][gc,heap       ] GC(46) Humongous regions: 4->4
[179.808s][info][gc,metaspace  ] GC(46) Metaspace: 258870K->258870K(1282048K)
[179.808s][info][gc            ] GC(46) Pause Young (Normal) (G1 Evacuation Pause) 1578M->434M(2090M) 41.721ms
[179.809s][info][gc,cpu        ] GC(46) User=0.15s Sys=0.04s Real=0.05s
[187.921s][info][gc,start      ] GC(47) Pause Young (Normal) (G1 Evacuation Pause)
[187.922s][info][gc,task       ] GC(47) Using 9 workers of 9 for evacuation
[187.951s][info][gc,phases     ] GC(47)   Pre Evacuate Collection Set: 0.1ms
[187.952s][info][gc,phases     ] GC(47)   Evacuate Collection Set: 23.5ms
[187.952s][info][gc,phases     ] GC(47)   Post Evacuate Collection Set: 4.4ms
[187.953s][info][gc,phases     ] GC(47)   Other: 1.9ms
[187.953s][info][gc,heap       ] GC(47) Eden regions: 590->0(591)
[187.954s][info][gc,heap       ] GC(47) Survivor regions: 34->36(78)
[187.955s][info][gc,heap       ] GC(47) Old regions: 180->180
[187.955s][info][gc,heap       ] GC(47) Humongous regions: 4->4
[187.956s][info][gc,metaspace  ] GC(47) Metaspace: 259817K->259817K(1282048K)
[187.956s][info][gc            ] GC(47) Pause Young (Normal) (G1 Evacuation Pause) 1614M->437M(2090M) 35.472ms
[187.957s][info][gc,cpu        ] GC(47) User=0.14s Sys=0.02s Real=0.03s
[191.328s][info][gc,start      ] GC(48) Pause Young (Normal) (G1 Evacuation Pause)
[191.329s][info][gc,task       ] GC(48) Using 9 workers of 9 for evacuation
[191.357s][info][gc,phases     ] GC(48)   Pre Evacuate Collection Set: 0.1ms
[191.358s][info][gc,phases     ] GC(48)   Evacuate Collection Set: 22.5ms
[191.359s][info][gc,phases     ] GC(48)   Post Evacuate Collection Set: 4.7ms
[191.359s][info][gc,phases     ] GC(48)   Other: 1.9ms
[191.360s][info][gc,heap       ] GC(48) Eden regions: 591->0(588)
[191.361s][info][gc,heap       ] GC(48) Survivor regions: 36->39(79)
[191.361s][info][gc,heap       ] GC(48) Old regions: 180->180
[191.362s][info][gc,heap       ] GC(48) Humongous regions: 4->4
[191.362s][info][gc,metaspace  ] GC(48) Metaspace: 259846K->259846K(1282048K)
[191.363s][info][gc            ] GC(48) Pause Young (Normal) (G1 Evacuation Pause) 1619M->443M(2090M) 34.426ms
[191.363s][info][gc,cpu        ] GC(48) User=0.13s Sys=0.03s Real=0.03s
[197.589s][info][gc,start      ] GC(49) Pause Young (Normal) (G1 Evacuation Pause)
[197.591s][info][gc,task       ] GC(49) Using 9 workers of 9 for evacuation
[197.617s][info][gc,phases     ] GC(49)   Pre Evacuate Collection Set: 0.1ms
[197.618s][info][gc,phases     ] GC(49)   Evacuate Collection Set: 20.4ms
[197.619s][info][gc,phases     ] GC(49)   Post Evacuate Collection Set: 5.1ms
[197.619s][info][gc,phases     ] GC(49)   Other: 2.3ms
[197.620s][info][gc,heap       ] GC(49) Eden regions: 588->0(588)
[197.620s][info][gc,heap       ] GC(49) Survivor regions: 39->39(79)
[197.621s][info][gc,heap       ] GC(49) Old regions: 180->180
[197.622s][info][gc,heap       ] GC(49) Humongous regions: 4->2
[197.622s][info][gc,metaspace  ] GC(49) Metaspace: 260059K->260059K(1282048K)
[197.623s][info][gc            ] GC(49) Pause Young (Normal) (G1 Evacuation Pause) 1619M->440M(2090M) 33.462ms
[197.623s][info][gc,cpu        ] GC(49) User=0.14s Sys=0.03s Real=0.03s
[203.693s][info][gc,start      ] GC(50) Pause Young (Normal) (G1 Evacuation Pause)
[203.694s][info][gc,task       ] GC(50) Using 9 workers of 9 for evacuation
[203.724s][info][gc,phases     ] GC(50)   Pre Evacuate Collection Set: 0.1ms
[203.725s][info][gc,phases     ] GC(50)   Evacuate Collection Set: 23.6ms
[203.725s][info][gc,phases     ] GC(50)   Post Evacuate Collection Set: 5.1ms
[203.726s][info][gc,phases     ] GC(50)   Other: 2.1ms
[203.727s][info][gc,heap       ] GC(50) Eden regions: 588->0(587)
[203.727s][info][gc,heap       ] GC(50) Survivor regions: 39->40(79)
[203.728s][info][gc,heap       ] GC(50) Old regions: 180->180
[203.728s][info][gc,heap       ] GC(50) Humongous regions: 2->2
[203.729s][info][gc,metaspace  ] GC(50) Metaspace: 260092K->260092K(1282048K)
[203.730s][info][gc            ] GC(50) Pause Young (Normal) (G1 Evacuation Pause) 1616M->442M(2090M) 36.395ms
[203.730s][info][gc,cpu        ] GC(50) User=0.14s Sys=0.04s Real=0.04s
[209.669s][info][gc,start      ] GC(51) Pause Young (Normal) (G1 Evacuation Pause)
[209.670s][info][gc,task       ] GC(51) Using 9 workers of 9 for evacuation
[209.720s][info][gc,phases     ] GC(51)   Pre Evacuate Collection Set: 0.1ms
[209.721s][info][gc,phases     ] GC(51)   Evacuate Collection Set: 40.6ms
[209.722s][info][gc,phases     ] GC(51)   Post Evacuate Collection Set: 8.5ms
[209.722s][info][gc,phases     ] GC(51)   Other: 1.8ms
[209.723s][info][gc,heap       ] GC(51) Eden regions: 587->0(584)
[209.724s][info][gc,heap       ] GC(51) Survivor regions: 40->43(79)
[209.724s][info][gc,heap       ] GC(51) Old regions: 180->180
[209.725s][info][gc,heap       ] GC(51) Humongous regions: 5->5
[209.725s][info][gc,metaspace  ] GC(51) Metaspace: 260144K->260144K(1282048K)
[209.726s][info][gc            ] GC(51) Pause Young (Normal) (G1 Evacuation Pause) 1622M->455M(2090M) 56.386ms
[209.726s][info][gc,cpu        ] GC(51) User=0.22s Sys=0.03s Real=0.05s
[215.633s][info][gc,start      ] GC(52) Pause Young (Normal) (G1 Evacuation Pause)
[215.634s][info][gc,task       ] GC(52) Using 9 workers of 9 for evacuation
[215.670s][info][gc,phases     ] GC(52)   Pre Evacuate Collection Set: 0.1ms
[215.671s][info][gc,phases     ] GC(52)   Evacuate Collection Set: 28.1ms
[215.673s][info][gc,phases     ] GC(52)   Post Evacuate Collection Set: 7.4ms
[215.674s][info][gc,phases     ] GC(52)   Other: 1.8ms
[215.675s][info][gc,heap       ] GC(52) Eden regions: 584->0(584)
[215.675s][info][gc,heap       ] GC(52) Survivor regions: 43->43(79)
[215.676s][info][gc,heap       ] GC(52) Old regions: 180->181
[215.676s][info][gc,heap       ] GC(52) Humongous regions: 5->5
[215.677s][info][gc,metaspace  ] GC(52) Metaspace: 260166K->260166K(1282048K)
[215.677s][info][gc            ] GC(52) Pause Young (Normal) (G1 Evacuation Pause) 1623M->456M(2090M) 44.464ms
[215.678s][info][gc,cpu        ] GC(52) User=0.19s Sys=0.03s Real=0.05s
[220.733s][info][gc,start      ] GC(53) Pause Young (Normal) (G1 Evacuation Pause)
[220.733s][info][gc,task       ] GC(53) Using 9 workers of 9 for evacuation
[220.774s][info][gc,phases     ] GC(53)   Pre Evacuate Collection Set: 0.1ms
[220.775s][info][gc,phases     ] GC(53)   Evacuate Collection Set: 33.8ms
[220.776s][info][gc,phases     ] GC(53)   Post Evacuate Collection Set: 6.1ms
[220.777s][info][gc,phases     ] GC(53)   Other: 1.7ms
[220.778s][info][gc,heap       ] GC(53) Eden regions: 584->0(585)
[220.778s][info][gc,heap       ] GC(53) Survivor regions: 43->42(79)
[220.779s][info][gc,heap       ] GC(53) Old regions: 181->183
[220.779s][info][gc,heap       ] GC(53) Humongous regions: 5->5
[220.780s][info][gc,metaspace  ] GC(53) Metaspace: 260188K->260188K(1282048K)
[220.780s][info][gc            ] GC(53) Pause Young (Normal) (G1 Evacuation Pause) 1624M->457M(2090M) 47.675ms
[220.781s][info][gc,cpu        ] GC(53) User=0.24s Sys=0.03s Real=0.05s
[225.037s][info][gc,start      ] GC(54) Pause Young (Normal) (G1 Evacuation Pause)
[225.037s][info][gc,task       ] GC(54) Using 9 workers of 9 for evacuation
[225.067s][info][gc,phases     ] GC(54)   Pre Evacuate Collection Set: 0.1ms
[225.068s][info][gc,phases     ] GC(54)   Evacuate Collection Set: 23.2ms
[225.068s][info][gc,phases     ] GC(54)   Post Evacuate Collection Set: 5.2ms
[225.069s][info][gc,phases     ] GC(54)   Other: 1.8ms
[225.070s][info][gc,heap       ] GC(54) Eden regions: 585->0(586)
[225.070s][info][gc,heap       ] GC(54) Survivor regions: 42->41(79)
[225.071s][info][gc,heap       ] GC(54) Old regions: 183->183
[225.071s][info][gc,heap       ] GC(54) Humongous regions: 5->5
[225.072s][info][gc,metaspace  ] GC(54) Metaspace: 260191K->260191K(1282048K)
[225.073s][info][gc            ] GC(54) Pause Young (Normal) (G1 Evacuation Pause) 1627M->456M(2090M) 35.939ms
[225.073s][info][gc,cpu        ] GC(54) User=0.15s Sys=0.03s Real=0.04s
[230.181s][info][gc,start      ] GC(55) Pause Young (Normal) (G1 Evacuation Pause)
[230.182s][info][gc,task       ] GC(55) Using 9 workers of 9 for evacuation
[230.233s][info][gc,phases     ] GC(55)   Pre Evacuate Collection Set: 0.1ms
[230.234s][info][gc,phases     ] GC(55)   Evacuate Collection Set: 44.2ms
[230.235s][info][gc,phases     ] GC(55)   Post Evacuate Collection Set: 6.0ms
[230.236s][info][gc,phases     ] GC(55)   Other: 2.1ms
[230.236s][info][gc,heap       ] GC(55) Eden regions: 586->0(587)
[230.237s][info][gc,heap       ] GC(55) Survivor regions: 41->40(79)
[230.238s][info][gc,heap       ] GC(55) Old regions: 183->183
[230.238s][info][gc,heap       ] GC(55) Humongous regions: 5->5
[230.239s][info][gc,metaspace  ] GC(55) Metaspace: 260200K->260200K(1282048K)
[230.240s][info][gc            ] GC(55) Pause Young (Normal) (G1 Evacuation Pause) 1628M->454M(2090M) 58.739ms
[230.241s][info][gc,cpu        ] GC(55) User=0.34s Sys=0.05s Real=0.06s
[236.081s][info][gc,start      ] GC(56) Pause Young (Normal) (G1 Evacuation Pause)
[236.082s][info][gc,task       ] GC(56) Using 9 workers of 9 for evacuation
[236.134s][info][gc,phases     ] GC(56)   Pre Evacuate Collection Set: 0.1ms
[236.135s][info][gc,phases     ] GC(56)   Evacuate Collection Set: 44.7ms
[236.136s][info][gc,phases     ] GC(56)   Post Evacuate Collection Set: 6.6ms
[236.137s][info][gc,phases     ] GC(56)   Other: 2.1ms
[236.137s][info][gc,heap       ] GC(56) Eden regions: 587->0(588)
[236.138s][info][gc,heap       ] GC(56) Survivor regions: 40->39(79)
[236.139s][info][gc,heap       ] GC(56) Old regions: 183->184
[236.139s][info][gc,heap       ] GC(56) Humongous regions: 6->5
[236.140s][info][gc,metaspace  ] GC(56) Metaspace: 260307K->260307K(1282048K)
[236.141s][info][gc            ] GC(56) Pause Young (Normal) (G1 Evacuation Pause) 1630M->454M(2090M) 60.041ms
[236.141s][info][gc,cpu        ] GC(56) User=0.20s Sys=0.04s Real=0.06s
[240.547s][info][gc,start      ] GC(57) Pause Young (Normal) (G1 Evacuation Pause)
[240.547s][info][gc,task       ] GC(57) Using 9 workers of 9 for evacuation
[240.582s][info][gc,phases     ] GC(57)   Pre Evacuate Collection Set: 0.1ms
[240.583s][info][gc,phases     ] GC(57)   Evacuate Collection Set: 27.8ms
[240.584s][info][gc,phases     ] GC(57)   Post Evacuate Collection Set: 6.2ms
[240.584s][info][gc,phases     ] GC(57)   Other: 1.7ms
[240.585s][info][gc,heap       ] GC(57) Eden regions: 588->0(590)
[240.585s][info][gc,heap       ] GC(57) Survivor regions: 39->37(79)
[240.586s][info][gc,heap       ] GC(57) Old regions: 184->185
[240.587s][info][gc,heap       ] GC(57) Humongous regions: 5->5
[240.588s][info][gc,metaspace  ] GC(57) Metaspace: 260327K->260327K(1282048K)
[240.588s][info][gc            ] GC(57) Pause Young (Normal) (G1 Evacuation Pause) 1630M->452M(2090M) 41.574ms
[240.589s][info][gc,cpu        ] GC(57) User=0.14s Sys=0.04s Real=0.05s
[248.163s][info][gc,start      ] GC(58) Pause Young (Normal) (G1 Evacuation Pause)
[248.164s][info][gc,task       ] GC(58) Using 9 workers of 9 for evacuation
[248.203s][info][gc,phases     ] GC(58)   Pre Evacuate Collection Set: 0.1ms
[248.204s][info][gc,phases     ] GC(58)   Evacuate Collection Set: 32.3ms
[248.204s][info][gc,phases     ] GC(58)   Post Evacuate Collection Set: 5.5ms
[248.205s][info][gc,phases     ] GC(58)   Other: 1.8ms
[248.205s][info][gc,heap       ] GC(58) Eden regions: 590->0(585)
[248.206s][info][gc,heap       ] GC(58) Survivor regions: 37->42(79)
[248.207s][info][gc,heap       ] GC(58) Old regions: 185->186
[248.207s][info][gc,heap       ] GC(58) Humongous regions: 13->7
[248.208s][info][gc,metaspace  ] GC(58) Metaspace: 264298K->264298K(1286144K)
[248.208s][info][gc            ] GC(58) Pause Young (Normal) (G1 Evacuation Pause) 1648M->468M(2090M) 44.977ms
[248.209s][info][gc,cpu        ] GC(58) User=0.16s Sys=0.04s Real=0.05s
[252.848s][info][gc,start      ] GC(59) Pause Young (Normal) (G1 Evacuation Pause)
[252.849s][info][gc,task       ] GC(59) Using 9 workers of 9 for evacuation
[252.888s][info][gc,phases     ] GC(59)   Pre Evacuate Collection Set: 0.1ms
[252.889s][info][gc,phases     ] GC(59)   Evacuate Collection Set: 32.3ms
[252.889s][info][gc,phases     ] GC(59)   Post Evacuate Collection Set: 5.9ms
[252.890s][info][gc,phases     ] GC(59)   Other: 1.6ms
[252.891s][info][gc,heap       ] GC(59) Eden regions: 585->0(585)
[252.891s][info][gc,heap       ] GC(59) Survivor regions: 42->42(79)
[252.892s][info][gc,heap       ] GC(59) Old regions: 186->187
[252.892s][info][gc,heap       ] GC(59) Humongous regions: 7->4
[252.893s][info][gc,metaspace  ] GC(59) Metaspace: 264325K->264325K(1286144K)
[252.893s][info][gc            ] GC(59) Pause Young (Normal) (G1 Evacuation Pause) 1638M->464M(2090M) 45.326ms
[252.894s][info][gc,cpu        ] GC(59) User=0.19s Sys=0.04s Real=0.04s
[262.706s][info][gc,start      ] GC(60) Pause Young (Normal) (G1 Evacuation Pause)
[262.707s][info][gc,task       ] GC(60) Using 9 workers of 9 for evacuation
[262.828s][info][gc,phases     ] GC(60)   Pre Evacuate Collection Set: 0.1ms
[262.829s][info][gc,phases     ] GC(60)   Evacuate Collection Set: 109.5ms
[262.830s][info][gc,phases     ] GC(60)   Post Evacuate Collection Set: 10.4ms
[262.831s][info][gc,phases     ] GC(60)   Other: 2.8ms
[262.831s][info][gc,heap       ] GC(60) Eden regions: 585->0(548)
[262.832s][info][gc,heap       ] GC(60) Survivor regions: 42->79(79)
[262.832s][info][gc,heap       ] GC(60) Old regions: 187->210
[262.833s][info][gc,heap       ] GC(60) Humongous regions: 14->8
[262.834s][info][gc,metaspace  ] GC(60) Metaspace: 306183K->306183K(1323008K)
[262.834s][info][gc            ] GC(60) Pause Young (Normal) (G1 Evacuation Pause) 1654M->592M(2090M) 128.442ms
[262.835s][info][gc,cpu        ] GC(60) User=0.54s Sys=0.03s Real=0.13s
[265.328s][info][gc,start      ] GC(61) Pause Young (Normal) (G1 Evacuation Pause)
[265.329s][info][gc,task       ] GC(61) Using 9 workers of 9 for evacuation
[265.395s][info][gc,phases     ] GC(61)   Pre Evacuate Collection Set: 0.1ms
[265.396s][info][gc,phases     ] GC(61)   Evacuate Collection Set: 57.5ms
[265.397s][info][gc,phases     ] GC(61)   Post Evacuate Collection Set: 7.6ms
[265.397s][info][gc,phases     ] GC(61)   Other: 2.0ms
[265.398s][info][gc,heap       ] GC(61) Eden regions: 202->0(383)
[265.398s][info][gc,heap       ] GC(61) Survivor regions: 79->23(36)
[265.399s][info][gc,heap       ] GC(61) Old regions: 210->286
[265.400s][info][gc,heap       ] GC(61) Humongous regions: 10->8
[265.400s][info][gc,metaspace  ] GC(61) Metaspace: 325246K->325246K(1339392K)
[265.402s][info][gc            ] GC(61) Pause Young (Normal) (G1 Evacuation Pause) 1000M->634M(2090M) 73.882ms
[265.402s][info][gc,cpu        ] GC(61) User=0.51s Sys=0.05s Real=0.07s
[273.035s][info][gc,heap,exit  ] Heap
[273.035s][info][gc,heap,exit  ]  garbage-first heap   total 2140160K, used 1335296K [0x0000000489200000, 0x0000000800000000)
[273.036s][info][gc,heap,exit  ]   region size 2048K, 289 young (591872K), 23 survivors (47104K)
[273.036s][info][gc,heap,exit  ]  Metaspace       used 335253K, capacity 347259K, committed 347508K, reserved 1349632K
[273.037s][info][gc,heap,exit  ]   class space    used 44012K, capacity 48459K, committed 48508K, reserved 1048576K
