[0.013s][info][gc,heap] Heap region size: 2M
[0.017s][info][gc     ] Using G1
[0.018s][info][gc,heap,coops] Heap address: 0x0000000489200000, size: 14190 MB, Compressed Oops mode: Zero based, Oop shift amount: 3
[0.572s][info][gc,start     ] GC(0) Pause Young (Normal) (G1 Evacuation Pause)
[0.575s][info][gc,task      ] GC(0) Using 8 workers of 9 for evacuation
[0.585s][info][gc,phases    ] GC(0)   Pre Evacuate Collection Set: 0.0ms
[0.586s][info][gc,phases    ] GC(0)   Evacuate Collection Set: 8.7ms
[0.587s][info][gc,phases    ] GC(0)   Post Evacuate Collection Set: 1.1ms
[0.588s][info][gc,phases    ] GC(0)   Other: 3.7ms
[0.588s][info][gc,heap      ] GC(0) Eden regions: 12->0(93)
[0.589s][info][gc,heap      ] GC(0) Survivor regions: 0->2(2)
[0.590s][info][gc,heap      ] GC(0) Old regions: 0->2
[0.590s][info][gc,heap      ] GC(0) Humongous regions: 0->0
[0.591s][info][gc,metaspace ] GC(0) Metaspace: 18042K->18042K(1067008K)
[0.592s][info][gc           ] GC(0) Pause Young (Normal) (G1 Evacuation Pause) 24M->7M(318M) 19.966ms
[0.593s][info][gc,cpu       ] GC(0) User=0.05s Sys=0.01s Real=0.02s
[0.655s][info][gc,start     ] GC(1) Pause Young (Concurrent Start) (Metadata GC Threshold)
[0.656s][info][gc,task      ] GC(1) Using 8 workers of 9 for evacuation
[0.663s][info][gc,phases    ] GC(1)   Pre Evacuate Collection Set: 0.1ms
[0.664s][info][gc,phases    ] GC(1)   Evacuate Collection Set: 5.1ms
[0.665s][info][gc,phases    ] GC(1)   Post Evacuate Collection Set: 1.0ms
[0.666s][info][gc,phases    ] GC(1)   Other: 2.2ms
[0.667s][info][gc,heap      ] GC(1) Eden regions: 4->0(23)
[0.667s][info][gc,heap      ] GC(1) Survivor regions: 2->2(12)
[0.668s][info][gc,heap      ] GC(1) Old regions: 2->2
[0.669s][info][gc,heap      ] GC(1) Humongous regions: 0->0
[0.670s][info][gc,metaspace ] GC(1) Metaspace: 20602K->20602K(1069056K)
[0.671s][info][gc           ] GC(1) Pause Young (Concurrent Start) (Metadata GC Threshold) 15M->7M(318M) 15.904ms
[0.672s][info][gc,cpu       ] GC(1) User=0.02s Sys=0.01s Real=0.01s
[0.673s][info][gc           ] GC(2) Concurrent Cycle
[0.673s][info][gc,marking   ] GC(2) Concurrent Clear Claimed Marks
[0.674s][info][gc,marking   ] GC(2) Concurrent Clear Claimed Marks 0.903ms
[0.675s][info][gc,marking   ] GC(2) Concurrent Scan Root Regions
[0.677s][info][gc,marking   ] GC(2) Concurrent Scan Root Regions 2.179ms
[0.678s][info][gc,marking   ] GC(2) Concurrent Mark (0.678s)
[0.678s][info][gc,marking   ] GC(2) Concurrent Mark From Roots
[0.679s][info][gc,task      ] GC(2) Using 2 workers of 2 for marking
[0.681s][info][gc,marking   ] GC(2) Concurrent Mark From Roots 2.676ms
[0.682s][info][gc,marking   ] GC(2) Concurrent Preclean
[0.683s][info][gc,marking   ] GC(2) Concurrent Preclean 1.695ms
[0.684s][info][gc,marking   ] GC(2) Concurrent Mark (0.678s, 0.684s) 6.144ms
[0.685s][info][gc,start     ] GC(2) Pause Remark
[0.689s][info][gc,stringtable] GC(2) Cleaned string and symbol table, strings: 9093 processed, 0 removed, symbols: 73435 processed, 29 removed
[0.690s][info][gc            ] GC(2) Pause Remark 9M->9M(318M) 4.675ms
[0.691s][info][gc,cpu        ] GC(2) User=0.00s Sys=0.00s Real=0.00s
[0.692s][info][gc,marking    ] GC(2) Concurrent Rebuild Remembered Sets
[0.694s][info][gc,marking    ] GC(2) Concurrent Rebuild Remembered Sets 2.118ms
[0.696s][info][gc,start      ] GC(2) Pause Cleanup
[0.697s][info][gc            ] GC(2) Pause Cleanup 10M->10M(318M) 1.073ms
[0.698s][info][gc,cpu        ] GC(2) User=0.00s Sys=0.00s Real=0.00s
[0.699s][info][gc,marking    ] GC(2) Concurrent Cleanup for Next Mark
[0.701s][info][gc,marking    ] GC(2) Concurrent Cleanup for Next Mark 1.874ms
[0.701s][info][gc            ] GC(2) Concurrent Cycle 28.842ms
[0.851s][info][gc,start      ] GC(3) Pause Young (Concurrent Start) (G1 Evacuation Pause)
[0.852s][info][gc,task       ] GC(3) Using 8 workers of 9 for evacuation
[0.869s][info][gc,phases     ] GC(3)   Pre Evacuate Collection Set: 0.1ms
[0.870s][info][gc,phases     ] GC(3)   Evacuate Collection Set: 13.7ms
[0.871s][info][gc,phases     ] GC(3)   Post Evacuate Collection Set: 1.5ms
[0.872s][info][gc,phases     ] GC(3)   Other: 1.9ms
[0.874s][info][gc,heap       ] GC(3) Eden regions: 14->0(20)
[0.875s][info][gc,heap       ] GC(3) Survivor regions: 2->2(2)
[0.875s][info][gc,heap       ] GC(3) Old regions: 2->7
[0.876s][info][gc,heap       ] GC(3) Humongous regions: 0->0
[0.877s][info][gc,metaspace  ] GC(3) Metaspace: 24130K->24130K(1071104K)
[0.878s][info][gc            ] GC(3) Pause Young (Concurrent Start) (G1 Evacuation Pause) 35M->17M(318M) 26.292ms
[0.879s][info][gc,cpu        ] GC(3) User=0.07s Sys=0.02s Real=0.03s
[0.880s][info][gc            ] GC(4) Concurrent Cycle
[0.880s][info][gc,marking    ] GC(4) Concurrent Clear Claimed Marks
[0.881s][info][gc,marking    ] GC(4) Concurrent Clear Claimed Marks 0.716ms
[0.882s][info][gc,marking    ] GC(4) Concurrent Scan Root Regions
[0.884s][info][gc,marking    ] GC(4) Concurrent Scan Root Regions 2.308ms
[0.884s][info][gc,marking    ] GC(4) Concurrent Mark (0.884s)
[0.885s][info][gc,marking    ] GC(4) Concurrent Mark From Roots
[0.886s][info][gc,task       ] GC(4) Using 2 workers of 2 for marking
[0.894s][info][gc,marking    ] GC(4) Concurrent Mark From Roots 8.516ms
[0.895s][info][gc,marking    ] GC(4) Concurrent Preclean
[0.897s][info][gc,marking    ] GC(4) Concurrent Preclean 1.576ms
[0.897s][info][gc,marking    ] GC(4) Concurrent Mark (0.884s, 0.897s) 12.977ms
[0.899s][info][gc,start      ] GC(4) Pause Remark
[0.904s][info][gc,stringtable] GC(4) Cleaned string and symbol table, strings: 11769 processed, 0 removed, symbols: 80493 processed, 17 removed
[0.905s][info][gc            ] GC(4) Pause Remark 23M->23M(318M) 6.836ms
[0.906s][info][gc,cpu        ] GC(4) User=0.02s Sys=0.00s Real=0.01s
[0.908s][info][gc,marking    ] GC(4) Concurrent Rebuild Remembered Sets
[0.914s][info][gc,marking    ] GC(4) Concurrent Rebuild Remembered Sets 6.246ms
[0.915s][info][gc,start      ] GC(4) Pause Cleanup
[0.916s][info][gc            ] GC(4) Pause Cleanup 24M->24M(318M) 0.986ms
[0.917s][info][gc,cpu        ] GC(4) User=0.00s Sys=0.00s Real=0.00s
[0.918s][info][gc,marking    ] GC(4) Concurrent Cleanup for Next Mark
[0.920s][info][gc,marking    ] GC(4) Concurrent Cleanup for Next Mark 2.014ms
[0.921s][info][gc            ] GC(4) Concurrent Cycle 41.420ms
[1.013s][info][gc,start      ] GC(5) Pause Young (Normal) (G1 Evacuation Pause)
[1.014s][info][gc,task       ] GC(5) Using 8 workers of 9 for evacuation
[1.025s][info][gc,phases     ] GC(5)   Pre Evacuate Collection Set: 0.1ms
[1.026s][info][gc,phases     ] GC(5)   Evacuate Collection Set: 7.8ms
[1.027s][info][gc,phases     ] GC(5)   Post Evacuate Collection Set: 1.1ms
[1.028s][info][gc,phases     ] GC(5)   Other: 2.5ms
[1.029s][info][gc,heap       ] GC(5) Eden regions: 5->0(26)
[1.030s][info][gc,heap       ] GC(5) Survivor regions: 2->1(1)
[1.030s][info][gc,heap       ] GC(5) Old regions: 7->9
[1.031s][info][gc,heap       ] GC(5) Humongous regions: 0->0
[1.032s][info][gc,metaspace  ] GC(5) Metaspace: 26715K->26715K(1073152K)
[1.033s][info][gc            ] GC(5) Pause Young (Normal) (G1 Evacuation Pause) 27M->19M(318M) 19.954ms
[1.034s][info][gc,cpu        ] GC(5) User=0.05s Sys=0.02s Real=0.03s
[1.442s][info][gc,start      ] GC(6) Pause Young (Concurrent Start) (Metadata GC Threshold)
[1.443s][info][gc,task       ] GC(6) Using 9 workers of 9 for evacuation
[1.453s][info][gc,phases     ] GC(6)   Pre Evacuate Collection Set: 0.2ms
[1.454s][info][gc,phases     ] GC(6)   Evacuate Collection Set: 5.9ms
[1.455s][info][gc,phases     ] GC(6)   Post Evacuate Collection Set: 2.5ms
[1.456s][info][gc,phases     ] GC(6)   Other: 2.7ms
[1.456s][info][gc,heap       ] GC(6) Eden regions: 10->0(31)
[1.457s][info][gc,heap       ] GC(6) Survivor regions: 1->4(4)
[1.458s][info][gc,heap       ] GC(6) Old regions: 9->9
[1.459s][info][gc,heap       ] GC(6) Humongous regions: 0->0
[1.460s][info][gc,metaspace  ] GC(6) Metaspace: 40463K->40463K(1087488K)
[1.461s][info][gc            ] GC(6) Pause Young (Concurrent Start) (Metadata GC Threshold) 37M->23M(468M) 19.191ms
[1.462s][info][gc,cpu        ] GC(6) User=0.02s Sys=0.01s Real=0.02s
[1.462s][info][gc            ] GC(7) Concurrent Cycle
[1.464s][info][gc,marking    ] GC(7) Concurrent Clear Claimed Marks
[1.464s][info][gc,marking    ] GC(7) Concurrent Clear Claimed Marks 0.743ms
[1.465s][info][gc,marking    ] GC(7) Concurrent Scan Root Regions
[1.469s][info][gc,marking    ] GC(7) Concurrent Scan Root Regions 3.687ms
[1.470s][info][gc,marking    ] GC(7) Concurrent Mark (1.470s)
[1.471s][info][gc,marking    ] GC(7) Concurrent Mark From Roots
[1.471s][info][gc,task       ] GC(7) Using 2 workers of 2 for marking
[1.488s][info][gc,marking    ] GC(7) Concurrent Mark From Roots 17.882ms
[1.489s][info][gc,marking    ] GC(7) Concurrent Preclean
[1.491s][info][gc,marking    ] GC(7) Concurrent Preclean 1.420ms
[1.492s][info][gc,marking    ] GC(7) Concurrent Mark (1.470s, 1.492s) 21.750ms
[1.493s][info][gc,start      ] GC(7) Pause Remark
[1.511s][info][gc,stringtable] GC(7) Cleaned string and symbol table, strings: 18286 processed, 299 removed, symbols: 130828 processed, 91 removed
[1.513s][info][gc            ] GC(7) Pause Remark 27M->27M(468M) 19.452ms
[1.513s][info][gc,cpu        ] GC(7) User=0.07s Sys=0.01s Real=0.03s
[1.515s][info][gc,marking    ] GC(7) Concurrent Rebuild Remembered Sets
[1.534s][info][gc,marking    ] GC(7) Concurrent Rebuild Remembered Sets 19.006ms
[1.535s][info][gc,start      ] GC(7) Pause Cleanup
[1.535s][info][gc            ] GC(7) Pause Cleanup 28M->28M(468M) 0.791ms
[1.536s][info][gc,cpu        ] GC(7) User=0.00s Sys=0.00s Real=0.00s
[1.537s][info][gc,marking    ] GC(7) Concurrent Cleanup for Next Mark
[1.538s][info][gc,marking    ] GC(7) Concurrent Cleanup for Next Mark 1.639ms
[1.539s][info][gc            ] GC(7) Concurrent Cycle 76.478ms
[2.024s][info][gc,start      ] GC(8) Pause Young (Concurrent Start) (G1 Evacuation Pause)
[2.025s][info][gc,task       ] GC(8) Using 9 workers of 9 for evacuation
[2.051s][info][gc,phases     ] GC(8)   Pre Evacuate Collection Set: 0.2ms
[2.052s][info][gc,phases     ] GC(8)   Evacuate Collection Set: 11.1ms
[2.053s][info][gc,phases     ] GC(8)   Post Evacuate Collection Set: 13.7ms
[2.054s][info][gc,phases     ] GC(8)   Other: 2.4ms
[2.054s][info][gc,heap       ] GC(8) Eden regions: 31->0(135)
[2.055s][info][gc,heap       ] GC(8) Survivor regions: 4->5(5)
[2.056s][info][gc,heap       ] GC(8) Old regions: 9->11
[2.057s][info][gc,heap       ] GC(8) Humongous regions: 0->0
[2.057s][info][gc,metaspace  ] GC(8) Metaspace: 56426K->56426K(1101824K)
[2.058s][info][gc            ] GC(8) Pause Young (Concurrent Start) (G1 Evacuation Pause) 85M->31M(468M) 34.376ms
[2.059s][info][gc,cpu        ] GC(8) User=0.11s Sys=0.01s Real=0.03s
[2.059s][info][gc            ] GC(9) Concurrent Cycle
[2.060s][info][gc,marking    ] GC(9) Concurrent Clear Claimed Marks
[2.061s][info][gc,marking    ] GC(9) Concurrent Clear Claimed Marks 0.842ms
[2.061s][info][gc,marking    ] GC(9) Concurrent Scan Root Regions
[2.066s][info][gc,marking    ] GC(9) Concurrent Scan Root Regions 4.210ms
[2.066s][info][gc,marking    ] GC(9) Concurrent Mark (2.066s)
[2.067s][info][gc,marking    ] GC(9) Concurrent Mark From Roots
[2.067s][info][gc,task       ] GC(9) Using 2 workers of 2 for marking
[2.080s][info][gc,marking    ] GC(9) Concurrent Mark From Roots 12.871ms
[2.080s][info][gc,marking    ] GC(9) Concurrent Preclean
[2.081s][info][gc,marking    ] GC(9) Concurrent Preclean 0.808ms
[2.082s][info][gc,marking    ] GC(9) Concurrent Mark (2.066s, 2.082s) 15.236ms
[2.083s][info][gc,start      ] GC(9) Pause Remark
[2.090s][info][gc,stringtable] GC(9) Cleaned string and symbol table, strings: 23200 processed, 29 removed, symbols: 171512 processed, 63 removed
[2.091s][info][gc            ] GC(9) Pause Remark 35M->35M(468M) 8.517ms
[2.092s][info][gc,cpu        ] GC(9) User=0.04s Sys=0.00s Real=0.01s
[2.093s][info][gc,marking    ] GC(9) Concurrent Rebuild Remembered Sets
[2.101s][info][gc,marking    ] GC(9) Concurrent Rebuild Remembered Sets 8.425ms
[2.102s][info][gc,start      ] GC(9) Pause Cleanup
[2.103s][info][gc            ] GC(9) Pause Cleanup 36M->36M(468M) 0.849ms
[2.103s][info][gc,cpu        ] GC(9) User=0.00s Sys=0.00s Real=0.00s
[2.105s][info][gc,marking    ] GC(9) Concurrent Cleanup for Next Mark
[2.106s][info][gc,marking    ] GC(9) Concurrent Cleanup for Next Mark 1.294ms
[2.107s][info][gc            ] GC(9) Concurrent Cycle 47.437ms
[3.856s][info][gc,start      ] GC(10) Pause Young (Concurrent Start) (Metadata GC Threshold)
[3.856s][info][gc,task       ] GC(10) Using 9 workers of 9 for evacuation
[3.912s][info][gc,phases     ] GC(10)   Pre Evacuate Collection Set: 0.4ms
[3.913s][info][gc,phases     ] GC(10)   Evacuate Collection Set: 48.1ms
[3.913s][info][gc,phases     ] GC(10)   Post Evacuate Collection Set: 5.7ms
[3.914s][info][gc,phases     ] GC(10)   Other: 2.1ms
[3.915s][info][gc,heap       ] GC(10) Eden regions: 113->0(99)
[3.915s][info][gc,heap       ] GC(10) Survivor regions: 5->18(18)
[3.916s][info][gc,heap       ] GC(10) Old regions: 11->14
[3.916s][info][gc,heap       ] GC(10) Humongous regions: 30->0
[3.917s][info][gc,metaspace  ] GC(10) Metaspace: 95204K->95204K(1136640K)
[3.917s][info][gc            ] GC(10) Pause Young (Concurrent Start) (Metadata GC Threshold) 316M->62M(468M) 61.868ms
[3.918s][info][gc,cpu        ] GC(10) User=0.11s Sys=0.03s Real=0.06s
[3.919s][info][gc            ] GC(11) Concurrent Cycle
[3.919s][info][gc,marking    ] GC(11) Concurrent Clear Claimed Marks
[3.920s][info][gc,marking    ] GC(11) Concurrent Clear Claimed Marks 0.650ms
[3.921s][info][gc,marking    ] GC(11) Concurrent Scan Root Regions
[3.930s][info][gc,marking    ] GC(11) Concurrent Scan Root Regions 8.972ms
[3.930s][info][gc,marking    ] GC(11) Concurrent Mark (3.930s)
[3.931s][info][gc,marking    ] GC(11) Concurrent Mark From Roots
[3.932s][info][gc,task       ] GC(11) Using 2 workers of 2 for marking
[3.946s][info][gc,marking    ] GC(11) Concurrent Mark From Roots 15.399ms
[3.947s][info][gc,marking    ] GC(11) Concurrent Preclean
[3.948s][info][gc,marking    ] GC(11) Concurrent Preclean 0.832ms
[3.949s][info][gc,marking    ] GC(11) Concurrent Mark (3.930s, 3.949s) 18.347ms
[3.950s][info][gc,start      ] GC(11) Pause Remark
[3.961s][info][gc,stringtable] GC(11) Cleaned string and symbol table, strings: 39378 processed, 94 removed, symbols: 277701 processed, 127 removed
[3.962s][info][gc            ] GC(11) Pause Remark 91M->91M(468M) 12.561ms
[3.963s][info][gc,cpu        ] GC(11) User=0.05s Sys=0.00s Real=0.01s
[3.964s][info][gc,marking    ] GC(11) Concurrent Rebuild Remembered Sets
[3.976s][info][gc,marking    ] GC(11) Concurrent Rebuild Remembered Sets 12.226ms
[3.977s][info][gc,start      ] GC(11) Pause Cleanup
[3.978s][info][gc            ] GC(11) Pause Cleanup 92M->92M(468M) 0.867ms
[3.979s][info][gc,cpu        ] GC(11) User=0.01s Sys=0.00s Real=0.00s
[3.979s][info][gc,marking    ] GC(11) Concurrent Cleanup for Next Mark
[3.980s][info][gc,marking    ] GC(11) Concurrent Cleanup for Next Mark 0.826ms
[3.981s][info][gc            ] GC(11) Concurrent Cycle 62.010ms
[6.712s][info][gc,start      ] GC(12) Pause Young (Concurrent Start) (G1 Evacuation Pause)
[6.714s][info][gc,task       ] GC(12) Using 9 workers of 9 for evacuation
[6.760s][info][gc,phases     ] GC(12)   Pre Evacuate Collection Set: 0.3ms
[6.761s][info][gc,phases     ] GC(12)   Evacuate Collection Set: 41.2ms
[6.762s][info][gc,phases     ] GC(12)   Post Evacuate Collection Set: 4.0ms
[6.763s][info][gc,phases     ] GC(12)   Other: 2.6ms
[6.763s][info][gc,heap       ] GC(12) Eden regions: 93->0(99)
[6.764s][info][gc,heap       ] GC(12) Survivor regions: 18->12(14)
[6.765s][info][gc,heap       ] GC(12) Old regions: 14->31
[6.765s][info][gc,heap       ] GC(12) Humongous regions: 26->7
[6.766s][info][gc,metaspace  ] GC(12) Metaspace: 105324K->105324K(1146880K)
[6.766s][info][gc            ] GC(12) Pause Young (Concurrent Start) (G1 Evacuation Pause) 300M->98M(468M) 53.801ms
[6.767s][info][gc,cpu        ] GC(12) User=0.15s Sys=0.03s Real=0.06s
[6.767s][info][gc            ] GC(13) Concurrent Cycle
[6.768s][info][gc,marking    ] GC(13) Concurrent Clear Claimed Marks
[6.769s][info][gc,marking    ] GC(13) Concurrent Clear Claimed Marks 0.845ms
[6.769s][info][gc,marking    ] GC(13) Concurrent Scan Root Regions
[6.775s][info][gc,marking    ] GC(13) Concurrent Scan Root Regions 5.751ms
[6.775s][info][gc,marking    ] GC(13) Concurrent Mark (6.775s)
[6.776s][info][gc,marking    ] GC(13) Concurrent Mark From Roots
[6.777s][info][gc,task       ] GC(13) Using 2 workers of 2 for marking
[6.810s][info][gc,marking    ] GC(13) Concurrent Mark From Roots 34.485ms
[6.811s][info][gc,marking    ] GC(13) Concurrent Preclean
[6.812s][info][gc,marking    ] GC(13) Concurrent Preclean 0.824ms
[6.813s][info][gc,marking    ] GC(13) Concurrent Mark (6.775s, 6.813s) 37.335ms
[6.814s][info][gc,start      ] GC(13) Pause Remark
[6.821s][info][gc,stringtable] GC(13) Cleaned string and symbol table, strings: 44124 processed, 0 removed, symbols: 296652 processed, 33 removed
[6.822s][info][gc            ] GC(13) Pause Remark 102M->102M(468M) 8.077ms
[6.822s][info][gc,cpu        ] GC(13) User=0.04s Sys=0.00s Real=0.00s
[6.823s][info][gc,marking    ] GC(13) Concurrent Rebuild Remembered Sets
[6.849s][info][gc,marking    ] GC(13) Concurrent Rebuild Remembered Sets 25.364ms
[6.850s][info][gc,start      ] GC(13) Pause Cleanup
[6.851s][info][gc            ] GC(13) Pause Cleanup 103M->103M(468M) 0.927ms
[6.851s][info][gc,cpu        ] GC(13) User=0.00s Sys=0.00s Real=0.00s
[6.852s][info][gc,marking    ] GC(13) Concurrent Cleanup for Next Mark
[6.853s][info][gc,marking    ] GC(13) Concurrent Cleanup for Next Mark 0.801ms
[6.853s][info][gc            ] GC(13) Concurrent Cycle 86.242ms
[9.710s][info][gc,start      ] GC(14) Pause Young (Normal) (G1 Evacuation Pause)
[9.711s][info][gc,task       ] GC(14) Using 9 workers of 9 for evacuation
[9.725s][info][gc,phases     ] GC(14)   Pre Evacuate Collection Set: 0.0ms
[9.726s][info][gc,phases     ] GC(14)   Evacuate Collection Set: 10.0ms
[9.727s][info][gc,phases     ] GC(14)   Post Evacuate Collection Set: 3.2ms
[9.728s][info][gc,phases     ] GC(14)   Other: 2.4ms
[9.729s][info][gc,heap       ] GC(14) Eden regions: 99->0(145)
[9.730s][info][gc,heap       ] GC(14) Survivor regions: 12->3(14)
[9.731s][info][gc,heap       ] GC(14) Old regions: 31->42
[9.731s][info][gc,heap       ] GC(14) Humongous regions: 7->7
[9.732s][info][gc,metaspace  ] GC(14) Metaspace: 105372K->105372K(1146880K)
[9.733s][info][gc            ] GC(14) Pause Young (Normal) (G1 Evacuation Pause) 296M->103M(858M) 23.659ms
[9.734s][info][gc,cpu        ] GC(14) User=0.07s Sys=0.01s Real=0.03s
[11.467s][info][gc,start      ] GC(15) Pause Young (Normal) (G1 Evacuation Pause)
[11.468s][info][gc,task       ] GC(15) Using 9 workers of 9 for evacuation
[11.513s][info][gc,phases     ] GC(15)   Pre Evacuate Collection Set: 0.1ms
[11.514s][info][gc,phases     ] GC(15)   Evacuate Collection Set: 38.9ms
[11.515s][info][gc,phases     ] GC(15)   Post Evacuate Collection Set: 5.3ms
[11.515s][info][gc,phases     ] GC(15)   Other: 2.0ms
[11.516s][info][gc,heap       ] GC(15) Eden regions: 145->0(179)
[11.517s][info][gc,heap       ] GC(15) Survivor regions: 3->8(19)
[11.517s][info][gc,heap       ] GC(15) Old regions: 42->42
[11.518s][info][gc,heap       ] GC(15) Humongous regions: 7->7
[11.518s][info][gc,metaspace  ] GC(15) Metaspace: 112677K->112677K(1153024K)
[11.519s][info][gc            ] GC(15) Pause Young (Normal) (G1 Evacuation Pause) 393M->112M(858M) 52.220ms
[11.519s][info][gc,cpu        ] GC(15) User=0.12s Sys=0.01s Real=0.05s
[12.220s][info][gc,start      ] GC(16) Pause Young (Normal) (G1 Evacuation Pause)
[12.221s][info][gc,task       ] GC(16) Using 9 workers of 9 for evacuation
[12.232s][info][gc,phases     ] GC(16)   Pre Evacuate Collection Set: 0.0ms
[12.233s][info][gc,phases     ] GC(16)   Evacuate Collection Set: 6.8ms
[12.234s][info][gc,phases     ] GC(16)   Post Evacuate Collection Set: 3.2ms
[12.235s][info][gc,phases     ] GC(16)   Other: 2.4ms
[12.236s][info][gc,heap       ] GC(16) Eden regions: 179->0(248)
[12.237s][info][gc,heap       ] GC(16) Survivor regions: 8->9(24)
[12.238s][info][gc,heap       ] GC(16) Old regions: 42->42
[12.238s][info][gc,heap       ] GC(16) Humongous regions: 7->7
[12.239s][info][gc,metaspace  ] GC(16) Metaspace: 112935K->112935K(1153024K)
[12.241s][info][gc            ] GC(16) Pause Young (Normal) (G1 Evacuation Pause) 470M->116M(858M) 20.971ms
[12.242s][info][gc,cpu        ] GC(16) User=0.05s Sys=0.01s Real=0.02s
[13.135s][info][gc,start      ] GC(17) Pause Young (Normal) (G1 Evacuation Pause)
[13.135s][info][gc,task       ] GC(17) Using 9 workers of 9 for evacuation
[13.147s][info][gc,phases     ] GC(17)   Pre Evacuate Collection Set: 0.1ms
[13.147s][info][gc,phases     ] GC(17)   Evacuate Collection Set: 6.9ms
[13.148s][info][gc,phases     ] GC(17)   Post Evacuate Collection Set: 3.0ms
[13.149s][info][gc,phases     ] GC(17)   Other: 2.1ms
[13.150s][info][gc,heap       ] GC(17) Eden regions: 248->0(247)
[13.151s][info][gc,heap       ] GC(17) Survivor regions: 9->10(33)
[13.151s][info][gc,heap       ] GC(17) Old regions: 42->42
[13.152s][info][gc,heap       ] GC(17) Humongous regions: 7->7
[13.153s][info][gc,metaspace  ] GC(17) Metaspace: 113003K->113003K(1153024K)
[13.154s][info][gc            ] GC(17) Pause Young (Normal) (G1 Evacuation Pause) 612M->117M(858M) 18.881ms
[13.154s][info][gc,cpu        ] GC(17) User=0.06s Sys=0.01s Real=0.02s
[14.103s][info][gc,start      ] GC(18) Pause Young (Normal) (G1 Evacuation Pause)
[14.104s][info][gc,task       ] GC(18) Using 9 workers of 9 for evacuation
[14.116s][info][gc,phases     ] GC(18)   Pre Evacuate Collection Set: 0.0ms
[14.117s][info][gc,phases     ] GC(18)   Evacuate Collection Set: 7.5ms
[14.117s][info][gc,phases     ] GC(18)   Post Evacuate Collection Set: 3.5ms
[14.118s][info][gc,phases     ] GC(18)   Other: 1.6ms
[14.118s][info][gc,heap       ] GC(18) Eden regions: 247->0(246)
[14.119s][info][gc,heap       ] GC(18) Survivor regions: 10->11(33)
[14.119s][info][gc,heap       ] GC(18) Old regions: 42->42
[14.120s][info][gc,heap       ] GC(18) Humongous regions: 7->7
[14.120s][info][gc,metaspace  ] GC(18) Metaspace: 113678K->113678K(1153024K)
[14.121s][info][gc            ] GC(18) Pause Young (Normal) (G1 Evacuation Pause) 611M->120M(858M) 17.528ms
[14.121s][info][gc,cpu        ] GC(18) User=0.06s Sys=0.02s Real=0.02s
[14.971s][info][gc,start      ] GC(19) Pause Young (Normal) (GCLocker Initiated GC)
[14.972s][info][gc,task       ] GC(19) Using 9 workers of 9 for evacuation
[14.986s][info][gc,phases     ] GC(19)   Pre Evacuate Collection Set: 0.1ms
[14.987s][info][gc,phases     ] GC(19)   Evacuate Collection Set: 9.5ms
[14.988s][info][gc,phases     ] GC(19)   Post Evacuate Collection Set: 3.0ms
[14.989s][info][gc,phases     ] GC(19)   Other: 2.5ms
[14.989s][info][gc,heap       ] GC(19) Eden regions: 247->0(245)
[14.990s][info][gc,heap       ] GC(19) Survivor regions: 11->12(33)
[14.991s][info][gc,heap       ] GC(19) Old regions: 42->42
[14.991s][info][gc,heap       ] GC(19) Humongous regions: 7->7
[14.992s][info][gc,metaspace  ] GC(19) Metaspace: 113710K->113710K(1153024K)
[14.992s][info][gc            ] GC(19) Pause Young (Normal) (GCLocker Initiated GC) 613M->121M(858M) 20.774ms
[14.993s][info][gc,cpu        ] GC(19) User=0.08s Sys=0.02s Real=0.02s
[15.857s][info][gc,start      ] GC(20) Pause Young (Normal) (G1 Evacuation Pause)
[15.857s][info][gc,task       ] GC(20) Using 9 workers of 9 for evacuation
[15.871s][info][gc,phases     ] GC(20)   Pre Evacuate Collection Set: 0.1ms
[15.872s][info][gc,phases     ] GC(20)   Evacuate Collection Set: 9.4ms
[15.873s][info][gc,phases     ] GC(20)   Post Evacuate Collection Set: 3.0ms
[15.873s][info][gc,phases     ] GC(20)   Other: 2.1ms
[15.874s][info][gc,heap       ] GC(20) Eden regions: 245->0(245)
[15.875s][info][gc,heap       ] GC(20) Survivor regions: 12->12(33)
[15.875s][info][gc,heap       ] GC(20) Old regions: 42->42
[15.876s][info][gc,heap       ] GC(20) Humongous regions: 7->7
[15.876s][info][gc,metaspace  ] GC(20) Metaspace: 115260K->115260K(1155072K)
[15.877s][info][gc            ] GC(20) Pause Young (Normal) (G1 Evacuation Pause) 611M->121M(858M) 20.025ms
[15.877s][info][gc,cpu        ] GC(20) User=0.07s Sys=0.01s Real=0.02s
[16.665s][info][gc,start      ] GC(21) Pause Young (Normal) (G1 Evacuation Pause)
[16.666s][info][gc,task       ] GC(21) Using 9 workers of 9 for evacuation
[16.681s][info][gc,phases     ] GC(21)   Pre Evacuate Collection Set: 0.0ms
[16.682s][info][gc,phases     ] GC(21)   Evacuate Collection Set: 10.7ms
[16.682s][info][gc,phases     ] GC(21)   Post Evacuate Collection Set: 3.1ms
[16.683s][info][gc,phases     ] GC(21)   Other: 2.4ms
[16.684s][info][gc,heap       ] GC(21) Eden regions: 245->0(244)
[16.684s][info][gc,heap       ] GC(21) Survivor regions: 12->13(33)
[16.685s][info][gc,heap       ] GC(21) Old regions: 42->42
[16.685s][info][gc,heap       ] GC(21) Humongous regions: 7->7
[16.686s][info][gc,metaspace  ] GC(21) Metaspace: 115468K->115468K(1155072K)
[16.686s][info][gc            ] GC(21) Pause Young (Normal) (G1 Evacuation Pause) 611M->123M(858M) 21.617ms
[16.687s][info][gc,cpu        ] GC(21) User=0.09s Sys=0.02s Real=0.02s
[17.504s][info][gc,start      ] GC(22) Pause Young (Normal) (G1 Evacuation Pause)
[17.504s][info][gc,task       ] GC(22) Using 9 workers of 9 for evacuation
[17.520s][info][gc,phases     ] GC(22)   Pre Evacuate Collection Set: 0.0ms
[17.521s][info][gc,phases     ] GC(22)   Evacuate Collection Set: 10.9ms
[17.521s][info][gc,phases     ] GC(22)   Post Evacuate Collection Set: 3.5ms
[17.522s][info][gc,phases     ] GC(22)   Other: 1.8ms
[17.523s][info][gc,heap       ] GC(22) Eden regions: 244->0(242)
[17.523s][info][gc,heap       ] GC(22) Survivor regions: 13->15(33)
[17.524s][info][gc,heap       ] GC(22) Old regions: 42->42
[17.524s][info][gc,heap       ] GC(22) Humongous regions: 7->7
[17.525s][info][gc,metaspace  ] GC(22) Metaspace: 115578K->115578K(1155072K)
[17.525s][info][gc            ] GC(22) Pause Young (Normal) (G1 Evacuation Pause) 611M->126M(858M) 21.596ms
[17.526s][info][gc,cpu        ] GC(22) User=0.09s Sys=0.01s Real=0.02s
[18.304s][info][gc,start      ] GC(23) Pause Young (Normal) (G1 Evacuation Pause)
[18.305s][info][gc,task       ] GC(23) Using 9 workers of 9 for evacuation
[18.327s][info][gc,phases     ] GC(23)   Pre Evacuate Collection Set: 0.0ms
[18.328s][info][gc,phases     ] GC(23)   Evacuate Collection Set: 11.1ms
[18.329s][info][gc,phases     ] GC(23)   Post Evacuate Collection Set: 10.2ms
[18.329s][info][gc,phases     ] GC(23)   Other: 1.9ms
[18.330s][info][gc,heap       ] GC(23) Eden regions: 242->0(242)
[18.330s][info][gc,heap       ] GC(23) Survivor regions: 15->15(33)
[18.331s][info][gc,heap       ] GC(23) Old regions: 42->42
[18.332s][info][gc,heap       ] GC(23) Humongous regions: 7->7
[18.332s][info][gc,metaspace  ] GC(23) Metaspace: 115586K->115586K(1155072K)
[18.333s][info][gc            ] GC(23) Pause Young (Normal) (G1 Evacuation Pause) 610M->127M(858M) 28.757ms
[18.333s][info][gc,cpu        ] GC(23) User=0.12s Sys=0.02s Real=0.02s
[19.230s][info][gc,start      ] GC(24) Pause Young (Normal) (G1 Evacuation Pause)
[19.232s][info][gc,task       ] GC(24) Using 9 workers of 9 for evacuation
[19.246s][info][gc,phases     ] GC(24)   Pre Evacuate Collection Set: 0.1ms
[19.247s][info][gc,phases     ] GC(24)   Evacuate Collection Set: 8.7ms
[19.247s][info][gc,phases     ] GC(24)   Post Evacuate Collection Set: 3.7ms
[19.248s][info][gc,phases     ] GC(24)   Other: 2.7ms
[19.249s][info][gc,heap       ] GC(24) Eden regions: 242->0(294)
[19.249s][info][gc,heap       ] GC(24) Survivor regions: 15->15(33)
[19.250s][info][gc,heap       ] GC(24) Old regions: 42->42
[19.250s][info][gc,heap       ] GC(24) Humongous regions: 7->7
[19.251s][info][gc,metaspace  ] GC(24) Metaspace: 115592K->115592K(1155072K)
[19.252s][info][gc            ] GC(24) Pause Young (Normal) (G1 Evacuation Pause) 611M->127M(1030M) 21.039ms
[19.252s][info][gc,cpu        ] GC(24) User=0.06s Sys=0.02s Real=0.02s
[20.245s][info][gc,start      ] GC(25) Pause Young (Normal) (G1 Evacuation Pause)
[20.246s][info][gc,task       ] GC(25) Using 9 workers of 9 for evacuation
[20.259s][info][gc,phases     ] GC(25)   Pre Evacuate Collection Set: 0.0ms
[20.260s][info][gc,phases     ] GC(25)   Evacuate Collection Set: 9.2ms
[20.261s][info][gc,phases     ] GC(25)   Post Evacuate Collection Set: 3.2ms
[20.262s][info][gc,phases     ] GC(25)   Other: 1.8ms
[20.263s][info][gc,heap       ] GC(25) Eden regions: 294->0(292)
[20.263s][info][gc,heap       ] GC(25) Survivor regions: 15->17(39)
[20.264s][info][gc,heap       ] GC(25) Old regions: 42->42
[20.265s][info][gc,heap       ] GC(25) Humongous regions: 7->7
[20.265s][info][gc,metaspace  ] GC(25) Metaspace: 115609K->115609K(1155072K)
[20.266s][info][gc            ] GC(25) Pause Young (Normal) (G1 Evacuation Pause) 715M->130M(1030M) 20.623ms
[20.267s][info][gc,cpu        ] GC(25) User=0.08s Sys=0.01s Real=0.02s
[21.103s][info][gc,start      ] GC(26) Pause Young (Normal) (GCLocker Initiated GC)
[21.104s][info][gc,task       ] GC(26) Using 9 workers of 9 for evacuation
[21.135s][info][gc,phases     ] GC(26)   Pre Evacuate Collection Set: 0.0ms
[21.136s][info][gc,phases     ] GC(26)   Evacuate Collection Set: 26.1ms
[21.136s][info][gc,phases     ] GC(26)   Post Evacuate Collection Set: 4.0ms
[21.137s][info][gc,phases     ] GC(26)   Other: 1.8ms
[21.138s][info][gc,heap       ] GC(26) Eden regions: 293->0(292)
[21.138s][info][gc,heap       ] GC(26) Survivor regions: 17->17(39)
[21.139s][info][gc,heap       ] GC(26) Old regions: 42->42
[21.139s][info][gc,heap       ] GC(26) Humongous regions: 7->7
[21.140s][info][gc,metaspace  ] GC(26) Metaspace: 115667K->115667K(1155072K)
[21.140s][info][gc            ] GC(26) Pause Young (Normal) (GCLocker Initiated GC) 715M->131M(1030M) 37.349ms
[21.141s][info][gc,cpu        ] GC(26) User=0.20s Sys=0.02s Real=0.04s
[22.071s][info][gc,start      ] GC(27) Pause Young (Normal) (G1 Evacuation Pause)
[22.072s][info][gc,task       ] GC(27) Using 9 workers of 9 for evacuation
[22.124s][info][gc,phases     ] GC(27)   Pre Evacuate Collection Set: 0.0ms
[22.125s][info][gc,phases     ] GC(27)   Evacuate Collection Set: 45.1ms
[22.126s][info][gc,phases     ] GC(27)   Post Evacuate Collection Set: 5.6ms
[22.126s][info][gc,phases     ] GC(27)   Other: 1.8ms
[22.127s][info][gc,heap       ] GC(27) Eden regions: 292->0(290)
[22.128s][info][gc,heap       ] GC(27) Survivor regions: 17->19(39)
[22.129s][info][gc,heap       ] GC(27) Old regions: 42->42
[22.130s][info][gc,heap       ] GC(27) Humongous regions: 7->7
[22.131s][info][gc,metaspace  ] GC(27) Metaspace: 116886K->116886K(1157120K)
[22.131s][info][gc            ] GC(27) Pause Young (Normal) (G1 Evacuation Pause) 715M->135M(1030M) 60.004ms
[22.132s][info][gc,cpu        ] GC(27) User=0.15s Sys=0.02s Real=0.06s
[22.815s][info][gc,start      ] GC(28) Pause Young (Normal) (G1 Evacuation Pause)
[22.816s][info][gc,task       ] GC(28) Using 9 workers of 9 for evacuation
[22.878s][info][gc,phases     ] GC(28)   Pre Evacuate Collection Set: 0.0ms
[22.880s][info][gc,phases     ] GC(28)   Evacuate Collection Set: 53.4ms
[22.880s][info][gc,phases     ] GC(28)   Post Evacuate Collection Set: 8.3ms
[22.881s][info][gc,phases     ] GC(28)   Other: 1.7ms
[22.882s][info][gc,heap       ] GC(28) Eden regions: 290->0(359)
[22.883s][info][gc,heap       ] GC(28) Survivor regions: 19->24(39)
[22.883s][info][gc,heap       ] GC(28) Old regions: 42->42
[22.884s][info][gc,heap       ] GC(28) Humongous regions: 8->7
[22.885s][info][gc,metaspace  ] GC(28) Metaspace: 117523K->117523K(1157120K)
[22.885s][info][gc            ] GC(28) Pause Young (Normal) (G1 Evacuation Pause) 717M->144M(1278M) 70.027ms
[22.886s][info][gc,cpu        ] GC(28) User=0.23s Sys=0.01s Real=0.07s
[25.437s][info][gc,start      ] GC(29) Pause Young (Normal) (G1 Evacuation Pause)
[25.438s][info][gc,task       ] GC(29) Using 9 workers of 9 for evacuation
[25.475s][info][gc,phases     ] GC(29)   Pre Evacuate Collection Set: 0.1ms
[25.475s][info][gc,phases     ] GC(29)   Evacuate Collection Set: 23.7ms
[25.476s][info][gc,phases     ] GC(29)   Post Evacuate Collection Set: 10.8ms
[25.476s][info][gc,phases     ] GC(29)   Other: 3.6ms
[25.477s][info][gc,heap       ] GC(29) Eden regions: 359->0(355)
[25.478s][info][gc,heap       ] GC(29) Survivor regions: 24->28(48)
[25.479s][info][gc,heap       ] GC(29) Old regions: 42->44
[25.479s][info][gc,heap       ] GC(29) Humongous regions: 22->7
[25.480s][info][gc,metaspace  ] GC(29) Metaspace: 141102K->141102K(1177600K)
[25.481s][info][gc            ] GC(29) Pause Young (Normal) (G1 Evacuation Pause) 892M->156M(1278M) 44.116ms
[25.481s][info][gc,cpu        ] GC(29) User=0.15s Sys=0.03s Real=0.04s
[29.573s][info][gc,start      ] GC(30) Pause Young (Concurrent Start) (Metadata GC Threshold)
[29.574s][info][gc,task       ] GC(30) Using 9 workers of 9 for evacuation
[29.640s][info][gc,phases     ] GC(30)   Pre Evacuate Collection Set: 0.5ms
[29.641s][info][gc,phases     ] GC(30)   Evacuate Collection Set: 59.4ms
[29.641s][info][gc,phases     ] GC(30)   Post Evacuate Collection Set: 5.2ms
[29.642s][info][gc,phases     ] GC(30)   Other: 1.8ms
[29.643s][info][gc,heap       ] GC(30) Eden regions: 255->0(335)
[29.643s][info][gc,heap       ] GC(30) Survivor regions: 28->48(48)
[29.644s][info][gc,heap       ] GC(30) Old regions: 44->46
[29.644s][info][gc,heap       ] GC(30) Humongous regions: 9->7
[29.645s][info][gc,metaspace  ] GC(30) Metaspace: 176716K->176716K(1210368K)
[29.645s][info][gc            ] GC(30) Pause Young (Concurrent Start) (Metadata GC Threshold) 669M->200M(1278M) 72.357ms
[29.646s][info][gc,cpu        ] GC(30) User=0.20s Sys=0.03s Real=0.08s
[29.647s][info][gc            ] GC(31) Concurrent Cycle
[29.647s][info][gc,marking    ] GC(31) Concurrent Clear Claimed Marks
[29.648s][info][gc,marking    ] GC(31) Concurrent Clear Claimed Marks 1.280ms
[29.649s][info][gc,marking    ] GC(31) Concurrent Scan Root Regions
[29.669s][info][gc,marking    ] GC(31) Concurrent Scan Root Regions 19.914ms
[29.670s][info][gc,marking    ] GC(31) Concurrent Mark (29.670s)
[29.670s][info][gc,marking    ] GC(31) Concurrent Mark From Roots
[29.671s][info][gc,task       ] GC(31) Using 2 workers of 2 for marking
[29.727s][info][gc,marking    ] GC(31) Concurrent Mark From Roots 56.738ms
[29.728s][info][gc,marking    ] GC(31) Concurrent Preclean
[29.729s][info][gc,marking    ] GC(31) Concurrent Preclean 1.129ms
[29.730s][info][gc,marking    ] GC(31) Concurrent Mark (29.670s, 29.730s) 60.156ms
[29.731s][info][gc,start      ] GC(31) Pause Remark
[29.756s][info][gc,stringtable] GC(31) Cleaned string and symbol table, strings: 77284 processed, 51 removed, symbols: 466846 processed, 165 removed
[29.758s][info][gc            ] GC(31) Pause Remark 211M->211M(1278M) 26.919ms
[29.759s][info][gc,cpu        ] GC(31) User=0.15s Sys=0.00s Real=0.03s
[29.760s][info][gc,marking    ] GC(31) Concurrent Rebuild Remembered Sets
[29.807s][info][gc,marking    ] GC(31) Concurrent Rebuild Remembered Sets 47.411ms
[29.809s][info][gc,start      ] GC(31) Pause Cleanup
[29.810s][info][gc            ] GC(31) Pause Cleanup 217M->217M(1278M) 1.012ms
[29.810s][info][gc,cpu        ] GC(31) User=0.01s Sys=0.00s Real=0.00s
[29.811s][info][gc,marking    ] GC(31) Concurrent Cleanup for Next Mark
[29.816s][info][gc,marking    ] GC(31) Concurrent Cleanup for Next Mark 5.194ms
[29.818s][info][gc            ] GC(31) Concurrent Cycle 170.787ms
[38.750s][info][gc,start      ] GC(32) Pause Young (Concurrent Start) (G1 Evacuation Pause)
[38.751s][info][gc,task       ] GC(32) Using 9 workers of 9 for evacuation
[38.840s][info][gc,phases     ] GC(32)   Pre Evacuate Collection Set: 0.4ms
[38.841s][info][gc,phases     ] GC(32)   Evacuate Collection Set: 80.3ms
[38.842s][info][gc,phases     ] GC(32)   Post Evacuate Collection Set: 6.4ms
[38.842s][info][gc,phases     ] GC(32)   Other: 2.9ms
[38.843s][info][gc,heap       ] GC(32) Eden regions: 335->0(322)
[38.844s][info][gc,heap       ] GC(32) Survivor regions: 48->48(48)
[38.844s][info][gc,heap       ] GC(32) Old regions: 46->105
[38.845s][info][gc,heap       ] GC(32) Humongous regions: 10->9
[38.845s][info][gc,metaspace  ] GC(32) Metaspace: 219476K->219476K(1245184K)
[38.846s][info][gc            ] GC(32) Pause Young (Concurrent Start) (G1 Evacuation Pause) 876M->322M(1278M) 95.790ms
[38.847s][info][gc,cpu        ] GC(32) User=0.33s Sys=0.05s Real=0.10s
[38.847s][info][gc            ] GC(33) Concurrent Cycle
[38.848s][info][gc,marking    ] GC(33) Concurrent Clear Claimed Marks
[38.849s][info][gc,marking    ] GC(33) Concurrent Clear Claimed Marks 1.727ms
[38.850s][info][gc,marking    ] GC(33) Concurrent Scan Root Regions
[38.864s][info][gc,marking    ] GC(33) Concurrent Scan Root Regions 14.425ms
[38.865s][info][gc,marking    ] GC(33) Concurrent Mark (38.865s)
[38.866s][info][gc,marking    ] GC(33) Concurrent Mark From Roots
[38.866s][info][gc,task       ] GC(33) Using 2 workers of 2 for marking
[39.001s][info][gc,marking    ] GC(33) Concurrent Mark From Roots 135.129ms
[39.002s][info][gc,marking    ] GC(33) Concurrent Preclean
[39.003s][info][gc,marking    ] GC(33) Concurrent Preclean 1.013ms
[39.003s][info][gc,marking    ] GC(33) Concurrent Mark (38.865s, 39.003s) 138.156ms
[39.005s][info][gc,start      ] GC(33) Pause Remark
[39.047s][info][gc,stringtable] GC(33) Cleaned string and symbol table, strings: 113141 processed, 2 removed, symbols: 582387 processed, 129 removed
[39.049s][info][gc            ] GC(33) Pause Remark 354M->354M(1278M) 44.560ms
[39.050s][info][gc,cpu        ] GC(33) User=0.23s Sys=0.00s Real=0.04s
[39.051s][info][gc,marking    ] GC(33) Concurrent Rebuild Remembered Sets
[39.146s][info][gc,marking    ] GC(33) Concurrent Rebuild Remembered Sets 94.814ms
[39.148s][info][gc,start      ] GC(33) Pause Cleanup
[39.149s][info][gc            ] GC(33) Pause Cleanup 360M->360M(1278M) 1.490ms
[39.150s][info][gc,cpu        ] GC(33) User=0.00s Sys=0.00s Real=0.00s
[39.151s][info][gc,marking    ] GC(33) Concurrent Cleanup for Next Mark
[39.156s][info][gc,marking    ] GC(33) Concurrent Cleanup for Next Mark 4.966ms
[39.157s][info][gc            ] GC(33) Concurrent Cycle 309.472ms
[116.946s][info][gc,start      ] GC(34) Pause Young (Normal) (G1 Evacuation Pause)
[116.948s][info][gc,task       ] GC(34) Using 9 workers of 9 for evacuation
[117.003s][info][gc,phases     ] GC(34)   Pre Evacuate Collection Set: 0.0ms
[117.004s][info][gc,phases     ] GC(34)   Evacuate Collection Set: 44.7ms
[117.005s][info][gc,phases     ] GC(34)   Post Evacuate Collection Set: 8.9ms
[117.005s][info][gc,phases     ] GC(34)   Other: 3.0ms
[117.006s][info][gc,heap       ] GC(34) Eden regions: 322->0(439)
[117.007s][info][gc,heap       ] GC(34) Survivor regions: 48->13(47)
[117.008s][info][gc,heap       ] GC(34) Old regions: 105->154
[117.008s][info][gc,heap       ] GC(34) Humongous regions: 27->12
[117.009s][info][gc,metaspace  ] GC(34) Metaspace: 249946K->249946K(1271808K)
[117.010s][info][gc            ] GC(34) Pause Young (Normal) (G1 Evacuation Pause) 1002M->357M(1842M) 63.382ms
[117.010s][info][gc,cpu        ] GC(34) User=0.22s Sys=0.03s Real=0.06s
[127.741s][info][gc,start      ] GC(35) Pause Young (Normal) (G1 Evacuation Pause)
[127.742s][info][gc,task       ] GC(35) Using 9 workers of 9 for evacuation
[127.771s][info][gc,phases     ] GC(35)   Pre Evacuate Collection Set: 0.1ms
[127.772s][info][gc,phases     ] GC(35)   Evacuate Collection Set: 19.9ms
[127.773s][info][gc,phases     ] GC(35)   Post Evacuate Collection Set: 8.0ms
[127.773s][info][gc,phases     ] GC(35)   Other: 2.5ms
[127.774s][info][gc,heap       ] GC(35) Eden regions: 439->0(501)
[127.775s][info][gc,heap       ] GC(35) Survivor regions: 13->19(57)
[127.776s][info][gc,heap       ] GC(35) Old regions: 154->154
[127.776s][info][gc,heap       ] GC(35) Humongous regions: 14->14
[127.777s][info][gc,metaspace  ] GC(35) Metaspace: 249976K->249976K(1271808K)
[127.777s][info][gc            ] GC(35) Pause Young (Normal) (G1 Evacuation Pause) 1239M->373M(1842M) 36.453ms
[127.778s][info][gc,cpu        ] GC(35) User=0.12s Sys=0.02s Real=0.04s
[133.152s][info][gc,start      ] GC(36) Pause Young (Normal) (G1 Evacuation Pause)
[133.153s][info][gc,task       ] GC(36) Using 9 workers of 9 for evacuation
[133.181s][info][gc,phases     ] GC(36)   Pre Evacuate Collection Set: 0.1ms
[133.182s][info][gc,phases     ] GC(36)   Evacuate Collection Set: 21.7ms
[133.183s][info][gc,phases     ] GC(36)   Post Evacuate Collection Set: 5.3ms
[133.183s][info][gc,phases     ] GC(36)   Other: 1.7ms
[133.184s][info][gc,heap       ] GC(36) Eden regions: 501->0(524)
[133.185s][info][gc,heap       ] GC(36) Survivor regions: 19->28(65)
[133.186s][info][gc,heap       ] GC(36) Old regions: 154->154
[133.186s][info][gc,heap       ] GC(36) Humongous regions: 14->14
[133.187s][info][gc,metaspace  ] GC(36) Metaspace: 252647K->252647K(1273856K)
[133.188s][info][gc            ] GC(36) Pause Young (Normal) (G1 Evacuation Pause) 1375M->391M(1842M) 35.283ms
[133.188s][info][gc,cpu        ] GC(36) User=0.14s Sys=0.03s Real=0.04s
[137.178s][info][gc,start      ] GC(37) Pause Young (Normal) (G1 Evacuation Pause)
[137.178s][info][gc,task       ] GC(37) Using 9 workers of 9 for evacuation
[137.213s][info][gc,phases     ] GC(37)   Pre Evacuate Collection Set: 0.1ms
[137.215s][info][gc,phases     ] GC(37)   Evacuate Collection Set: 28.7ms
[137.215s][info][gc,phases     ] GC(37)   Post Evacuate Collection Set: 5.3ms
[137.216s][info][gc,phases     ] GC(37)   Other: 1.9ms
[137.217s][info][gc,heap       ] GC(37) Eden regions: 524->0(520)
[137.217s][info][gc,heap       ] GC(37) Survivor regions: 28->32(69)
[137.218s][info][gc,heap       ] GC(37) Old regions: 154->154
[137.219s][info][gc,heap       ] GC(37) Humongous regions: 14->14
[137.219s][info][gc,metaspace  ] GC(37) Metaspace: 252802K->252802K(1275904K)
[137.220s][info][gc            ] GC(37) Pause Young (Normal) (G1 Evacuation Pause) 1439M->399M(1842M) 42.435ms
[137.221s][info][gc,cpu        ] GC(37) User=0.14s Sys=0.04s Real=0.04s
[140.732s][info][gc,start      ] GC(38) Pause Young (Normal) (G1 Evacuation Pause)
[140.734s][info][gc,task       ] GC(38) Using 9 workers of 9 for evacuation
[140.768s][info][gc,phases     ] GC(38)   Pre Evacuate Collection Set: 0.2ms
[140.769s][info][gc,phases     ] GC(38)   Evacuate Collection Set: 26.8ms
[140.770s][info][gc,phases     ] GC(38)   Post Evacuate Collection Set: 5.7ms
[140.770s][info][gc,phases     ] GC(38)   Other: 3.3ms
[140.771s][info][gc,heap       ] GC(38) Eden regions: 520->0(516)
[140.772s][info][gc,heap       ] GC(38) Survivor regions: 32->36(69)
[140.772s][info][gc,heap       ] GC(38) Old regions: 154->154
[140.773s][info][gc,heap       ] GC(38) Humongous regions: 14->14
[140.773s][info][gc,metaspace  ] GC(38) Metaspace: 252828K->252828K(1275904K)
[140.774s][info][gc            ] GC(38) Pause Young (Normal) (G1 Evacuation Pause) 1439M->408M(1842M) 41.544ms
[140.774s][info][gc,cpu        ] GC(38) User=0.17s Sys=0.02s Real=0.05s
[143.950s][info][gc,start      ] GC(39) Pause Young (Normal) (G1 Evacuation Pause)
[143.951s][info][gc,task       ] GC(39) Using 9 workers of 9 for evacuation
[143.996s][info][gc,phases     ] GC(39)   Pre Evacuate Collection Set: 0.1ms
[143.997s][info][gc,phases     ] GC(39)   Evacuate Collection Set: 37.2ms
[143.998s][info][gc,phases     ] GC(39)   Post Evacuate Collection Set: 6.7ms
[143.999s][info][gc,phases     ] GC(39)   Other: 2.2ms
[144.000s][info][gc,heap       ] GC(39) Eden regions: 516->0(519)
[144.000s][info][gc,heap       ] GC(39) Survivor regions: 36->33(69)
[144.001s][info][gc,heap       ] GC(39) Old regions: 154->163
[144.002s][info][gc,heap       ] GC(39) Humongous regions: 14->14
[144.003s][info][gc,metaspace  ] GC(39) Metaspace: 252846K->252846K(1275904K)
[144.003s][info][gc            ] GC(39) Pause Young (Normal) (G1 Evacuation Pause) 1440M->417M(1842M) 53.493ms
[144.004s][info][gc,cpu        ] GC(39) User=0.25s Sys=0.05s Real=0.06s
[147.890s][info][gc,start      ] GC(40) Pause Young (Normal) (G1 Evacuation Pause)
[147.891s][info][gc,task       ] GC(40) Using 9 workers of 9 for evacuation
[147.919s][info][gc,phases     ] GC(40)   Pre Evacuate Collection Set: 0.1ms
[147.920s][info][gc,phases     ] GC(40)   Evacuate Collection Set: 22.7ms
[147.921s][info][gc,phases     ] GC(40)   Post Evacuate Collection Set: 4.6ms
[147.921s][info][gc,phases     ] GC(40)   Other: 1.8ms
[147.922s][info][gc,heap       ] GC(40) Eden regions: 519->0(515)
[147.922s][info][gc,heap       ] GC(40) Survivor regions: 33->37(69)
[147.923s][info][gc,heap       ] GC(40) Old regions: 163->163
[147.924s][info][gc,heap       ] GC(40) Humongous regions: 14->14
[147.924s][info][gc,metaspace  ] GC(40) Metaspace: 253963K->253963K(1275904K)
[147.925s][info][gc            ] GC(40) Pause Young (Normal) (G1 Evacuation Pause) 1455M->425M(1842M) 35.393ms
[147.926s][info][gc,cpu        ] GC(40) User=0.14s Sys=0.02s Real=0.04s
[150.866s][info][gc,start      ] GC(41) Pause Young (Normal) (G1 Evacuation Pause)
[150.867s][info][gc,task       ] GC(41) Using 9 workers of 9 for evacuation
[150.905s][info][gc,phases     ] GC(41)   Pre Evacuate Collection Set: 0.1ms
[150.906s][info][gc,phases     ] GC(41)   Evacuate Collection Set: 31.5ms
[150.907s][info][gc,phases     ] GC(41)   Post Evacuate Collection Set: 5.7ms
[150.908s][info][gc,phases     ] GC(41)   Other: 2.0ms
[150.908s][info][gc,heap       ] GC(41) Eden regions: 515->0(514)
[150.909s][info][gc,heap       ] GC(41) Survivor regions: 37->38(69)
[150.910s][info][gc,heap       ] GC(41) Old regions: 163->163
[150.911s][info][gc,heap       ] GC(41) Humongous regions: 14->14
[150.911s][info][gc,metaspace  ] GC(41) Metaspace: 254172K->254172K(1275904K)
[150.912s][info][gc            ] GC(41) Pause Young (Normal) (G1 Evacuation Pause) 1455M->427M(1842M) 46.146ms
[150.912s][info][gc,cpu        ] GC(41) User=0.20s Sys=0.04s Real=0.04s
[154.491s][info][gc,start      ] GC(42) Pause Young (Normal) (G1 Evacuation Pause)
[154.493s][info][gc,task       ] GC(42) Using 9 workers of 9 for evacuation
[154.521s][info][gc,phases     ] GC(42)   Pre Evacuate Collection Set: 0.1ms
[154.522s][info][gc,phases     ] GC(42)   Evacuate Collection Set: 22.4ms
[154.523s][info][gc,phases     ] GC(42)   Post Evacuate Collection Set: 4.8ms
[154.523s][info][gc,phases     ] GC(42)   Other: 2.3ms
[154.524s][info][gc,heap       ] GC(42) Eden regions: 514->0(518)
[154.524s][info][gc,heap       ] GC(42) Survivor regions: 38->34(69)
[154.525s][info][gc,heap       ] GC(42) Old regions: 163->171
[154.525s][info][gc,heap       ] GC(42) Humongous regions: 14->4
[154.526s][info][gc,metaspace  ] GC(42) Metaspace: 258312K->258312K(1280000K)
[154.527s][info][gc            ] GC(42) Pause Young (Normal) (G1 Evacuation Pause) 1455M->417M(1842M) 35.053ms
[154.527s][info][gc,cpu        ] GC(42) User=0.18s Sys=0.03s Real=0.04s
[158.345s][info][gc,start      ] GC(43) Pause Young (Normal) (G1 Evacuation Pause)
[158.346s][info][gc,task       ] GC(43) Using 9 workers of 9 for evacuation
[158.376s][info][gc,phases     ] GC(43)   Pre Evacuate Collection Set: 0.1ms
[158.377s][info][gc,phases     ] GC(43)   Evacuate Collection Set: 23.0ms
[158.378s][info][gc,phases     ] GC(43)   Post Evacuate Collection Set: 5.5ms
[158.378s][info][gc,phases     ] GC(43)   Other: 2.2ms
[158.379s][info][gc,heap       ] GC(43) Eden regions: 518->0(514)
[158.379s][info][gc,heap       ] GC(43) Survivor regions: 34->38(69)
[158.380s][info][gc,heap       ] GC(43) Old regions: 171->171
[158.381s][info][gc,heap       ] GC(43) Humongous regions: 4->4
[158.381s][info][gc,metaspace  ] GC(43) Metaspace: 259373K->259373K(1280000K)
[158.382s][info][gc            ] GC(43) Pause Young (Normal) (G1 Evacuation Pause) 1453M->424M(1842M) 36.538ms
[158.382s][info][gc,cpu        ] GC(43) User=0.13s Sys=0.03s Real=0.03s
[163.466s][info][gc,start      ] GC(44) Pause Young (Normal) (G1 Evacuation Pause)
[163.467s][info][gc,task       ] GC(44) Using 9 workers of 9 for evacuation
[163.509s][info][gc,phases     ] GC(44)   Pre Evacuate Collection Set: 0.2ms
[163.510s][info][gc,phases     ] GC(44)   Evacuate Collection Set: 36.5ms
[163.511s][info][gc,phases     ] GC(44)   Post Evacuate Collection Set: 4.2ms
[163.512s][info][gc,phases     ] GC(44)   Other: 2.3ms
[163.512s][info][gc,heap       ] GC(44) Eden regions: 514->0(518)
[163.513s][info][gc,heap       ] GC(44) Survivor regions: 38->34(69)
[163.513s][info][gc,heap       ] GC(44) Old regions: 171->176
[163.514s][info][gc,heap       ] GC(44) Humongous regions: 4->4
[163.514s][info][gc,metaspace  ] GC(44) Metaspace: 261492K->261492K(1282048K)
[163.515s][info][gc            ] GC(44) Pause Young (Normal) (G1 Evacuation Pause) 1452M->428M(1842M) 48.367ms
[163.515s][info][gc,cpu        ] GC(44) User=0.13s Sys=0.03s Real=0.05s
[165.907s][info][gc,start      ] GC(45) Pause Young (Normal) (G1 Evacuation Pause)
[165.908s][info][gc,task       ] GC(45) Using 9 workers of 9 for evacuation
[165.935s][info][gc,phases     ] GC(45)   Pre Evacuate Collection Set: 0.1ms
[165.936s][info][gc,phases     ] GC(45)   Evacuate Collection Set: 20.9ms
[165.936s][info][gc,phases     ] GC(45)   Post Evacuate Collection Set: 4.5ms
[165.937s][info][gc,phases     ] GC(45)   Other: 2.4ms
[165.937s][info][gc,heap       ] GC(45) Eden regions: 518->0(516)
[165.938s][info][gc,heap       ] GC(45) Survivor regions: 34->36(69)
[165.939s][info][gc,heap       ] GC(45) Old regions: 176->176
[165.940s][info][gc,heap       ] GC(45) Humongous regions: 4->4
[165.940s][info][gc,metaspace  ] GC(45) Metaspace: 261510K->261510K(1282048K)
[165.941s][info][gc            ] GC(45) Pause Young (Normal) (G1 Evacuation Pause) 1464M->432M(1842M) 34.094ms
[165.942s][info][gc,cpu        ] GC(45) User=0.15s Sys=0.02s Real=0.03s
[170.368s][info][gc,start      ] GC(46) Pause Young (Normal) (G1 Evacuation Pause)
[170.369s][info][gc,task       ] GC(46) Using 9 workers of 9 for evacuation
[170.403s][info][gc,phases     ] GC(46)   Pre Evacuate Collection Set: 0.1ms
[170.404s][info][gc,phases     ] GC(46)   Evacuate Collection Set: 27.5ms
[170.404s][info][gc,phases     ] GC(46)   Post Evacuate Collection Set: 5.8ms
[170.405s][info][gc,phases     ] GC(46)   Other: 1.9ms
[170.406s][info][gc,heap       ] GC(46) Eden regions: 516->0(516)
[170.407s][info][gc,heap       ] GC(46) Survivor regions: 36->36(69)
[170.407s][info][gc,heap       ] GC(46) Old regions: 176->176
[170.408s][info][gc,heap       ] GC(46) Humongous regions: 4->2
[170.408s][info][gc,metaspace  ] GC(46) Metaspace: 261680K->261680K(1282048K)
[170.409s][info][gc            ] GC(46) Pause Young (Normal) (G1 Evacuation Pause) 1464M->428M(1842M) 41.286ms
[170.410s][info][gc,cpu        ] GC(46) User=0.19s Sys=0.03s Real=0.04s
[174.510s][info][gc,start      ] GC(47) Pause Young (Normal) (G1 Evacuation Pause)
[174.511s][info][gc,task       ] GC(47) Using 9 workers of 9 for evacuation
[174.542s][info][gc,phases     ] GC(47)   Pre Evacuate Collection Set: 0.1ms
[174.543s][info][gc,phases     ] GC(47)   Evacuate Collection Set: 23.8ms
[174.543s][info][gc,phases     ] GC(47)   Post Evacuate Collection Set: 5.7ms
[174.544s][info][gc,phases     ] GC(47)   Other: 2.5ms
[174.545s][info][gc,heap       ] GC(47) Eden regions: 516->0(514)
[174.545s][info][gc,heap       ] GC(47) Survivor regions: 36->38(69)
[174.546s][info][gc,heap       ] GC(47) Old regions: 176->176
[174.547s][info][gc,heap       ] GC(47) Humongous regions: 2->2
[174.547s][info][gc,metaspace  ] GC(47) Metaspace: 261753K->261753K(1282048K)
[174.548s][info][gc            ] GC(47) Pause Young (Normal) (G1 Evacuation Pause) 1460M->432M(1842M) 37.843ms
[174.548s][info][gc,cpu        ] GC(47) User=0.15s Sys=0.03s Real=0.04s
[178.199s][info][gc,start      ] GC(48) Pause Young (Normal) (G1 Evacuation Pause)
[178.200s][info][gc,task       ] GC(48) Using 9 workers of 9 for evacuation
[178.247s][info][gc,phases     ] GC(48)   Pre Evacuate Collection Set: 0.1ms
[178.248s][info][gc,phases     ] GC(48)   Evacuate Collection Set: 40.4ms
[178.249s][info][gc,phases     ] GC(48)   Post Evacuate Collection Set: 5.5ms
[178.250s][info][gc,phases     ] GC(48)   Other: 2.3ms
[178.250s][info][gc,heap       ] GC(48) Eden regions: 514->0(515)
[178.251s][info][gc,heap       ] GC(48) Survivor regions: 38->37(69)
[178.252s][info][gc,heap       ] GC(48) Old regions: 176->179
[178.252s][info][gc,heap       ] GC(48) Humongous regions: 5->5
[178.253s][info][gc,metaspace  ] GC(48) Metaspace: 261796K->261796K(1282048K)
[178.253s][info][gc            ] GC(48) Pause Young (Normal) (G1 Evacuation Pause) 1466M->440M(1842M) 54.221ms
[178.254s][info][gc,cpu        ] GC(48) User=0.17s Sys=0.03s Real=0.06s
[182.436s][info][gc,start      ] GC(49) Pause Young (Normal) (G1 Evacuation Pause)
[182.437s][info][gc,task       ] GC(49) Using 9 workers of 9 for evacuation
[182.468s][info][gc,phases     ] GC(49)   Pre Evacuate Collection Set: 0.1ms
[182.470s][info][gc,phases     ] GC(49)   Evacuate Collection Set: 23.7ms
[182.470s][info][gc,phases     ] GC(49)   Post Evacuate Collection Set: 6.2ms
[182.471s][info][gc,phases     ] GC(49)   Other: 2.2ms
[182.472s][info][gc,heap       ] GC(49) Eden regions: 515->0(514)
[182.472s][info][gc,heap       ] GC(49) Survivor regions: 37->38(69)
[182.473s][info][gc,heap       ] GC(49) Old regions: 179->179
[182.473s][info][gc,heap       ] GC(49) Humongous regions: 5->5
[182.474s][info][gc,metaspace  ] GC(49) Metaspace: 261873K->261873K(1284096K)
[182.474s][info][gc            ] GC(49) Pause Young (Normal) (G1 Evacuation Pause) 1470M->443M(1842M) 38.216ms
[182.475s][info][gc,cpu        ] GC(49) User=0.19s Sys=0.03s Real=0.04s
[186.200s][info][gc,start      ] GC(50) Pause Young (Normal) (G1 Evacuation Pause)
[186.201s][info][gc,task       ] GC(50) Using 9 workers of 9 for evacuation
[186.228s][info][gc,phases     ] GC(50)   Pre Evacuate Collection Set: 0.1ms
[186.229s][info][gc,phases     ] GC(50)   Evacuate Collection Set: 20.1ms
[186.229s][info][gc,phases     ] GC(50)   Post Evacuate Collection Set: 5.0ms
[186.230s][info][gc,phases     ] GC(50)   Other: 2.9ms
[186.231s][info][gc,heap       ] GC(50) Eden regions: 514->0(516)
[186.231s][info][gc,heap       ] GC(50) Survivor regions: 38->36(69)
[186.232s][info][gc,heap       ] GC(50) Old regions: 179->183
[186.232s][info][gc,heap       ] GC(50) Humongous regions: 5->5
[186.233s][info][gc,metaspace  ] GC(50) Metaspace: 261880K->261880K(1284096K)
[186.234s][info][gc            ] GC(50) Pause Young (Normal) (G1 Evacuation Pause) 1471M->445M(1842M) 33.692ms
[186.234s][info][gc,cpu        ] GC(50) User=0.16s Sys=0.03s Real=0.04s
[189.475s][info][gc,start      ] GC(51) Pause Young (Normal) (G1 Evacuation Pause)
[189.477s][info][gc,task       ] GC(51) Using 9 workers of 9 for evacuation
[189.500s][info][gc,phases     ] GC(51)   Pre Evacuate Collection Set: 0.1ms
[189.501s][info][gc,phases     ] GC(51)   Evacuate Collection Set: 17.3ms
[189.501s][info][gc,phases     ] GC(51)   Post Evacuate Collection Set: 4.2ms
[189.502s][info][gc,phases     ] GC(51)   Other: 2.9ms
[189.503s][info][gc,heap       ] GC(51) Eden regions: 516->0(516)
[189.503s][info][gc,heap       ] GC(51) Survivor regions: 36->36(69)
[189.504s][info][gc,heap       ] GC(51) Old regions: 183->183
[189.504s][info][gc,heap       ] GC(51) Humongous regions: 5->5
[189.505s][info][gc,metaspace  ] GC(51) Metaspace: 261892K->261892K(1284096K)
[189.505s][info][gc            ] GC(51) Pause Young (Normal) (G1 Evacuation Pause) 1477M->446M(1842M) 30.245ms
[189.506s][info][gc,cpu        ] GC(51) User=0.14s Sys=0.03s Real=0.03s
[193.651s][info][gc,start      ] GC(52) Pause Young (Normal) (G1 Evacuation Pause)
[193.652s][info][gc,task       ] GC(52) Using 9 workers of 9 for evacuation
[193.677s][info][gc,phases     ] GC(52)   Pre Evacuate Collection Set: 0.1ms
[193.678s][info][gc,phases     ] GC(52)   Evacuate Collection Set: 19.5ms
[193.679s][info][gc,phases     ] GC(52)   Post Evacuate Collection Set: 4.9ms
[193.680s][info][gc,phases     ] GC(52)   Other: 1.8ms
[193.680s][info][gc,heap       ] GC(52) Eden regions: 516->0(515)
[193.681s][info][gc,heap       ] GC(52) Survivor regions: 36->37(69)
[193.681s][info][gc,heap       ] GC(52) Old regions: 183->183
[193.682s][info][gc,heap       ] GC(52) Humongous regions: 5->5
[193.682s][info][gc,metaspace  ] GC(52) Metaspace: 261909K->261909K(1284096K)
[193.683s][info][gc            ] GC(52) Pause Young (Normal) (G1 Evacuation Pause) 1478M->448M(1842M) 31.908ms
[193.684s][info][gc,cpu        ] GC(52) User=0.16s Sys=0.03s Real=0.04s
[197.389s][info][gc,start      ] GC(53) Pause Young (Normal) (G1 Evacuation Pause)
[197.391s][info][gc,task       ] GC(53) Using 9 workers of 9 for evacuation
[197.420s][info][gc,phases     ] GC(53)   Pre Evacuate Collection Set: 0.1ms
[197.421s][info][gc,phases     ] GC(53)   Evacuate Collection Set: 23.5ms
[197.422s][info][gc,phases     ] GC(53)   Post Evacuate Collection Set: 4.4ms
[197.422s][info][gc,phases     ] GC(53)   Other: 2.6ms
[197.423s][info][gc,heap       ] GC(53) Eden regions: 515->0(518)
[197.424s][info][gc,heap       ] GC(53) Survivor regions: 37->34(69)
[197.425s][info][gc,heap       ] GC(53) Old regions: 183->186
[197.425s][info][gc,heap       ] GC(53) Humongous regions: 5->5
[197.426s][info][gc,metaspace  ] GC(53) Metaspace: 261909K->261909K(1284096K)
[197.426s][info][gc            ] GC(53) Pause Young (Normal) (G1 Evacuation Pause) 1478M->448M(1842M) 36.887ms
[197.427s][info][gc,cpu        ] GC(53) User=0.16s Sys=0.03s Real=0.04s
[200.800s][info][gc,start      ] GC(54) Pause Young (Normal) (G1 Evacuation Pause)
[200.801s][info][gc,task       ] GC(54) Using 9 workers of 9 for evacuation
[200.824s][info][gc,phases     ] GC(54)   Pre Evacuate Collection Set: 0.1ms
[200.825s][info][gc,phases     ] GC(54)   Evacuate Collection Set: 16.7ms
[200.825s][info][gc,phases     ] GC(54)   Post Evacuate Collection Set: 5.1ms
[200.826s][info][gc,phases     ] GC(54)   Other: 2.3ms
[200.827s][info][gc,heap       ] GC(54) Eden regions: 518->0(516)
[200.827s][info][gc,heap       ] GC(54) Survivor regions: 34->36(69)
[200.828s][info][gc,heap       ] GC(54) Old regions: 186->186
[200.828s][info][gc,heap       ] GC(54) Humongous regions: 5->5
[200.829s][info][gc,metaspace  ] GC(54) Metaspace: 261971K->261971K(1284096K)
[200.829s][info][gc            ] GC(54) Pause Young (Normal) (G1 Evacuation Pause) 1484M->453M(1842M) 29.559ms
[200.830s][info][gc,cpu        ] GC(54) User=0.13s Sys=0.03s Real=0.03s
[203.962s][info][gc,start      ] GC(55) Pause Young (Normal) (G1 Evacuation Pause)
[203.963s][info][gc,task       ] GC(55) Using 9 workers of 9 for evacuation
[203.999s][info][gc,phases     ] GC(55)   Pre Evacuate Collection Set: 0.1ms
[204.000s][info][gc,phases     ] GC(55)   Evacuate Collection Set: 29.2ms
[204.001s][info][gc,phases     ] GC(55)   Post Evacuate Collection Set: 5.7ms
[204.001s][info][gc,phases     ] GC(55)   Other: 2.8ms
[204.002s][info][gc,heap       ] GC(55) Eden regions: 516->0(516)
[204.003s][info][gc,heap       ] GC(55) Survivor regions: 36->36(69)
[204.003s][info][gc,heap       ] GC(55) Old regions: 186->189
[204.004s][info][gc,heap       ] GC(55) Humongous regions: 6->5
[204.004s][info][gc,metaspace  ] GC(55) Metaspace: 262002K->262002K(1284096K)
[204.005s][info][gc            ] GC(55) Pause Young (Normal) (G1 Evacuation Pause) 1487M->458M(1842M) 43.480ms
[204.006s][info][gc,cpu        ] GC(55) User=0.13s Sys=0.03s Real=0.05s
[206.884s][info][gc,start      ] GC(56) Pause Young (Normal) (G1 Evacuation Pause)
[206.885s][info][gc,task       ] GC(56) Using 9 workers of 9 for evacuation
[206.921s][info][gc,phases     ] GC(56)   Pre Evacuate Collection Set: 0.1ms
[206.922s][info][gc,phases     ] GC(56)   Evacuate Collection Set: 27.4ms
[206.922s][info][gc,phases     ] GC(56)   Post Evacuate Collection Set: 7.5ms
[206.923s][info][gc,phases     ] GC(56)   Other: 2.1ms
[206.924s][info][gc,heap       ] GC(56) Eden regions: 516->0(519)
[206.924s][info][gc,heap       ] GC(56) Survivor regions: 36->33(69)
[206.925s][info][gc,heap       ] GC(56) Old regions: 189->191
[206.925s][info][gc,heap       ] GC(56) Humongous regions: 5->5
[206.926s][info][gc,metaspace  ] GC(56) Metaspace: 262019K->262019K(1284096K)
[206.927s][info][gc            ] GC(56) Pause Young (Normal) (G1 Evacuation Pause) 1490M->456M(1842M) 42.622ms
[206.927s][info][gc,cpu        ] GC(56) User=0.14s Sys=0.04s Real=0.04s
[209.939s][info][gc,heap,exit  ] Heap
[209.940s][info][gc,heap,exit  ]  garbage-first heap   total 1886208K, used 1247416K [0x0000000489200000, 0x0000000800000000)
[209.940s][info][gc,heap,exit  ]   region size 2048K, 408 young (835584K), 33 survivors (67584K)
[209.941s][info][gc,heap,exit  ]  Metaspace       used 265873K, capacity 276324K, committed 276464K, reserved 1286144K
[209.942s][info][gc,heap,exit  ]   class space    used 35202K, capacity 39073K, committed 39140K, reserved 1048576K
